02-25 15:23:07.624   224   224 D QCameraHWI:  2560  1536
02-25 15:23:07.624   224   224 D QCameraHWI:  2048  1536
02-25 15:23:07.624   224   224 D QCameraHWI:  2240  1344
02-25 15:23:07.624   224   224 D QCameraHWI:  2304  1296
02-25 15:23:07.624   224   224 D QCameraHWI:  1920  1080
02-25 15:23:07.624   224   224 D QCameraHWI:  1600  1200
02-25 15:23:07.624   224   224 D QCameraHWI:  1536  864
02-25 15:23:07.624   224   224 D QCameraHWI:  1280  960
02-25 15:23:07.624   224   224 D QCameraHWI:  1280  768
02-25 15:23:07.624   224   224 D QCameraHWI:  1280  720
02-25 15:23:07.624   224   224 D QCameraHWI:  1024  768
02-25 15:23:07.624   224   224 D QCameraHWI:  800  600
02-25 15:23:07.624   224   224 D QCameraHWI:  800  480
02-25 15:23:07.624   224   224 D QCameraHWI:  640  480
02-25 15:23:07.624   224   224 D QCameraHWI:  352  288
02-25 15:23:07.624   224   224 D QCameraHWI:  320  240
02-25 15:23:07.624   224   224 D QCameraHWI:  176  144
02-25 15:23:07.624   224   224 D QCameraHWI_Parm: android::status_t android::QCameraHardwareInterface::setPreviewSizeTable(): Max Preview Sizes Supported: 1632 X 1224
02-25 15:23:07.624   224   224 D QCameraHWI_Parm: android::status_t android::QCameraHardwareInterface::setPreviewSizeTable(): Camera Preview Size Table Max width: 1280 height 720 table_size: 14
02-25 15:23:07.625   224   224 D QCameraHWI_Parm: KEY_PREFERRED_PREVIEW_SIZE_FOR_VIDEO = 1280x720
02-25 15:23:07.625   224   224 D QCameraHWI: android::QCameraHardwareInterface::QCameraHardwareInterface(int, int): Preview table size: 14
02-25 15:23:07.625   224   224 D QCameraHWI: android::QCameraHardwareInterface::QCameraHardwareInterface(int, int): Preview table: 
02-25 15:23:07.625   224   224 D QCameraHWI:  1280  720
02-25 15:23:07.625   224   224 D QCameraHWI:  864  480
02-25 15:23:07.625   224   224 D QCameraHWI:  800  480
02-25 15:23:07.625   224   224 D QCameraHWI:  768  432
02-25 15:23:07.625   224   224 D QCameraHWI:  720  480
02-25 15:23:07.625   224   224 D QCameraHWI:  640  480
02-25 15:23:07.625   224   224 D QCameraHWI:  576  432
02-25 15:23:07.625   224   224 D QCameraHWI:  480  320
02-25 15:23:07.625   224   224 D QCameraHWI:  432  240
02-25 15:23:07.625   224   224 D QCameraHWI:  384  288
02-25 15:23:07.625   224   224 D QCameraHWI:  352  288
02-25 15:23:07.625   224   224 D QCameraHWI:  320  240
02-25 15:23:07.625   224   224 D QCameraHWI:  240  160
02-25 15:23:07.625   224   224 D QCameraHWI:  176  144
02-25 15:23:07.625   224   224 D QCameraHWI_Parm: android::status_t android::QCameraHardwareInterface::setVideoSizeTable(): E
02-25 15:23:07.625   224   224 D QCameraHWI_Parm: android::status_t android::QCameraHardwareInterface::setVideoSizeTable(): Max Video Size Supported: 1632 X 1224
02-25 15:23:07.625   224   224 D QCameraHWI_Parm: android::status_t android::QCameraHardwareInterface::setVideoSizeTable(): Supported Video Size [0] = 1280x720
02-25 15:23:07.626   224   224 D QCameraHWI_Parm: android::status_t android::QCameraHardwareInterface::setVideoSizeTable(): Supported Video Size [1] = 864x480
02-25 15:23:07.626   224   224 D QCameraHWI_Parm: android::status_t android::QCameraHardwareInterface::setVideoSizeTable(): Supported Video Size [2] = 800x480
02-25 15:23:07.626   224   224 D QCameraHWI_Parm: android::status_t android::QCameraHardwareInterface::setVideoSizeTable(): Supported Video Size [3] = 768x432
02-25 15:23:07.626   224   224 D QCameraHWI_Parm: android::status_t android::QCameraHardwareInterface::setVideoSizeTable(): Supported Video Size [4] = 720x480
02-25 15:23:07.626   224   224 D QCameraHWI_Parm: android::status_t android::QCameraHardwareInterface::setVideoSizeTable(): Supported Video Size [5] = 640x480
02-25 15:23:07.626   224   224 D QCameraHWI_Parm: android::status_t android::QCameraHardwareInterface::setVideoSizeTable(): Supported Video Size [6] = 576x432
02-25 15:23:07.626   224   224 D QCameraHWI_Parm: android::status_t android::QCameraHardwareInterface::setVideoSizeTable(): Supported Video Size [7] = 480x320
02-25 15:23:07.626   224   224 D QCameraHWI_Parm: android::status_t android::QCameraHardwareInterface::setVideoSizeTable(): Supported Video Size [8] = 432x240
02-25 15:23:07.626   224   224 D QCameraHWI_Parm: android::status_t android::QCameraHardwareInterface::setVideoSizeTable(): Supported Video Size [9] = 384x288
02-25 15:23:07.626   224   224 D QCameraHWI_Parm: android::status_t android::QCameraHardwareInterface::setVideoSizeTable(): Supported Video Size [10] = 352x288
02-25 15:23:07.626   224   224 D QCameraHWI_Parm: android::status_t android::QCameraHardwareInterface::setVideoSizeTable(): Supported Video Size [11] = 320x240
02-25 15:23:07.626   224   224 D QCameraHWI_Parm: android::status_t android::QCameraHardwareInterface::setVideoSizeTable(): Supported Video Size [12] = 240x160
02-25 15:23:07.626   224   224 D QCameraHWI_Parm: android::status_t android::QCameraHardwareInterface::setVideoSizeTable(): Supported Video Size [13] = 176x144
02-25 15:23:07.626   224   224 D QCameraHWI_Parm: android::status_t android::QCameraHardwareInterface::setVideoSizeTable(): X
02-25 15:23:07.626   224   224 D QCameraHWI: android::QCameraHardwareInterface::QCameraHardwareInterface(int, int): Video table size: 14
02-25 15:23:07.626   224   224 D QCameraHWI: android::QCameraHardwareInterface::QCameraHardwareInterface(int, int): Video table: 
02-25 15:23:07.626   224   224 D QCameraHWI:  1280  720
02-25 15:23:07.626   224   224 D QCameraHWI:  864  480
02-25 15:23:07.627   224   224 D QCameraHWI:  800  480
02-25 15:23:07.627   224   224 D QCameraHWI:  768  432
02-25 15:23:07.627   224   224 D QCameraHWI:  720  480
02-25 15:23:07.627   224   224 D QCameraHWI:  640  480
02-25 15:23:07.627   224   224 D QCameraHWI:  576  432
02-25 15:23:07.627   224   224 D QCameraHWI:  480  320
02-25 15:23:07.627   224   224 D QCameraHWI:  432  240
02-25 15:23:07.627   224   224 D QCameraHWI:  384  288
02-25 15:23:07.627   224   224 D QCameraHWI:  352  288
02-25 15:23:07.627   224   224 D QCameraHWI:  320  240
02-25 15:23:07.627   224   224 D QCameraHWI:  240  160
02-25 15:23:07.627   224   224 D QCameraHWI:  176  144
02-25 15:23:07.627   224   224 I QCameraHWI: setMyMode: E
02-25 15:23:07.627   224   224 I QCameraHWI: setMyMode: Set mode to 5 (passed mode: 0)
02-25 15:23:07.627   224   224 I QCameraHWI: setMyMode: X
02-25 15:23:07.627   224   224 I QCameraHWI_Parm: void android::QCameraHardwareInterface::initDefaultParameters(): E
02-25 15:23:07.627   224   224 D QCameraHWI_Parm: bool android::QCameraHardwareInterface::getMaxPictureDimension(mm_camera_dimension_t*): Found Max Picture dimension: 3200 x 2400
02-25 15:23:07.627   224   224 I QCameraHWI_Parm: bool android::QCameraHardwareInterface::native_set_parms(mm_camera_parm_type_t, uint16_t, void*) : type : 3 Value : 71305088
02-25 15:23:07.636   282   513 E mm-camera: mctl_init_stats_proc_info: snap_max_line_cnt =30840
02-25 15:23:07.639   224   224 D QCameraHWI_Parm: sensor fps range = (10.023149, 29.523438)
02-25 15:23:07.639   224   224 E QCameraHWI_Parm: max sensor fps range after correction = (10.023148, 29.523438)
02-25 15:23:07.640   224   224 D QCameraHWI_Parm: supported fps ranges = (10000,10000),(15000,15000),(20000,20000),(10000,30000),(15000,30000),(30000,30000)
02-25 15:23:07.640   224   224 I QCameraHWI_Parm: Max Zoom:61
02-25 15:23:07.641   224   224 I QCameraHWI_Parm: Zoom supported:1
02-25 15:23:07.644   224   224 I QCameraHWI_Parm: max zoom is 60
02-25 15:23:07.646   282   513 E mm-camera: config_proc_CAMERA_GET_PARM_FOCAL_LENGTH Focal length of the sensor = 4.920000 
02-25 15:23:07.660   241   241 I netmgrd : type=1400 audit(0.0:83): avc: denied { sys_module } for capability=16 scontext=u:r:init:s0 tcontext=u:r:init:s0 tclass=capability permissive=1
02-25 15:23:07.664   282   513 E mm-camera: config_proc_CAMERA_GET_PARM_HORIZONTAL_VIEW_ANGLE Horizontal view angle of the sensor = 55.400002 
02-25 15:23:07.664   282   513 E mm-camera: config_proc_CAMERA_GET_PARM_VERTICAL_VIEW_ANGLE Vertical view angle of the sensor = 42.700001 
02-25 15:23:07.665   224   224 I QCameraHWI_Parm: int android::QCameraHardwareInterface::getZSLQueueDepth() const: prop = 2
02-25 15:23:07.665   224   224 I QCameraHWI_Parm: int android::QCameraHardwareInterface::getZSLQueueDepth() const: prop = 2
02-25 15:23:07.665   224   224 I QCameraHWI_Parm: android::status_t android::QCameraHardwareInterface::setParameters(const android::QCameraParameters&): E
02-25 15:23:07.665   224   224 I QCameraHWI_Parm: ZSL is enabled  0
02-25 15:23:07.666   282   513 E mm-camera: config_proc_CAMERA_SET_CHANNEL_STREAM rc = 1, status = 1
02-25 15:23:07.666   282   513 E mm-camera: config_proc_CAMERA_GET_CHANNEL_STREAM Channel stream info = 0 
02-25 15:23:07.666   224   224 I QCameraHWI_Parm: Enable Normal Power Mode
02-25 15:23:07.666   224   224 I QCameraHWI_Parm: android::status_t android::QCameraHardwareInterface::setPowerMode(const android::QCameraParameters&): Calling sysinfo() 
02-25 15:23:07.667   224   224 I QCameraHWI_Parm: android::status_t android::QCameraHardwareInterface::setPowerMode(const android::QCameraParameters&): totalram = 669904896, freeram = 568532992 
02-25 15:23:07.667   224   224 I QCameraHWI_Parm: android::status_t android::QCameraHardwareInterface::setPowerMode(const android::QCameraParameters&) Low power mode Disabled value = 0
02-25 15:23:07.667   224   224 I QCameraHWI_Parm: bool android::QCameraHardwareInterface::native_set_parms(mm_camera_parm_type_t, uint16_t, void*) : type : 81 Value : 0
02-25 15:23:07.667   282   513 E mm-camera: config_proc_CAMERA_SET_LOW_POWER_MODE Low power mode enabled? : No 
02-25 15:23:07.667   224   224 I QCameraHWI_Parm: ################requested preview size 640 x 480
02-25 15:23:07.667   224   224 I QCameraHWI_Parm: setPreviewSize:  width: 640   heigh: 480
02-25 15:23:07.667   224   224 D QCameraHWI_Parm: android::status_t android::QCameraHardwareInterface::setVideoSize(const android::QCameraParameters&): E
02-25 15:23:07.667   224   224 I QCameraHWI_Parm: android::status_t android::QCameraHardwareInterface::setVideoSize(const android::QCameraParameters&): requested record size 1280x720
02-25 15:23:07.667   224   224 I QCameraHWI_Parm: android::status_t android::QCameraHardwareInterface::setVideoSize(const android::QCameraParameters&): preview dimensions: 640x480
02-25 15:23:07.668   224   224 I QCameraHWI_Parm: android::status_t android::QCameraHardwareInterface::setVideoSize(const android::QCameraParameters&): video dimensions: 1280x720
02-25 15:23:07.668   224   224 D QCameraHWI_Parm: android::status_t android::QCameraHardwareInterface::setVideoSize(const android::QCameraParameters&): X
02-25 15:23:07.668   224   224 D QCameraHWI_Parm: QualcommCameraHardware::setPictureSize E
02-25 15:23:07.668   224   224 I QCameraHWI_Parm: requested picture size 640 x 480
02-25 15:23:07.668   224   224 I QCameraHWI_Parm: requested jpeg thumbnail size 512 x 384
02-25 15:23:07.668   224   224 D QCameraHWI_Parm: setJpegQuality E
02-25 15:23:07.668   224   224 D QCameraHWI_Parm: setJpegQuality X
02-25 15:23:07.668   224   224 D QCameraHWI_Parm: android::status_t android::QCameraHardwareInterface::setEffect(const android::QCameraParameters&)
02-25 15:23:07.668   224   224 I QCameraHWI_Parm: Setting effect none
02-25 15:23:07.668   224   224 I QCameraHWI_Parm: Setting effect to lower HAL : 0
02-25 15:23:07.671   224   224 I QCameraHWI_Parm: native_set_parms: succeeded : 0
02-25 15:23:07.671   224   224 D QCameraHWI_Parm: setGpsLocation X
02-25 15:23:07.671   224   224 D QCameraHWI_Parm: setRotation
02-25 15:23:07.671   224   224 D QCameraHWI_Parm: android::status_t android::QCameraHardwareInterface::setZoom(const android::QCameraParameters&): E
02-25 15:23:07.671   224   224 E QCameraHWI_Parm: android::status_t android::QCameraHardwareInterface::setFaceZoom(const android::QCameraParameters&): Face Zoom Enabled Already
02-25 15:23:07.671   224   224 I QCameraHWI_Parm: bool android::QCameraHardwareInterface::native_set_parms(mm_camera_parm_type_t, uint16_t, void*) : type : 26 Value : 0
02-25 15:23:07.672   224   224 D QCameraHWI_Parm: android::status_t android::QCameraHardwareInterface::setZoom(const android::QCameraParameters&) X
02-25 15:23:07.672   224   224 I QCameraHWI_Parm: bool android::QCameraHardwareInterface::native_set_parms(mm_camera_parm_type_t, uint16_t, void*) : type : 16 Value : 3585
02-25 15:23:07.672   224   224 D QCameraHWI_Parm: android::status_t android::QCameraHardwareInterface::setMCEValue(const android::QCameraParameters&)
02-25 15:23:07.672   224   224 E QCameraHWI_Parm: MM_CAMERA_PARM_MCE mode is not supported for this sensor
02-25 15:23:07.672   224   224 D QCameraHWI_Parm: android::status_t android::QCameraHardwareInterface::setSharpness(const android::QCameraParameters&)
02-25 15:23:07.673   224   224 I QCameraHWI_Parm: bool android::QCameraHardwareInterface::native_set_parms(mm_camera_parm_type_t, uint16_t, void*) : type : 9 Value : 10
02-25 15:23:07.673   224   224 D QCameraHWI_Parm: android::status_t android::QCameraHardwareInterface::setSaturation(const android::QCameraParameters&)
02-25 15:23:07.673   224   224 I QCameraHWI_Parm: native_set_parms: succeeded : 0
02-25 15:23:07.673   224   224 D QCameraHWI_Parm: android::status_t android::QCameraHardwareInterface::setSceneMode(const android::QCameraParameters&)
02-25 15:23:07.673   224   224 I QCameraHWI_Parm: Scene Mode string : auto
02-25 15:23:07.673   224   224 I QCameraHWI_Parm: Setting Scenemode value = 0
02-25 15:23:07.673   224   224 I QCameraHWI_Parm: bool android::QCameraHardwareInterface::native_set_parms(mm_camera_parm_type_t, uint16_t, void*) : type : 25 Value : 0
02-25 15:23:07.674   224   224 D QCameraHWI_Parm: android::status_t android::QCameraHardwareInterface::setContrast(const android::QCameraParameters&) E
02-25 15:23:07.674   224   224 I QCameraHWI_Parm: Contrast : auto
02-25 15:23:07.674   224   224 D QCameraHWI_Parm: Calling Contrast set on Lower layer
02-25 15:23:07.674   224   224 I QCameraHWI_Parm: bool android::QCameraHardwareInterface::native_set_parms(mm_camera_parm_type_t, uint16_t, void*) : type : 10 Value : 5
02-25 15:23:07.674   224   224 I QCameraHWI_Parm: Lower layer returned 1
02-25 15:23:07.674   224   224 I QCameraHWI_Parm: setFaceDetect: off
02-25 15:23:07.675   224   224 I QCameraHWI_Parm: android::status_t android::QCameraHardwareInterface::setFaceDetect(const android::QCameraParameters&) Face detection value = 0, num_fd = 2
02-25 15:23:07.675   224   224 I QCameraHWI_Parm: bool android::QCameraHardwareInterface::native_set_parms(mm_camera_parm_type_t, uint16_t, void*) : type : 30 Value : 0
02-25 15:23:07.677   224   224 I QCameraHWI_Parm: bool android::QCameraHardwareInterface::native_set_parms(mm_camera_parm_type_t, uint16_t, void*) : type : 54 Value : 1
02-25 15:23:07.689   224   224 I QCameraHWI_Parm: Setting preview format to 1, i =0, num=4, hal_format=17
02-25 15:23:07.689   224   224 I QCameraHWI_Parm: Setting video format to yuv420spH
02-25 15:23:07.689   224   224 D QCameraHWI_Parm: android::status_t android::QCameraHardwareInterface::setSkinToneEnhancement(const android::QCameraParameters&)
02-25 15:23:07.689   224   224 E QCameraHWI_Parm: SkinToneEnhancement is not supported for this sensor
02-25 15:23:07.689   224   224 D QCameraHWI_Parm: android::status_t android::QCameraHardwareInterface::setWaveletDenoise(const android::QCameraParameters&)
02-25 15:23:07.689   224   224 E QCameraHWI_Parm: Denoise enable=1, plates=0
02-25 15:23:07.689   224   224 I QCameraHWI_Parm: bool android::QCameraHardwareInterface::native_set_parms(mm_camera_parm_type_t, uint16_t, void*) : type : 51 Value : 1
02-25 15:23:07.690   224   224 D QCameraHWI_Parm: android::status_t android::QCameraHardwareInterface::setAntibanding(const android::QCameraParameters&)
02-25 15:23:07.690   224   224 I QCameraHWI_Parm: Antibanding Value : 0
02-25 15:23:07.690   224   224 I QCameraHWI_Parm: native_set_parms: succeeded : 0
02-25 15:23:07.690   224   224 I QCameraHWI_Parm: setRedeyeReduction: setting Redeye Reduction value of disable
02-25 15:23:07.690   224   224 I QCameraHWI_Parm: bool android::QCameraHardwareInterface::native_set_parms(mm_camera_parm_type_t, uint16_t, void*) : type : 50 Value : 0
02-25 15:23:07.691   224   224 I QCameraHWI_Parm: in AE-bracket setting, effect is none
02-25 15:23:07.691   224   224 I QCameraHWI_Parm: color effect supported
02-25 15:23:07.691   224   224 I QCameraHWI_Parm: android::status_t android::QCameraHardwareInterface::setAEBracket(const android::QCameraParameters&): value=0
02-25 15:23:07.691   224   224 I QCameraHWI_Parm: bool android::QCameraHardwareInterface::native_set_parms(mm_camera_parm_type_t, uint16_t, void*) : type : 68 Value : 0
02-25 15:23:07.693   224   224 I QCameraHWI_Parm: android::status_t android::QCameraHardwareInterface::setPreviewFpsRange(const android::QCameraParameters&): Existing FpsRange Values:(30000, 30000)
02-25 15:23:07.693   224   224 I QCameraHWI_Parm: android::status_t android::QCameraHardwareInterface::setPreviewFpsRange(const android::QCameraParameters&): Requested FpsRange Values:(30000, 30000)
02-25 15:23:07.693   224   224 I QCameraHWI_Parm: FPS: i=5 : minFps = 30000, maxFps = 30000 
02-25 15:23:07.693   224   224 I QCameraHWI_Parm: android::status_t android::QCameraHardwareInterface::setPreviewFpsRange(const android::QCameraParameters&) FPS_MODE = frame-rate-fixed
02-25 15:23:07.693   224   224 I QCameraHWI_Parm: bool android::QCameraHardwareInterface::native_set_parms(mm_camera_parm_type_t, uint16_t, void*) : type : 5 Value : 1
02-25 15:23:07.699   224   224 I QCameraHWI_Parm: bool android::QCameraHardwareInterface::native_set_parms(mm_camera_parm_type_t, uint16_t, void*) : type : 4 Value : 1966110
02-25 15:23:07.699   224   224 I QCameraHWI_Parm: android::status_t android::QCameraHardwareInterface::setDISMode() DIS is Disabled value = 0
02-25 15:23:07.699   224   224 I QCameraHWI_Parm: bool android::QCameraHardwareInterface::native_set_parms(mm_camera_parm_type_t, uint16_t, void*) : type : 76 Value : 0
02-25 15:23:07.700   282   513 E mm-camera: config_proc_CAMERA_SET_DIS_ENABLE: DIS Enabled? : No 
02-25 15:23:07.700   224   224 I QCameraHWI_Parm: android::status_t android::QCameraHardwareInterface::setFullLiveshot() Full size liveshot Disabled value = 0
02-25 15:23:07.700   224   224 I QCameraHWI_Parm: bool android::QCameraHardwareInterface::native_set_parms(mm_camera_parm_type_t, uint16_t, void*) : type : 75 Value : 0
02-25 15:23:07.700   282   513 E mm-camera: config_proc_CAMERA_SET_FULL_LIVESHOT rc = 1, status = 1, Full Liveshot enabled? : No 
02-25 15:23:07.700   224   224 I QCameraHWI_Parm: int android::QCameraHardwareInterface::getNumOfSnapshots(const android::QCameraParameters&): prop enable/disable = 0
02-25 15:23:07.701   224   224 I QCameraHWI_Parm: number of snapshots = 1
02-25 15:23:07.701   224   224 I QCameraHWI_Parm: bool android::QCameraHardwareInterface::native_set_parms(mm_camera_parm_type_t, uint16_t, void*) : type : 64 Value : 1
02-25 15:23:07.701   224   224 D QCameraHWI_Parm: android::status_t android::QCameraHardwareInterface::setAecAwbLock(const android::QCameraParameters&) : E
02-25 15:23:07.701   224   224 I QCameraHWI_Parm: bool android::QCameraHardwareInterface::native_set_parms(mm_camera_parm_type_t, uint16_t, void*) : type : 77 Value : 0
02-25 15:23:07.705   224   224 I QCameraHWI_Parm: bool android::QCameraHardwareInterface::native_set_parms(mm_camera_parm_type_t, uint16_t, void*) : type : 78 Value : 0
02-25 15:23:07.706   224   224 D QCameraHWI_Parm: android::status_t android::QCameraHardwareInterface::setAecAwbLock(const android::QCameraParameters&) : X
02-25 15:23:07.706   224   224 D QCameraHWI_Parm: android::status_t android::QCameraHardwareInterface::setPreviewFrameRate(const android::QCameraParameters&): E
02-25 15:23:07.706   224   224 D QCameraHWI_Parm: android::status_t android::QCameraHardwareInterface::setPreviewFrameRate(const android::QCameraParameters&): X
02-25 15:23:07.706   224   224 D QCameraHWI_Parm: android::status_t android::QCameraHardwareInterface::setAutoExposure(const android::QCameraParameters&)
02-25 15:23:07.706   224   224 I QCameraHWI_Parm: bool android::QCameraHardwareInterface::native_set_parms(mm_camera_parm_type_t, uint16_t, void*) : type : 8 Value : 0
02-25 15:23:07.706   224   224 D QCameraHWI_Parm: android::status_t android::QCameraHardwareInterface::setExposureCompensation(const android::QCameraParameters&)
02-25 15:23:07.707   224   224 I QCameraHWI_Parm: bool android::QCameraHardwareInterface::native_set_parms(mm_camera_parm_type_t, uint16_t, void*) : type : 7 Value : 6
02-25 15:23:07.707   224   224 D QCameraHWI_Parm: android::status_t android::QCameraHardwareInterface::setWhiteBalance(const android::QCameraParameters&)
02-25 15:23:07.707   224   224 I QCameraHWI_Parm: native_set_parms: succeeded : 0
02-25 15:23:07.707   224   224 I QCameraHWI_Parm: android::status_t android::QCameraHardwareInterface::setFlash(const android::QCameraParameters&): E
02-25 15:23:07.707   224   224 I QCameraHWI_Parm: bool android::QCameraHardwareInterface::native_set_parms(mm_camera_parm_type_t, uint16_t, void*) : type : 14 Value : 0
02-25 15:23:07.714   224   224 D QCameraHWI_Parm: android::status_t android::QCameraHardwareInterface::setFocusMode(const android::QCameraParameters&)
02-25 15:23:07.714   224   224 I QCameraHWI_Parm: Focus mode auto
02-25 15:23:07.715   224   224 I QCameraHWI_Parm: updateFocusDistances: setting KEY_FOCUS_DISTANCES as 1.435333,2.559109,11.789700
02-25 15:23:07.715   224   224 I QCameraHWI_Parm: bool android::QCameraHardwareInterface::native_set_parms(mm_camera_parm_type_t, uint16_t, void*) : type : 96 Value : 2
02-25 15:23:07.715   224   224 I QCameraHWI_Parm: Continuous Auto Focus 0
02-25 15:23:07.715   224   224 I QCameraHWI_Parm: bool android::QCameraHardwareInterface::native_set_parms(mm_camera_parm_type_t, uint16_t, void*) : type : 17 Value : 0
02-25 15:23:07.716   224   224 D QCameraHWI_Parm: android::status_t android::QCameraHardwareInterface::setBrightness(const android::QCameraParameters&)
02-25 15:23:07.716   224   224 I QCameraHWI_Parm: bool android::QCameraHardwareInterface::native_set_parms(mm_camera_parm_type_t, uint16_t, void*) : type : 12 Value : 3
02-25 15:23:07.716   224   224 D QCameraHWI_Parm: android::status_t android::QCameraHardwareInterface::setISOValue(const android::QCameraParameters&)
02-25 15:23:07.716   224   224 I QCameraHWI_Parm: ISO string : auto
02-25 15:23:07.716   224   224 I QCameraHWI_Parm: ISO Value : 0
02-25 15:23:07.716   224   224 I QCameraHWI_Parm: bool android::QCameraHardwareInterface::native_set_parms(mm_camera_parm_type_t, uint16_t, void*) : type : 22 Value : 0
02-25 15:23:07.717   224   224 D QCameraHWI_Parm: android::status_t android::QCameraHardwareInterface::setFocusAreas(const android::QCameraParameters&): E
02-25 15:23:07.717   224   224 D QCameraHWI_Parm: FocusArea[0] = (0, 0, 0, 0, 0)
02-25 15:23:07.717   224   224 D QCameraHWI_Parm: android::status_t android::QCameraHardwareInterface::setMeteringAreas(const android::QCameraParameters&): E
02-25 15:23:07.717   224   224 D QCameraHWI_Parm: MeteringArea[0] = (0, 0, 0, 0, 0)
02-25 15:23:07.717   224   224 D QCameraHWI_Parm: android::status_t android::QCameraHardwareInterface::setSelectableZoneAf(const android::QCameraParameters&)
02-25 15:23:07.717   224   224 I QCameraHWI_Parm: bool android::QCameraHardwareInterface::native_set_parms(mm_camera_parm_type_t, uint16_t, void*) : type : 18 Value : 1
02-25 15:23:07.719   224   224 I QCameraHWI_Parm: bool android::QCameraHardwareInterface::native_set_parms(mm_camera_parm_type_t, uint16_t, void*) : type : 49 Value : 1
02-25 15:23:07.734   282   513 E mm-camera: config_proc_CAMERA_SET_PARM_HFR: HFR 1
02-25 15:23:07.734   224   224 I QCameraHWI_Parm: android::status_t android::QCameraHardwareInterface::setZSLBurstLookBack(const android::QCameraParameters&): look_back =0
02-25 15:23:07.734   224   224 I QCameraHWI_Parm: android::status_t android::QCameraHardwareInterface::setZSLBurstInterval(const android::QCameraParameters&): Interval =1
02-25 15:23:07.734   224   224 D QCameraHWI_Parm: Param mNoDisplayMode =0
02-25 15:23:07.734   224   224 E QCameraHWI_Parm: android::status_t android::QCameraHardwareInterface::setMobiCat(const android::QCameraParameters&):3646] prop 0 0
02-25 15:23:07.736   224   224 I QCameraHWI_Parm: android::status_t android::QCameraHardwareInterface::setParameters(const android::QCameraParameters&): X
02-25 15:23:07.736   224   224 I QCameraHWI_Parm: void android::QCameraHardwareInterface::initDefaultParameters(): X
02-25 15:23:07.736   224   224 I QCameraHWI: Mymode Preview = 5
02-25 15:23:07.736   224   224 D QCameraHWI_Preview: android::QCameraStream_preview::QCameraStream_preview(int, camera_mode_t): E
02-25 15:23:07.736   224   224 D QCameraHWI_Preview: android::QCameraStream_preview::QCameraStream_preview(int, camera_mode_t): X
02-25 15:23:07.737   224   224 E mm-libcamera2: mm_camera_ch_util_reg_buf_cb: Trying to register
02-25 15:23:07.737   224   224 E mm-libcamera2: mm_camera_ch_util_reg_buf_cb: Done register
02-25 15:23:07.737   224   224 I QCameraHWI: Mymode Record = 5
02-25 15:23:07.737   224   224 I QCameraHWI: Mymode Snap = 5
02-25 15:23:07.737   224   224 V         : android::QCameraStream_Snapshot::QCameraStream_Snapshot(int, camera_mode_t): E
02-25 15:23:07.740   224   224 I mediaserver: type=1400 audit(0.0:84): avc: denied { execmod } for path="/system/lib/libmmstillomx.so" dev="mmcblk0p12" ino=39216 scontext=u:r:mediaserver:s0 tcontext=u:object_r:system_file:s0 tclass=file permissive=1
02-25 15:23:07.745   224   224 I mm-still-omx: OMX_GetHandle: E
02-25 15:23:07.745   224   224 I mm-still-omx: getLibName: cnt =0 componentName=OMX.qcom.image.jpeg.encoder, libName=libimage-jpeg-enc-omx-comp.so
02-25 15:23:07.745   224   224 I mm-still-omx: getLibName: libName=libimage-jpeg-enc-omx-comp.so
02-25 15:23:07.765   224   224 I mm-still-omx: OMX_GetHandle: dlopen for libimage-jpeg-enc-omx-comp.so is successful.
02-25 15:23:07.766   224   224 I mm-still-omx: here address is 0xb43636c1 
02-25 15:23:07.766   224   224 I mm-still-omx: OMX_GetHandle: dlopen for libimage-jpeg-enc-omx-comp.so is successful.
02-25 15:23:07.766   224   224 V         : android::QCameraStream_Snapshot::QCameraStream_Snapshot(int, camera_mode_t): X
02-25 15:23:07.766   224   224 D         : virtual android::status_t android::QCameraStream_Snapshot::init(): E
02-25 15:23:07.766   224   224 V         : virtual android::status_t android::QCameraStream_Snapshot::init(): X
02-25 15:23:07.766   224   224 I QCameraHWI: Mymode Preview = 5
02-25 15:23:07.766   224   224 D QCameraHWI_Rdi: android::QCameraStream_Rdi::QCameraStream_Rdi(int, camera_mode_t): E
02-25 15:23:07.766   224   224 D QCameraHWI_Rdi: android::QCameraStream_Rdi::QCameraStream_Rdi(int, camera_mode_t): X
02-25 15:23:07.766   224   224 E mm-libcamera2: mm_camera_ch_util_reg_buf_cb: Trying to register
02-25 15:23:07.767   224   224 E mm-libcamera2: mm_camera_ch_util_reg_buf_cb: Done register
02-25 15:23:07.780   224   224 I QCameraHWI: QCameraHardwareInterface: X
02-25 15:23:07.780   224   224 I QCameraHWI: isCameraReady mCameraState 1
02-25 15:23:07.780   224   224 I QualcommCamera: int android::camera_device_open(const hw_module_t*, const char*, hw_device_t**):  end rc 0
02-25 15:23:07.780   224   224 D QualcommCamera: Qvoid android::set_CallBacks(camera_device*, camera_notify_callback, camera_data_callback, camera_data_timestamp_callback, camera_request_memory, void*): E
02-25 15:23:07.780   224   224 D QCameraHWI: setCallbacks: E
02-25 15:23:07.780   224   224 I QCameraHWI: setCallbacks: X
02-25 15:23:07.780   224   224 D QualcommCamera: Qchar* android::get_parameters(camera_device*): E
02-25 15:23:07.781   224   224 D QualcommCamera: Qvoid android::put_parameters(camera_device*, char*): E
02-25 15:23:07.795   224   224 I QCameraHWI:  setPreviewWindow: E mPreviewState = 0, mStreamDisplay = 0xb85c9820
02-25 15:23:07.795   224   224 I QCameraHWI: android::status_t android::QCameraHardwareInterface::setPreviewWindow(preview_stream_ops_t*): mPreviewWindow = 0x0xb85c0338, mStreamDisplay = 0x0xb85c9820
02-25 15:23:07.795   224   224 D QCameraHWI_Preview:  setPreviewWindow: E 
02-25 15:23:07.795   224   224 I QCameraHWI:  setPreviewWindow : X, mPreviewState = 0
02-25 15:23:07.796   224   224 D QualcommCamera: Qint android::set_parameters(camera_device*, const char*): E
02-25 15:23:07.800   224   224 I QCameraHWI_Parm: android::status_t android::QCameraHardwareInterface::setParameters(const android::QCameraParameters&): E
02-25 15:23:07.801   224   224 I QCameraHWI_Parm: ZSL is enabled  0
02-25 15:23:07.807   282   513 E mm-camera: config_proc_CAMERA_SET_CHANNEL_STREAM rc = 1, status = 1
02-25 15:23:07.807   282   513 E mm-camera: config_proc_CAMERA_GET_CHANNEL_STREAM Channel stream info = 0 
02-25 15:23:07.808   224   224 I QCameraHWI_Parm: Enable Normal Power Mode
02-25 15:23:07.808   224   224 I QCameraHWI_Parm: android::status_t android::QCameraHardwareInterface::setPowerMode(const android::QCameraParameters&): Calling sysinfo() 
02-25 15:23:07.808   224   224 I QCameraHWI_Parm: android::status_t android::QCameraHardwareInterface::setPowerMode(const android::QCameraParameters&): totalram = 669904896, freeram = 568041472 
02-25 15:23:07.808   224   224 I QCameraHWI_Parm: android::status_t android::QCameraHardwareInterface::setPowerMode(const android::QCameraParameters&) Low power mode Disabled value = 0
02-25 15:23:07.808   224   224 I QCameraHWI_Parm: bool android::QCameraHardwareInterface::native_set_parms(mm_camera_parm_type_t, uint16_t, void*) : type : 81 Value : 0
02-25 15:23:07.814   282   513 E mm-camera: config_proc_CAMERA_SET_LOW_POWER_MODE Low power mode enabled? : No 
02-25 15:23:07.814   224   224 I QCameraHWI_Parm: ################requested preview size 640 x 480
02-25 15:23:07.814   224   224 I QCameraHWI_Parm: setPreviewSize:  width: 640   heigh: 480
02-25 15:23:07.814   224   224 D QCameraHWI_Parm: android::status_t android::QCameraHardwareInterface::setVideoSize(const android::QCameraParameters&): E
02-25 15:23:07.814   224   224 I QCameraHWI_Parm: android::status_t android::QCameraHardwareInterface::setVideoSize(const android::QCameraParameters&): requested record size 1280x720
02-25 15:23:07.814   224   224 I QCameraHWI_Parm: android::status_t android::QCameraHardwareInterface::setVideoSize(const android::QCameraParameters&): preview dimensions: 640x480
02-25 15:23:07.814   224   224 I QCameraHWI_Parm: android::status_t android::QCameraHardwareInterface::setVideoSize(const android::QCameraParameters&): video dimensions: 1280x720
02-25 15:23:07.814   224   224 D QCameraHWI_Parm: android::status_t android::QCameraHardwareInterface::setVideoSize(const android::QCameraParameters&): X
02-25 15:23:07.815   224   224 D QCameraHWI_Parm: QualcommCameraHardware::setPictureSize E
02-25 15:23:07.815   224   224 I QCameraHWI_Parm: requested picture size 640 x 480
02-25 15:23:07.815   224   224 I QCameraHWI_Parm: requested jpeg thumbnail size 512 x 384
02-25 15:23:07.815   224   224 D QCameraHWI_Parm: setJpegQuality E
02-25 15:23:07.815   224   224 D QCameraHWI_Parm: setJpegQuality X
02-25 15:23:07.815   224   224 D QCameraHWI_Parm: android::status_t android::QCameraHardwareInterface::setEffect(const android::QCameraParameters&)
02-25 15:23:07.815   224   224 I QCameraHWI_Parm: Setting effect none
02-25 15:23:07.815   224   224 I QCameraHWI_Parm: Setting effect to lower HAL : 0
02-25 15:23:07.824   224   224 I QCameraHWI_Parm: native_set_parms: succeeded : 0
02-25 15:23:07.825   224   224 D QCameraHWI_Parm: setGpsLocation X
02-25 15:23:07.825   224   224 D QCameraHWI_Parm: setRotation
02-25 15:23:07.825   224   224 D QCameraHWI_Parm: android::status_t android::QCameraHardwareInterface::setZoom(const android::QCameraParameters&): E
02-25 15:23:07.825   224   224 E QCameraHWI_Parm: android::status_t android::QCameraHardwareInterface::setFaceZoom(const android::QCameraParameters&): Face Zoom Enabled Already
02-25 15:23:07.825   224   224 I QCameraHWI_Parm: bool android::QCameraHardwareInterface::native_set_parms(mm_camera_parm_type_t, uint16_t, void*) : type : 26 Value : 0
02-25 15:23:07.825   224   224 D QCameraHWI_Parm: android::status_t android::QCameraHardwareInterface::setZoom(const android::QCameraParameters&) X
02-25 15:23:07.826   224   224 I QCameraHWI_Parm: bool android::QCameraHardwareInterface::native_set_parms(mm_camera_parm_type_t, uint16_t, void*) : type : 16 Value : 4353
02-25 15:23:07.826   224   224 D QCameraHWI_Parm: android::status_t android::QCameraHardwareInterface::setMCEValue(const android::QCameraParameters&)
02-25 15:23:07.826   224   224 E QCameraHWI_Parm: MM_CAMERA_PARM_MCE mode is not supported for this sensor
02-25 15:23:07.827   224   224 D QCameraHWI_Parm: android::status_t android::QCameraHardwareInterface::setSharpness(const android::QCameraParameters&)
02-25 15:23:07.827   224   224 I QCameraHWI_Parm: bool android::QCameraHardwareInterface::native_set_parms(mm_camera_parm_type_t, uint16_t, void*) : type : 9 Value : 10
02-25 15:23:07.828   224   224 D QCameraHWI_Parm: android::status_t android::QCameraHardwareInterface::setSaturation(const android::QCameraParameters&)
02-25 15:23:07.828   224   224 I QCameraHWI_Parm: native_set_parms: succeeded : 0
02-25 15:23:07.828   224   224 D QCameraHWI_Parm: android::status_t android::QCameraHardwareInterface::setSceneMode(const android::QCameraParameters&)
02-25 15:23:07.828   224   224 I QCameraHWI_Parm: Scene Mode string : auto
02-25 15:23:07.828   224   224 I QCameraHWI_Parm: Setting Scenemode value = 0
02-25 15:23:07.828   224   224 I QCameraHWI_Parm: bool android::QCameraHardwareInterface::native_set_parms(mm_camera_parm_type_t, uint16_t, void*) : type : 25 Value : 0
02-25 15:23:07.829   224   224 D QCameraHWI_Parm: android::status_t android::QCameraHardwareInterface::setContrast(const android::QCameraParameters&) E
02-25 15:23:07.829   224   224 I QCameraHWI_Parm: Contrast : auto
02-25 15:23:07.829   224   224 D QCameraHWI_Parm: Calling Contrast set on Lower layer
02-25 15:23:07.829   224   224 I QCameraHWI_Parm: bool android::QCameraHardwareInterface::native_set_parms(mm_camera_parm_type_t, uint16_t, void*) : type : 10 Value : 5
02-25 15:23:07.829   224   224 I QCameraHWI_Parm: Lower layer returned 1
02-25 15:23:07.829   224   224 I QCameraHWI_Parm: setFaceDetect: off
02-25 15:23:07.830   224   224 I QCameraHWI_Parm: android::status_t android::QCameraHardwareInterface::setFaceDetect(const android::QCameraParameters&) Face detection value = 0, num_fd = 2
02-25 15:23:07.830   224   224 I QCameraHWI_Parm: bool android::QCameraHardwareInterface::native_set_parms(mm_camera_parm_type_t, uint16_t, void*) : type : 30 Value : 0
02-25 15:23:07.830   224   224 I QCameraHWI_Parm: bool android::QCameraHardwareInterface::native_set_parms(mm_camera_parm_type_t, uint16_t, void*) : type : 54 Value : 1
02-25 15:23:07.830   224   224 I QCameraHWI_Parm: Setting preview format to 1, i =0, num=4, hal_format=17
02-25 15:23:07.831   224   224 I QCameraHWI_Parm: Setting video format to yuv420sp
02-25 15:23:07.831   224   224 D QCameraHWI_Parm: android::status_t android::QCameraHardwareInterface::setSkinToneEnhancement(const android::QCameraParameters&)
02-25 15:23:07.831   224   224 E QCameraHWI_Parm: SkinToneEnhancement is not supported for this sensor
02-25 15:23:07.831   224   224 D QCameraHWI_Parm: android::status_t android::QCameraHardwareInterface::setWaveletDenoise(const android::QCameraParameters&)
02-25 15:23:07.831   224   224 D QCameraHWI_Parm: android::status_t android::QCameraHardwareInterface::setAntibanding(const android::QCameraParameters&)
02-25 15:23:07.831   224   224 I QCameraHWI_Parm: Antibanding Value : 0
02-25 15:23:07.831   224   224 I QCameraHWI_Parm: native_set_parms: succeeded : 0
02-25 15:23:07.831   224   224 I QCameraHWI_Parm: setRedeyeReduction: setting Redeye Reduction value of disable
02-25 15:23:07.831   224   224 I QCameraHWI_Parm: bool android::QCameraHardwareInterface::native_set_parms(mm_camera_parm_type_t, uint16_t, void*) : type : 50 Value : 0
02-25 15:23:07.832   224   224 I QCameraHWI_Parm: in AE-bracket setting, effect is none
02-25 15:23:07.832   224   224 I QCameraHWI_Parm: color effect supported
02-25 15:23:07.832   224   224 I QCameraHWI_Parm: android::status_t android::QCameraHardwareInterface::setAEBracket(const android::QCameraParameters&): value=0
02-25 15:23:07.832   224   224 I QCameraHWI_Parm: bool android::QCameraHardwareInterface::native_set_parms(mm_camera_parm_type_t, uint16_t, void*) : type : 68 Value : 0
02-25 15:23:07.833   224   224 I QCameraHWI_Parm: android::status_t android::QCameraHardwareInterface::setPreviewFpsRange(const android::QCameraParameters&): Existing FpsRange Values:(30000, 30000)
02-25 15:23:07.833   224   224 I QCameraHWI_Parm: android::status_t android::QCameraHardwareInterface::setPreviewFpsRange(const android::QCameraParameters&): Requested FpsRange Values:(30000, 30000)
02-25 15:23:07.833   224   224 I QCameraHWI_Parm: android::status_t android::QCameraHardwareInterface::setPreviewFpsRange(const android::QCameraParameters&): No change in FpsRange
02-25 15:23:07.833   224   224 I QCameraHWI_Parm: android::status_t android::QCameraHardwareInterface::setDISMode() DIS is Disabled value = 0
02-25 15:23:07.833   224   224 I QCameraHWI_Parm: bool android::QCameraHardwareInterface::native_set_parms(mm_camera_parm_type_t, uint16_t, void*) : type : 76 Value : 0
02-25 15:23:07.833   282   513 E mm-camera: config_proc_CAMERA_SET_DIS_ENABLE: DIS Enabled? : No 
02-25 15:23:07.833   224   224 I QCameraHWI_Parm: android::status_t android::QCameraHardwareInterface::setFullLiveshot() Full size liveshot Disabled value = 0
02-25 15:23:07.834   224   224 I QCameraHWI_Parm: bool android::QCameraHardwareInterface::native_set_parms(mm_camera_parm_type_t, uint16_t, void*) : type : 75 Value : 0
02-25 15:23:07.834   282   513 E mm-camera: config_proc_CAMERA_SET_FULL_LIVESHOT rc = 1, status = 1, Full Liveshot enabled? : No 
02-25 15:23:07.834   224   224 I QCameraHWI_Parm: int android::QCameraHardwareInterface::getNumOfSnapshots(const android::QCameraParameters&): prop enable/disable = 0
02-25 15:23:07.835   224   224 I QCameraHWI_Parm: number of snapshots = 1
02-25 15:23:07.835   224   224 I QCameraHWI_Parm: bool android::QCameraHardwareInterface::native_set_parms(mm_camera_parm_type_t, uint16_t, void*) : type : 64 Value : 1
02-25 15:23:07.835   224   224 D QCameraHWI_Parm: android::status_t android::QCameraHardwareInterface::setAecAwbLock(const android::QCameraParameters&) : E
02-25 15:23:07.835   224   224 I QCameraHWI_Parm: bool android::QCameraHardwareInterface::native_set_parms(mm_camera_parm_type_t, uint16_t, void*) : type : 77 Value : 0
02-25 15:23:07.835   224   224 I QCameraHWI_Parm: bool android::QCameraHardwareInterface::native_set_parms(mm_camera_parm_type_t, uint16_t, void*) : type : 78 Value : 0
02-25 15:23:07.836   224   224 D QCameraHWI_Parm: android::status_t android::QCameraHardwareInterface::setAecAwbLock(const android::QCameraParameters&) : X
02-25 15:23:07.836   224   224 D QCameraHWI_Parm: android::status_t android::QCameraHardwareInterface::setPreviewFrameRate(const android::QCameraParameters&): E
02-25 15:23:07.836   224   224 D QCameraHWI_Parm: android::status_t android::QCameraHardwareInterface::setPreviewFrameRate(const android::QCameraParameters&): X
02-25 15:23:07.836   224   224 D QCameraHWI_Parm: android::status_t android::QCameraHardwareInterface::setAutoExposure(const android::QCameraParameters&)
02-25 15:23:07.836   224   224 I QCameraHWI_Parm: bool android::QCameraHardwareInterface::native_set_parms(mm_camera_parm_type_t, uint16_t, void*) : type : 8 Value : 0
02-25 15:23:07.836   224   224 D QCameraHWI_Parm: android::status_t android::QCameraHardwareInterface::setExposureCompensation(const android::QCameraParameters&)
02-25 15:23:07.836   224   224 I QCameraHWI_Parm: bool android::QCameraHardwareInterface::native_set_parms(mm_camera_parm_type_t, uint16_t, void*) : type : 7 Value : 6
02-25 15:23:07.837   224   224 D QCameraHWI_Parm: android::status_t android::QCameraHardwareInterface::setWhiteBalance(const android::QCameraParameters&)
02-25 15:23:07.845   224   224 I QCameraHWI_Parm: native_set_parms: succeeded : 0
02-25 15:23:07.845   224   224 I QCameraHWI_Parm: android::status_t android::QCameraHardwareInterface::setFlash(const android::QCameraParameters&): E
02-25 15:23:07.846   224   224 I QCameraHWI_Parm: bool android::QCameraHardwareInterface::native_set_parms(mm_camera_parm_type_t, uint16_t, void*) : type : 14 Value : 0
02-25 15:23:07.846   224   224 D QCameraHWI_Parm: android::status_t android::QCameraHardwareInterface::setFocusMode(const android::QCameraParameters&)
02-25 15:23:07.846   224   224 I QCameraHWI_Parm: Focus mode auto
02-25 15:23:07.850   282   513 E mm-camera: config_proc_CAMERA_SET_PARM_HFR: HFR 1
02-25 15:23:07.878   282   513 E mm-camera: config_shutdown_pp Camera not in streaming mode. Returning. 
02-25 15:23:08.015   224   224 I QCameraHWI: ~QCameraHardwareInterface: X
02-25 15:23:08.017   224   224 I CameraFlashlight: Opening camera 1
02-25 15:23:08.017   224   224 D QualcommCamera: Qint android::get_camera_info(int, camera_info*): E
02-25 15:23:08.017   224   224 D QCameraHAL: void android::HAL_getCameraInfo(int, android::CameraInfo*): E
02-25 15:23:08.017   224   224 D QualcommCamera: Qint android::get_camera_info(int, camera_info*): X
02-25 15:23:08.018   224   224 I QCameraHWI: QCameraHardwareInterface: E
02-25 15:23:08.018   224   224 I QCameraHWI: Init mPreviewState = 0
02-25 15:23:08.158   282   596 E mm-camera: kernel returned ov2675
02-25 15:23:08.158   282   596 E mm-camera: compare failed ov2675
02-25 15:23:08.160   221   221 I debuggerd: type=1400 audit(0.0:85): avc: denied { ptrace } for scontext=u:r:debuggerd:s0 tcontext=u:r:init:s0 tclass=process permissive=1
02-25 15:23:08.163   224   224 E mm-libcamera2: mm_camera_open:  ctrl_fd = 6
02-25 15:23:08.164   224   224 E mm-libcamera2: Errno:11
02-25 15:23:08.164   224   224 E mm-libcamera2: mm_camera_open:  opened, break out while loop
02-25 15:23:08.164   224   224 E mm-libcamera2: mm_camera_open:  after while loop
02-25 15:23:08.164   224   224 E mm-libcamera2: mm_camera_open:  2
02-25 15:23:08.164   224   224 E mm-libcamera2: mm_camera_open:  ds_fd = 7
02-25 15:23:08.164   224   224 E mm-libcamera2: Errno:11
02-25 15:23:08.164   224   224 E mm-libcamera2: mm_camera_open:  opened, break out while loop
02-25 15:23:08.164   224   224 E mm-libcamera2: mm_camera_open:  after while loop for domain socket open
--------- beginning of crash
02-25 15:23:08.167   282   596 F libc    : Fatal signal 11 (SIGSEGV), code 1, fault addr 0x8 in tid 596 (mm-qcamera-daem)
02-25 15:23:08.168   221   221 I DEBUG   : property debug.db.uid not set; NOT waiting for gdb.
02-25 15:23:08.168   221   221 I DEBUG   : HINT: adb shell setprop debug.db.uid 100000
02-25 15:23:08.168   221   221 I DEBUG   : HINT: adb forward tcp:5039 tcp:5039
02-25 15:23:08.490   241   241 I netmgrd : type=1400 audit(0.0:86): avc: denied { create } for name=716D75785F636C69656E745F736F636B657420202020323431 scontext=u:r:init:s0 tcontext=u:object_r:socket_device:s0 tclass=sock_file permissive=1
02-25 15:23:08.490   241   241 I netmgrd : type=1400 audit(0.0:87): avc: denied { setattr } for name=716D75785F636C69656E745F736F636B657420202020323431 dev="tmpfs" ino=4896 scontext=u:r:init:s0 tcontext=u:object_r:socket_device:s0 tclass=sock_file permissive=1
02-25 15:23:08.490   241   241 I netmgrd : type=1400 audit(0.0:88): avc: denied { write } for name="qmux_connect_socket" dev="tmpfs" ino=4555 scontext=u:r:init:s0 tcontext=u:object_r:socket_device:s0 tclass=sock_file permissive=1
02-25 15:23:08.490   258   258 I qmuxd   : type=1400 audit(0.0:89): avc: denied { getattr } for path=2F6465762F736F636B65742F716D75785F726164696F2F716D75785F636C69656E745F736F636B657420202020323431 dev="tmpfs" ino=4896 scontext=u:r:init:s0 tcontext=u:object_r:socket_device:s0 tclass=sock_file permissive=1
02-25 15:23:08.490   258   258 I qmuxd   : type=1400 audit(0.0:90): avc: denied { unlink } for name=716D75785F636C69656E745F736F636B657420202020323431 dev="tmpfs" ino=4896 scontext=u:r:init:s0 tcontext=u:object_r:socket_device:s0 tclass=sock_file permissive=1
02-25 15:23:08.300   221   221 I SELinux : SELinux: Loaded file_contexts contexts from /file_contexts.
02-25 15:23:08.332   221   221 F DEBUG   : *** *** *** *** *** *** *** *** *** *** *** *** *** *** *** ***
02-25 15:23:08.333   221   221 F DEBUG   : Build fingerprint: 'innos/cm_i6/i6:6.0.1/MMB29U/6db917b104:userdebug/test-keys'
02-25 15:23:08.333   221   221 F DEBUG   : Revision: '0'
02-25 15:23:08.333   221   221 F DEBUG   : ABI: 'arm'
02-25 15:23:08.336   221   221 F DEBUG   : pid: 282, tid: 596, name: mm-qcamera-daem  >>> /system/bin/mm-qcamera-daemon <<<
02-25 15:23:08.336   221   221 F DEBUG   : signal 11 (SIGSEGV), code 1 (SEGV_MAPERR), fault addr 0x8
02-25 15:23:08.343   221   221 F DEBUG   :     r0 b8696460  r1 b6b2df20  r2 00000000  r3 00000000
02-25 15:23:08.343   221   221 F DEBUG   :     r4 b6b2df14  r5 b6e56861  r6 00000000  r7 b86b9808
02-25 15:23:08.346   221   221 F DEBUG   :     r8 b86a7008  r9 00000000  sl 00000003  fp 00000002
02-25 15:23:08.346   221   221 F DEBUG   :     ip b86b9808  sp b6b2def0  lr b6e5686b  pc b6e568ac  cpsr 800f0030
02-25 15:23:08.401   221   221 F DEBUG   : 
02-25 15:23:08.401   221   221 F DEBUG   : backtrace:
02-25 15:23:08.401   221   221 F DEBUG   :     #00 pc 0005b8ac  /system/lib/liboemcamera.so
02-25 15:23:08.401   221   221 F DEBUG   :     #01 pc 0004500f  /system/lib/liboemcamera.so
02-25 15:23:08.402   221   221 F DEBUG   :     #02 pc 00045caf  /system/lib/liboemcamera.so (config_proc_native_ctrl_cmd+378)
02-25 15:23:08.402   221   221 F DEBUG   :     #03 pc 000507db  /system/lib/liboemcamera.so (mctl_proc_v4l2_request+1586)
02-25 15:23:08.402   221   221 F DEBUG   :     #04 pc 0004fdc5  /system/lib/liboemcamera.so
02-25 15:23:08.402   221   221 F DEBUG   :     #05 pc 000416a3  /system/lib/libc.so (__pthread_start(void*)+30)
02-25 15:23:08.402   221   221 F DEBUG   :     #06 pc 00019207  /system/lib/libc.so (__start_thread+6)
02-25 15:23:08.530   241   241 I netmgrd : type=1400 audit(0.0:91): avc: denied { create } for scontext=u:r:init:s0 tcontext=u:r:init:s0 tclass=netlink_route_socket permissive=1
02-25 15:23:08.530   241   241 I netmgrd : type=1400 audit(0.0:92): avc: denied { bind } for scontext=u:r:init:s0 tcontext=u:r:init:s0 tclass=netlink_route_socket permissive=1
02-25 15:23:08.530   241   241 I netmgrd : type=1400 audit(0.0:93): avc: denied { create } for scontext=u:r:init:s0 tcontext=u:r:init:s0 tclass=netlink_socket permissive=1
02-25 15:23:08.530   241   241 I netmgrd : type=1400 audit(0.0:94): avc: denied { bind } for scontext=u:r:init:s0 tcontext=u:r:init:s0 tclass=netlink_socket permissive=1
02-25 15:23:08.534   241   241 W libc    : WARNING: generic atexit() called from legacy shared library
02-25 15:23:08.537   241   241 W libc    : WARNING: generic atexit() called from legacy shared library
02-25 15:23:08.930   615   615 I netmgrd : type=1400 audit(0.0:95): avc: denied { read } for scontext=u:r:init:s0 tcontext=u:r:init:s0 tclass=netlink_socket permissive=1
02-25 15:23:08.930   615   615 I netmgrd : type=1400 audit(0.0:96): avc: denied { write } for scontext=u:r:init:s0 tcontext=u:r:init:s0 tclass=netlink_socket permissive=1
02-25 15:23:09.384   224   224 E mm-libcamera2: mm_camera_open: cannot get camera capabilities
02-25 15:23:10.030   221   221 F DEBUG   : 
02-25 15:23:10.030   221   221 F DEBUG   : Tombstone written to: /data/tombstones/tombstone_04
02-25 15:23:10.200   665   665 I mm-qcamera-daem: type=1400 audit(0.0:97): avc: denied { write } for name="video100" dev="tmpfs" ino=3071 scontext=u:r:init:s0 tcontext=u:object_r:video_device:s0 tclass=chr_file permissive=1
02-25 15:23:10.208   665   665 E mm-camera: qcamsvr_start: old_mode = 3f
02-25 15:23:10.330   665   665 E mm-camera: qcamsvr_load_gesture_lib Error opening gesture library
02-25 15:23:10.330   665   665 E mm-camera: Cannot init Gesture library
02-25 15:23:11.943   271   271 D AndroidRuntime: >>>>>> START com.android.internal.os.ZygoteInit uid 0 <<<<<<
02-25 15:23:12.052   271   271 D AndroidRuntime: CheckJNI is OFF
02-25 15:23:12.092   271   271 I art     : option[0]=-Xzygote
02-25 15:23:12.092   271   271 I art     : option[1]=-Xstacktracefile:/data/anr/traces.txt
02-25 15:23:12.092   271   271 I art     : option[2]=exit
02-25 15:23:12.092   271   271 I art     : option[3]=vfprintf
02-25 15:23:12.092   271   271 I art     : option[4]=sensitiveThread
02-25 15:23:12.093   271   271 I art     : option[5]=-verbose:gc
02-25 15:23:12.093   271   271 I art     : option[6]=-Xms5m
02-25 15:23:12.093   271   271 I art     : option[7]=-Xmx128m
02-25 15:23:12.093   271   271 I art     : option[8]=-XX:HeapGrowthLimit=48m
02-25 15:23:12.093   271   271 I art     : option[9]=-XX:HeapMinFree=512k
02-25 15:23:12.093   271   271 I art     : option[10]=-XX:HeapMaxFree=2m
02-25 15:23:12.093   271   271 I art     : option[11]=-XX:HeapTargetUtilization=0.75
02-25 15:23:12.093   271   271 I art     : option[12]=-XX:LowMemoryMode
02-25 15:23:12.093   271   271 I art     : option[13]=-agentlib:jdwp=transport=dt_android_adb,suspend=n,server=y
02-25 15:23:12.093   271   271 I art     : option[14]=-Xlockprofthreshold:500
02-25 15:23:12.093   271   271 I art     : option[15]=-Ximage-compiler-option
02-25 15:23:12.093   271   271 I art     : option[16]=--runtime-arg
02-25 15:23:12.093   271   271 I art     : option[17]=-Ximage-compiler-option
02-25 15:23:12.094   271   271 I art     : option[18]=-Xms64m
