02-25 15:24:47.763   221   221 F DEBUG   :     #03 pc 000507db  /system/lib/liboemcamera.so (mctl_proc_v4l2_request+1586)
02-25 15:24:47.763   221   221 F DEBUG   :     #04 pc 0004fdc5  /system/lib/liboemcamera.so
02-25 15:24:47.763   221   221 F DEBUG   :     #05 pc 000416a3  /system/lib/libc.so (__pthread_start(void*)+30)
02-25 15:24:47.763   221   221 F DEBUG   :     #06 pc 00019207  /system/lib/libc.so (__start_thread+6)
02-25 15:24:48.201   221   221 F DEBUG   : 
02-25 15:24:48.201   221   221 F DEBUG   : Tombstone written to: /data/tombstones/tombstone_05
02-25 15:24:48.592  1699  1699 E mm-camera: qcamsvr_start: old_mode = 3f
02-25 15:24:48.594  1543  1543 E mm-libcamera2: mm_camera_open: cannot get camera capabilities
02-25 15:24:48.716  1699  1699 E mm-camera: qcamsvr_load_gesture_lib Error opening gesture library
02-25 15:24:48.716  1699  1699 E mm-camera: Cannot init Gesture library
02-25 15:24:49.155  1542  1542 D AndroidRuntime: >>>>>> START com.android.internal.os.ZygoteInit uid 0 <<<<<<
02-25 15:24:49.180  1542  1542 D AndroidRuntime: CheckJNI is OFF
02-25 15:24:49.182  1542  1542 I art     : option[0]=-Xzygote
02-25 15:24:49.182  1542  1542 I art     : option[1]=-Xstacktracefile:/data/anr/traces.txt
02-25 15:24:49.182  1542  1542 I art     : option[2]=exit
02-25 15:24:49.182  1542  1542 I art     : option[3]=vfprintf
02-25 15:24:49.182  1542  1542 I art     : option[4]=sensitiveThread
02-25 15:24:49.182  1542  1542 I art     : option[5]=-verbose:gc
02-25 15:24:49.182  1542  1542 I art     : option[6]=-Xms5m
02-25 15:24:49.182  1542  1542 I art     : option[7]=-Xmx128m
02-25 15:24:49.182  1542  1542 I art     : option[8]=-XX:HeapGrowthLimit=48m
02-25 15:24:49.182  1542  1542 I art     : option[9]=-XX:HeapMinFree=512k
02-25 15:24:49.182  1542  1542 I art     : option[10]=-XX:HeapMaxFree=2m
02-25 15:24:49.182  1542  1542 I art     : option[11]=-XX:HeapTargetUtilization=0.75
02-25 15:24:49.183  1542  1542 I art     : option[12]=-XX:LowMemoryMode
02-25 15:24:49.183  1542  1542 I art     : option[13]=-agentlib:jdwp=transport=dt_android_adb,suspend=n,server=y
02-25 15:24:49.183  1542  1542 I art     : option[14]=-Xlockprofthreshold:500
02-25 15:24:49.183  1542  1542 I art     : option[15]=-Ximage-compiler-option
02-25 15:24:49.183  1542  1542 I art     : option[16]=--runtime-arg
02-25 15:24:49.183  1542  1542 I art     : option[17]=-Ximage-compiler-option
02-25 15:24:49.183  1542  1542 I art     : option[18]=-Xms64m
02-25 15:24:49.183  1542  1542 I art     : option[19]=-Ximage-compiler-option
02-25 15:24:49.183  1542  1542 I art     : option[20]=--runtime-arg
02-25 15:24:49.183  1542  1542 I art     : option[21]=-Ximage-compiler-option
02-25 15:24:49.183  1542  1542 I art     : option[22]=-Xmx64m
02-25 15:24:49.183  1542  1542 I art     : option[23]=-Ximage-compiler-option
02-25 15:24:49.185  1542  1542 I art     : option[24]=--compiler-filter=speed
02-25 15:24:49.185  1542  1542 I art     : option[25]=-Ximage-compiler-option
02-25 15:24:49.186  1542  1542 I art     : option[26]=--image-classes=/system/etc/preloaded-classes
02-25 15:24:49.186  1542  1542 I art     : option[27]=-Xcompiler-option
02-25 15:24:49.186  1542  1542 I art     : option[28]=--runtime-arg
02-25 15:24:49.186  1542  1542 I art     : option[29]=-Xcompiler-option
02-25 15:24:49.186  1542  1542 I art     : option[30]=-Xms64m
02-25 15:24:49.186  1542  1542 I art     : option[31]=-Xcompiler-option
02-25 15:24:49.186  1542  1542 I art     : option[32]=--runtime-arg
02-25 15:24:49.186  1542  1542 I art     : option[33]=-Xcompiler-option
02-25 15:24:49.186  1542  1542 I art     : option[34]=-Xmx512m
02-25 15:24:49.186  1542  1542 I art     : option[35]=-Xcompiler-option
02-25 15:24:49.186  1542  1542 I art     : option[36]=--compiler-filter=balanced
02-25 15:24:49.186  1542  1542 I art     : option[37]=-Ximage-compiler-option
02-25 15:24:49.187  1542  1542 I art     : option[38]=--instruction-set-variant=cortex-a5
02-25 15:24:49.187  1542  1542 I art     : option[39]=-Xcompiler-option
02-25 15:24:49.187  1542  1542 I art     : option[40]=--instruction-set-variant=cortex-a5
02-25 15:24:49.187  1542  1542 I art     : option[41]=-Ximage-compiler-option
02-25 15:24:49.187  1542  1542 I art     : option[42]=--instruction-set-features=default
02-25 15:24:49.187  1542  1542 I art     : option[43]=-Xcompiler-option
02-25 15:24:49.187  1542  1542 I art     : option[44]=--instruction-set-features=default
02-25 15:24:49.187  1542  1542 I art     : option[45]=-Xcompiler-option
02-25 15:24:49.187  1542  1542 I art     : option[46]=--no-watch-dog
02-25 15:24:49.187  1542  1542 I art     : option[47]=-Duser.locale=ru-RU
02-25 15:24:49.187  1542  1542 I art     : option[48]=--cpu-abilist=armeabi-v7a,armeabi
02-25 15:24:49.188  1542  1542 I art     : option[49]=-Xfingerprint:innos/cm_i6/i6:6.0.1/MMB29U/6db917b104:userdebug/test-keys
02-25 15:24:49.452  1542  1542 D ICU     : No timezone override file found: /data/misc/zoneinfo/current/icu/icu_tzdata.dat
02-25 15:24:49.676  1542  1542 I Radio-JNI: register_android_hardware_Radio DONE
02-25 15:24:49.721  1542  1542 I SamplingProfilerIntegration: Profiling disabled.
02-25 15:24:49.722  1542  1542 D Zygote  : begin preload
02-25 15:24:49.722  1542  1542 I Zygote  : Preloading classes...
02-25 15:24:50.187  1542  1542 E Minikin : addFont failed to create font /system/fonts/NanumGothic.ttf
02-25 15:24:50.188  1542  1542 E Minikin : addFont failed to create font /system/fonts/DroidSansFallback.ttf
02-25 15:24:50.189  1542  1542 E Minikin : addFont failed to create font /system/fonts/MTLmr3m.ttf
02-25 15:24:50.558  1542  1542 V DngCreator_JNI: DngCreator_nativeClassInit:
02-25 15:24:51.098  1542  1750 I art     : Background concurrent mark sweep GC freed 10550(3MB) AllocSpace objects, 116(2MB) LOS objects, 34% free, 954KB/1466KB, paused 1.355ms total 114.755ms
02-25 15:24:51.229  1542  1542 I art     : Thread[1,tid=1542,Native,Thread*=0xb7912b40,peer=0x12c35100,"main"] recursive attempt to load library "/system/lib/libmedia_jni.so"
02-25 15:24:51.230  1542  1542 D MtpDeviceJNI: register_android_mtp_MtpDevice
02-25 15:24:51.231  1542  1542 I art     : Thread[1,tid=1542,Native,Thread*=0xb7912b40,peer=0x12c35100,"main"] recursive attempt to load library "/system/lib/libmedia_jni.so"
02-25 15:24:51.232  1542  1542 I art     : Thread[1,tid=1542,Native,Thread*=0xb7912b40,peer=0x12c35100,"main"] recursive attempt to load library "/system/lib/libmedia_jni.so"
02-25 15:24:51.417  1542  1750 I art     : Background sticky concurrent mark sweep GC freed 2160(523KB) AllocSpace objects, 6(96KB) LOS objects, 51% free, 711KB/1466KB, paused 6.290ms total 77.574ms
02-25 15:24:51.901  1542  1542 W System  : ClassLoader referenced unknown path: /system/framework/tcmclient.jar
02-25 15:24:52.405  1542  1542 I System  : Loaded time zone names for "" in 228ms (218ms in ICU)
02-25 15:24:52.561  1542  1542 I System  : Loaded time zone names for "en_US" in 156ms (143ms in ICU)
02-25 15:24:52.762  1542  1542 I System  : Loaded time zone names for "ru_RU" in 200ms (185ms in ICU)
02-25 15:24:52.819  1542  1542 I Zygote  : ...preloaded 3831 classes in 3097ms.
02-25 15:24:52.819  1542  1542 I art     : VMRuntime.preloadDexCaches starting
02-25 15:24:53.192  1542  1542 I art     : VMRuntime.preloadDexCaches strings total=248835 before=44760 after=44760
02-25 15:24:53.193  1542  1542 I art     : VMRuntime.preloadDexCaches types total=20349 before=6889 after=6920
02-25 15:24:53.193  1542  1542 I art     : VMRuntime.preloadDexCaches fields total=100361 before=36027 after=36459
02-25 15:24:53.193  1542  1542 I art     : VMRuntime.preloadDexCaches methods total=172745 before=71227 after=71752
02-25 15:24:53.194  1542  1542 I art     : VMRuntime.preloadDexCaches finished
02-25 15:24:53.350  1928  1928 D idmap   : error: no read access to /vendor/overlay: No such file or directory
02-25 15:24:53.374  1542  1542 I Zygote  : Preloading resources...
02-25 15:24:53.737  1542  1750 I art     : Background concurrent mark sweep GC freed 279(14KB) AllocSpace objects, 0(0B) LOS objects, 24% free, 1828KB/2MB, paused 10.740ms total 68.671ms
02-25 15:24:54.933  1542  1542 I Zygote  : ...preloaded 342 resources in 1559ms.
02-25 15:24:54.978  1542  1542 I Zygote  : ...preloaded 41 resources in 45ms.
02-25 15:24:54.996  1542  1542 D libEGL  : loaded /vendor/lib/egl/libEGL_adreno.so
02-25 15:24:55.001  1542  1542 D libEGL  : loaded /vendor/lib/egl/libGLESv1_CM_adreno.so
02-25 15:24:55.109  1542  1542 D libEGL  : loaded /vendor/lib/egl/libGLESv2_adreno.so
02-25 15:24:55.168  1542  1542 I Zygote  : Preloading shared libraries...
02-25 15:24:55.209  1542  1542 D Zygote  : end preload
02-25 15:24:55.209  1542  1542 I art     : Starting a blocking GC Explicit
02-25 15:24:55.283  1542  1542 I art     : Explicit concurrent mark sweep GC freed 2810(128KB) AllocSpace objects, 0(0B) LOS objects, 24% free, 4MB/6MB, paused 915us total 51.473ms
02-25 15:24:55.285  1542  1542 I art     : Starting a blocking GC Explicit
02-25 15:24:55.330  1542  1542 I art     : Explicit concurrent mark sweep GC freed 1080(46KB) AllocSpace objects, 0(0B) LOS objects, 24% free, 4MB/6MB, paused 945us total 44.053ms
02-25 15:24:55.331  1542  1750 I art     : Starting a blocking GC HeapTrim
02-25 15:24:55.352  1542  1542 I art     : Starting a blocking GC Background
02-25 15:24:55.397  1542  1542 I art     : Background concurrent mark sweep GC freed 76(3KB) AllocSpace objects, 0(0B) LOS objects, 24% free, 4MB/6MB, paused 5.253ms total 44.260ms
02-25 15:24:55.551  1542  1542 I Zygote  : System server process 2045 has been created
02-25 15:24:55.576  1542  1542 I Zygote  : Accepting command socket connections
02-25 15:24:55.592  2045  2045 I InstallerConnection: connecting...
02-25 15:24:55.598   231   231 I installd: new connection
02-25 15:24:55.631  2045  2045 I InstallerConnection: disconnecting...
02-25 15:24:55.632   231   231 E installd: eof
02-25 15:24:55.632   231   231 E installd: failed to read size
02-25 15:24:55.632   231   231 I installd: closing connection
02-25 15:24:55.705  2045  2045 I SystemServer: Entered the Android system server!
02-25 15:24:55.970  2045  2045 I SystemServiceManager: Starting com.android.server.pm.Installer
02-25 15:24:55.971  2045  2045 I Installer: Waiting for installd to be ready.
02-25 15:24:55.971  2045  2045 I InstallerConnection: connecting...
02-25 15:24:55.972   231   231 I installd: new connection
02-25 15:24:55.975  2045  2045 I SystemServiceManager: Starting com.android.server.am.ActivityManagerService$Lifecycle
02-25 15:24:56.010  2045  2045 I XXXXXX  : choosing minFree values for 32 Bit
02-25 15:24:56.010  2045  2045 I XXXXXX  : choosing minFree values for 32 Bit
02-25 15:24:56.010  2045  2045 I XXXXXX  : choosing minFree values for 32 Bit
02-25 15:24:56.010  2045  2045 I XXXXXX  : choosing minFree values for 32 Bit
02-25 15:24:56.010  2045  2045 I XXXXXX  : choosing minFree values for 32 Bit
02-25 15:24:56.010  2045  2045 I XXXXXX  : choosing minFree values for 32 Bit
02-25 15:24:56.023  2045  2045 I ActivityManager: Memory class: 48
02-25 15:24:56.036  2045  2086 I ServiceThread: Enabled StrictMode logging for ActivityManager looper.
02-25 15:24:56.045  2045  2087 I ServiceThread: Enabled StrictMode logging for android.ui looper.
02-25 15:24:56.095  2045  2045 D BatteryStatsImpl: Reading daily items from /data/system/batterystats-daily.xml
02-25 15:24:56.490  2045  2045 W ProcessCpuTracker: Skipping unknown process pid 2101
02-25 15:24:56.515  2045  2045 I IntentFirewall: Read new rules (A:0 B:0 S:0)
02-25 15:24:56.542  2045  2115 I ServiceThread: Enabled StrictMode logging for android.display looper.
02-25 15:24:56.554  2045  2045 D AppOps  : AppOpsService published
02-25 15:24:56.555  2045  2045 I SystemServiceManager: Starting com.android.server.power.PowerManagerService
02-25 15:24:56.562  2045  2117 I ServiceThread: Enabled StrictMode logging for PowerManagerService looper.
02-25 15:24:56.571  2045  2045 I libsuspend: Selected early suspend
02-25 15:24:56.571  2045  2045 I libsuspend: Starting early suspend unblocker thread
02-25 15:24:56.579  2045  2045 I SystemServiceManager: Starting com.android.server.lights.LightsService
02-25 15:24:56.592  2045  2045 I SystemServiceManager: Starting com.android.server.display.DisplayManagerService
02-25 15:24:56.615  2045  2045 I SystemServiceManager: Starting phase 100
02-25 15:24:56.628  2045  2115 I DisplayManagerService: Display device added: DisplayDeviceInfo{" ": uniqueId="local:0", 540 x 960, modeId 1, defaultModeId 1, supportedModes [{id=1, width=540, height=960, fps=60.0}], colorTransformId 1, defaultColorTransformId 1, supportedColorTransforms [{id=1, colorTransform=0}], density 240, 159.488 x 160.421 dpi, appVsyncOff 0, presDeadline 17666667, touch INTERNAL, rotation 0, type BUILT_IN, state UNKNOWN, FLAG_DEFAULT_DISPLAY, FLAG_ROTATES_WITH_CONTENT, FLAG_SECURE, FLAG_SUPPORTS_PROTECTED_BUFFERS}
02-25 15:24:56.637   203   203 D SurfaceFlinger: Set power mode=2, type=0 flinger=0xb85b3e80
02-25 15:24:56.637   203   203 D SurfaceFlinger: Screen type=0 is already mode=2
02-25 15:24:56.639  2045  2045 I SystemServer: Package Manager
02-25 15:24:56.639  2045  2115 I DisplayManagerService: Display device changed state: " ", ON
02-25 15:24:56.699  2045  2045 W SystemConfig: No directory /system/etc/sysconfig, skipping
02-25 15:24:56.877  2045  2058 I art     : Background sticky concurrent mark sweep GC freed 9611(957KB) AllocSpace objects, 24(728KB) LOS objects, 17% free, 5MB/6MB, paused 7.059ms total 166.011ms
02-25 15:24:56.893  2045  2045 D SELinuxMMAC: Using policy file /system/etc/security/mac_permissions.xml
02-25 15:24:56.917  2045  2045 W PackageManager: No start tag found in package manager settings
02-25 15:24:56.924  2045  2045 E PackageManager: No start tag found in package manager settings
02-25 15:24:56.929  2045  2045 E AndroidRuntime: Error reporting WTF
02-25 15:24:56.929  2045  2045 E AndroidRuntime: java.lang.NullPointerException: Attempt to invoke interface method 'boolean android.app.IActivityManager.handleApplicationWtf(android.os.IBinder, java.lang.String, boolean, android.app.ApplicationErrorReport$CrashInfo)' on a null object reference
02-25 15:24:56.929  2045  2045 E AndroidRuntime: 	at com.android.internal.os.RuntimeInit.wtf(RuntimeInit.java:353)
02-25 15:24:56.929  2045  2045 E AndroidRuntime: 	at android.util.Log$1.onTerribleFailure(Log.java:104)
02-25 15:24:56.929  2045  2045 E AndroidRuntime: 	at android.util.Log.wtf(Log.java:297)
02-25 15:24:56.929  2045  2045 E AndroidRuntime: 	at android.util.Slog.wtf(Slog.java:82)
02-25 15:24:56.929  2045  2045 E AndroidRuntime: 	at com.android.server.pm.Settings.readLPw(Settings.java:2793)
02-25 15:24:56.929  2045  2045 E AndroidRuntime: 	at com.android.server.pm.PackageManagerService.<init>(PackageManagerService.java:2008)
02-25 15:24:56.929  2045  2045 E AndroidRuntime: 	at com.android.server.pm.PackageManagerService.main(PackageManagerService.java:1856)
02-25 15:24:56.929  2045  2045 E AndroidRuntime: 	at com.android.server.SystemServer.startBootstrapServices(SystemServer.java:390)
02-25 15:24:56.929  2045  2045 E AndroidRuntime: 	at com.android.server.SystemServer.run(SystemServer.java:292)
02-25 15:24:56.929  2045  2045 E AndroidRuntime: 	at com.android.server.SystemServer.main(SystemServer.java:179)
02-25 15:24:56.929  2045  2045 E AndroidRuntime: 	at java.lang.reflect.Method.invoke(Native Method)
02-25 15:24:56.929  2045  2045 E AndroidRuntime: 	at com.android.internal.os.ZygoteInit$MethodAndArgsCaller.run(ZygoteInit.java:726)
02-25 15:24:56.929  2045  2045 E AndroidRuntime: 	at com.android.internal.os.ZygoteInit.main(ZygoteInit.java:616)
02-25 15:24:56.930  2045  2045 E AndroidRuntime: Original WTF:
02-25 15:24:56.930  2045  2045 E AndroidRuntime: android.util.Log$TerribleFailure: No start tag found in package manager settings
02-25 15:24:56.930  2045  2045 E AndroidRuntime: 	at android.util.Log.wtf(Log.java:291)
02-25 15:24:56.930  2045  2045 E AndroidRuntime: 	at android.util.Slog.wtf(Slog.java:82)
02-25 15:24:56.930  2045  2045 E AndroidRuntime: 	at com.android.server.pm.Settings.readLPw(Settings.java:2793)
02-25 15:24:56.930  2045  2045 E AndroidRuntime: 	at com.android.server.pm.PackageManagerService.<init>(PackageManagerService.java:2008)
02-25 15:24:56.930  2045  2045 E AndroidRuntime: 	at com.android.server.pm.PackageManagerService.main(PackageManagerService.java:1856)
02-25 15:24:56.930  2045  2045 E AndroidRuntime: 	at com.android.server.SystemServer.startBootstrapServices(SystemServer.java:390)
02-25 15:24:56.930  2045  2045 E AndroidRuntime: 	at com.android.server.SystemServer.run(SystemServer.java:292)
02-25 15:24:56.930  2045  2045 E AndroidRuntime: 	at com.android.server.SystemServer.main(SystemServer.java:179)
02-25 15:24:56.930  2045  2045 E AndroidRuntime: 	at java.lang.reflect.Method.invoke(Native Method)
02-25 15:24:56.930  2045  2045 E AndroidRuntime: 	at com.android.internal.os.ZygoteInit$MethodAndArgsCaller.run(ZygoteInit.java:726)
02-25 15:24:56.930  2045  2045 E AndroidRuntime: 	at com.android.internal.os.ZygoteInit.main(ZygoteInit.java:616)
02-25 15:24:56.961  2045  2045 E art     : DexFile_getDexOptNeeded file '/system/framework/org.apache.http.legacy.jar' does not exist
02-25 15:24:56.962  2045  2045 W PackageManager: Library not found: /system/framework/org.apache.http.legacy.jar
02-25 15:24:57.163  2045  2045 E System  : ******************************************
02-25 15:24:57.165  2045  2045 E System  : ************ Failure starting system services
02-25 15:24:57.165  2045  2045 E System  : java.lang.NullPointerException: Attempt to read from field 'java.lang.String com.android.server.pm.Settings$VersionInfo.fingerprint' on a null object reference
02-25 15:24:57.165  2045  2045 E System  : 	at com.android.server.pm.PackageManagerService.<init>(PackageManagerService.java:2148)
02-25 15:24:57.165  2045  2045 E System  : 	at com.android.server.pm.PackageManagerService.main(PackageManagerService.java:1856)
02-25 15:24:57.165  2045  2045 E System  : 	at com.android.server.SystemServer.startBootstrapServices(SystemServer.java:390)
02-25 15:24:57.165  2045  2045 E System  : 	at com.android.server.SystemServer.run(SystemServer.java:292)
02-25 15:24:57.165  2045  2045 E System  : 	at com.android.server.SystemServer.main(SystemServer.java:179)
02-25 15:24:57.165  2045  2045 E System  : 	at java.lang.reflect.Method.invoke(Native Method)
02-25 15:24:57.165  2045  2045 E System  : 	at com.android.internal.os.ZygoteInit$MethodAndArgsCaller.run(ZygoteInit.java:726)
02-25 15:24:57.165  2045  2045 E System  : 	at com.android.internal.os.ZygoteInit.main(ZygoteInit.java:616)
02-25 15:24:57.165  2045  2045 D AndroidRuntime: Shutting down VM
02-25 15:24:57.168  2045  2045 E AndroidRuntime: *** FATAL EXCEPTION IN SYSTEM PROCESS: main
02-25 15:24:57.168  2045  2045 E AndroidRuntime: java.lang.NullPointerException: Attempt to read from field 'java.lang.String com.android.server.pm.Settings$VersionInfo.fingerprint' on a null object reference
02-25 15:24:57.168  2045  2045 E AndroidRuntime: 	at com.android.server.pm.PackageManagerService.<init>(PackageManagerService.java:2148)
02-25 15:24:57.168  2045  2045 E AndroidRuntime: 	at com.android.server.pm.PackageManagerService.main(PackageManagerService.java:1856)
02-25 15:24:57.168  2045  2045 E AndroidRuntime: 	at com.android.server.SystemServer.startBootstrapServices(SystemServer.java:390)
02-25 15:24:57.168  2045  2045 E AndroidRuntime: 	at com.android.server.SystemServer.run(SystemServer.java:292)
02-25 15:24:57.168  2045  2045 E AndroidRuntime: 	at com.android.server.SystemServer.main(SystemServer.java:179)
02-25 15:24:57.168  2045  2045 E AndroidRuntime: 	at java.lang.reflect.Method.invoke(Native Method)
02-25 15:24:57.168  2045  2045 E AndroidRuntime: 	at com.android.internal.os.ZygoteInit$MethodAndArgsCaller.run(ZygoteInit.java:726)
02-25 15:24:57.168  2045  2045 E AndroidRuntime: 	at com.android.internal.os.ZygoteInit.main(ZygoteInit.java:616)
02-25 15:24:57.174  2045  2045 E AndroidRuntime: Error reporting crash
02-25 15:24:57.174  2045  2045 E AndroidRuntime: java.lang.NullPointerException: Attempt to invoke interface method 'void android.app.IActivityManager.handleApplicationCrash(android.os.IBinder, android.app.ApplicationErrorReport$CrashInfo)' on a null object reference
02-25 15:24:57.174  2045  2045 E AndroidRuntime: 	at com.android.internal.os.RuntimeInit$UncaughtHandler.uncaughtException(RuntimeInit.java:95)
02-25 15:24:57.174  2045  2045 E AndroidRuntime: 	at java.lang.ThreadGroup.uncaughtException(ThreadGroup.java:693)
02-25 15:24:57.174  2045  2045 E AndroidRuntime: 	at java.lang.ThreadGroup.uncaughtException(ThreadGroup.java:690)
02-25 15:24:57.175  2045  2045 I Process : Sending signal. PID: 2045 SIG: 9
02-25 15:24:57.203   200   200 I ServiceManager: service 'power' died
02-25 15:24:57.203   200   200 I ServiceManager: service 'appops' died
02-25 15:24:57.203   200   200 I ServiceManager: service 'batterystats' died
02-25 15:24:57.203   200   200 I ServiceManager: service 'display' died
02-25 15:24:57.203   231   231 E installd: eof
02-25 15:24:57.204   231   231 E installd: failed to read size
02-25 15:24:57.204   231   231 I installd: closing connection
02-25 15:24:57.465  1542  1542 E Zygote  : Exit zygote because system server (2045) has terminated
02-25 15:24:57.500  1541  1541 V NatController: runCmd(/system/bin/iptables -w -F natctrl_FORWARD) res=0
02-25 15:24:57.813  2173  2173 I Netd    : Netd 1.0 starting
02-25 15:24:57.824  2173  2173 I QtiConnectivityAdapter: Failed to open libconnctrl, some features may not be present.
02-25 15:24:57.828  2173  2173 D TetherController: Setting IP forward enable = 0
02-25 15:24:58.604   200   200 I ServiceManager: service 'media.resource_manager' died
02-25 15:24:58.604   200   200 I ServiceManager: service 'media.audio_flinger' died
02-25 15:24:58.604   200   200 I ServiceManager: service 'media.player' died
02-25 15:25:00.470  2196  2196 I mediaserver: ServiceManager: 0xb7eafbe0
02-25 15:25:00.470  2196  2196 I AudioFlinger: Using default 3000 mSec as standby time.
02-25 15:25:00.485  2196  2196 E BatteryNotifier: batterystats service unavailable!
02-25 15:25:00.485  2196  2196 E BatteryNotifier: batterystats service unavailable!
02-25 15:25:00.488  2196  2196 I CameraService: CameraService started (pid=2196)
02-25 15:25:00.488  2196  2196 I CameraService: CameraService process starting
02-25 15:25:00.488  2196  2196 E BatteryNotifier: batterystats service unavailable!
02-25 15:25:00.489  2196  2196 E BatteryNotifier: batterystats service unavailable!
02-25 15:25:00.538  2196  2196 D QualcommCamera: Qint android::get_number_of_cameras(): E
02-25 15:25:00.539  2196  2196 I QCameraHAL: Handle base =0x0xb49a5068
02-25 15:25:00.539  2196  2196 I QCameraHAL: getCameraInfo: numOfCameras = 2
02-25 15:25:00.539  2196  2196 I QCameraHAL: Handle [0]=0x0xb49a5068
02-25 15:25:00.539  2196  2196 I QCameraHAL: Camera sensor 0 info:
02-25 15:25:00.539  2196  2196 I QCameraHAL: camera_id: 0
02-25 15:25:00.539  2196  2196 I QCameraHAL: modes_supported: 1
02-25 15:25:00.539  2196  2196 I QCameraHAL: position: 0
02-25 15:25:00.539  2196  2196 I QCameraHAL: sensor_mount_angle: 90
02-25 15:25:00.539  2196  2196 I QCameraHAL: Handle [1]=0x0xb49a50ac
02-25 15:25:00.539  2196  2196 I QCameraHAL: Camera sensor 1 info:
02-25 15:25:00.539  2196  2196 I QCameraHAL: camera_id: 1
02-25 15:25:00.540  2196  2196 I QCameraHAL: modes_supported: 1
02-25 15:25:00.540  2196  2196 I QCameraHAL: position: 1
02-25 15:25:00.540  2196  2196 I QCameraHAL: sensor_mount_angle: 270
02-25 15:25:00.540  2196  2196 I CameraService: Loaded "JSR msm7x27a Camera HAL" camera module
02-25 15:25:00.540  2196  2196 D QualcommCamera: Qint android::get_number_of_cameras(): E
02-25 15:25:00.540  2196  2196 I QCameraHAL: Handle base =0x0xb49a5068
02-25 15:25:00.540  2196  2196 I QCameraHAL: getCameraInfo: numOfCameras = 2
02-25 15:25:00.540  2196  2196 I QCameraHAL: Handle [0]=0x0xb49a5068
02-25 15:25:00.540  2196  2196 I QCameraHAL: Camera sensor 0 info:
02-25 15:25:00.540  2196  2196 I QCameraHAL: camera_id: 0
02-25 15:25:00.540  2196  2196 I QCameraHAL: modes_supported: 1
02-25 15:25:00.540  2196  2196 I QCameraHAL: position: 0
02-25 15:25:00.540  2196  2196 I QCameraHAL: sensor_mount_angle: 90
02-25 15:25:00.540  2196  2196 I QCameraHAL: Handle [1]=0x0xb49a50ac
02-25 15:25:00.540  2196  2196 I QCameraHAL: Camera sensor 1 info:
02-25 15:25:00.541  2196  2196 I QCameraHAL: camera_id: 1
02-25 15:25:00.541  2196  2196 I QCameraHAL: modes_supported: 1
02-25 15:25:00.541  2196  2196 I QCameraHAL: position: 1
02-25 15:25:00.541  2196  2196 I QCameraHAL: sensor_mount_angle: 270
02-25 15:25:00.541  2196  2196 D QualcommCamera: Qint android::get_number_of_cameras(): E
02-25 15:25:00.541  2196  2196 I QCameraHAL: Handle base =0x0xb49a5068
02-25 15:25:00.541  2196  2196 I QCameraHAL: getCameraInfo: numOfCameras = 2
02-25 15:25:00.541  2196  2196 I QCameraHAL: Handle [0]=0x0xb49a5068
02-25 15:25:00.541  2196  2196 I QCameraHAL: Camera sensor 0 info:
02-25 15:25:00.541  2196  2196 I QCameraHAL: camera_id: 0
02-25 15:25:00.541  2196  2196 I QCameraHAL: modes_supported: 1
02-25 15:25:00.541  2196  2196 I QCameraHAL: position: 0
02-25 15:25:00.541  2196  2196 I QCameraHAL: sensor_mount_angle: 90
02-25 15:25:00.541  2196  2196 I QCameraHAL: Handle [1]=0x0xb49a50ac
02-25 15:25:00.542  2196  2196 I QCameraHAL: Camera sensor 1 info:
02-25 15:25:00.542  2196  2196 I QCameraHAL: camera_id: 1
02-25 15:25:00.542  2196  2196 I QCameraHAL: modes_supported: 1
02-25 15:25:00.542  2196  2196 I QCameraHAL: position: 1
02-25 15:25:00.542  2196  2196 I QCameraHAL: sensor_mount_angle: 270
02-25 15:25:00.542  2196  2196 I CameraFlashlight: Opening camera 0
02-25 15:25:00.542  2196  2196 D QualcommCamera: Qint android::get_camera_info(int, camera_info*): E
02-25 15:25:00.542  2196  2196 D QCameraHAL: void android::HAL_getCameraInfo(int, android::CameraInfo*): E
02-25 15:25:00.542  2196  2196 D QualcommCamera: Qint android::get_camera_info(int, camera_info*): X
02-25 15:25:00.542  2196  2196 I QCameraHWI: QCameraHardwareInterface: E
02-25 15:25:00.542  2196  2196 I QCameraHWI: Init mPreviewState = 0
02-25 15:25:00.691  1699  2256 E mm-camera: kernel returned ov8825_truly_cm8313
02-25 15:25:00.691  1699  2256 E mm-camera: kernel returned ov8825_truly
02-25 15:25:01.172  1699  2256 E mm-camera: sensor_load_chromatix: libchromatix_ov8825_truly_preview.so: 36
02-25 15:25:01.195  2196  2196 E mm-libcamera2: mm_camera_open:  ctrl_fd = 6
02-25 15:25:01.195  2196  2196 E mm-libcamera2: Errno:2
02-25 15:25:01.195  2196  2196 E mm-libcamera2: mm_camera_open:  opened, break out while loop
02-25 15:25:01.195  2196  2196 E mm-libcamera2: mm_camera_open:  after while loop
02-25 15:25:01.195  2196  2196 E mm-libcamera2: mm_camera_open:  2
02-25 15:25:01.196  2196  2196 E mm-libcamera2: mm_camera_open:  ds_fd = 7
02-25 15:25:01.196  2196  2196 E mm-libcamera2: Errno:2
02-25 15:25:01.196  2196  2196 E mm-libcamera2: mm_camera_open:  opened, break out while loop
02-25 15:25:01.196  2196  2196 E mm-libcamera2: mm_camera_open:  after while loop for domain socket open
02-25 15:25:01.197  2196  2196 E mm-libcamera2: mm_camera_poll_thread_launch: ch_type = 0, poll_type = 1, read fd = 8, write fd = 10
02-25 15:25:01.200  2196  2196 E mm-libcamera2: mm_camera_poll_thread_launch: ch_type = 1, poll_type = 1, read fd = 11, write fd = 12
02-25 15:25:01.207  2196  2196 E mm-libcamera2: mm_camera_poll_thread_launch: ch_type = 2, poll_type = 1, read fd = 13, write fd = 14
02-25 15:25:01.208  2196  2196 E mm-libcamera2: mm_camera_poll_thread_launch: ch_type = 3, poll_type = 1, read fd = 15, write fd = 16
02-25 15:25:01.224  2196  2196 E mm-libcamera2: mm_camera_poll_thread_launch: ch_type = 4, poll_type = 1, read fd = 17, write fd = 18
02-25 15:25:01.232  2196  2196 E mm-libcamera2: mm_camera_poll_thread_launch: ch_type = 5, poll_type = 0, read fd = 19, write fd = 20
02-25 15:25:01.232  2196  2196 D QCameraHWI_Parm: void android::QCameraHardwareInterface::loadTables(): E
02-25 15:25:01.234  2196  2196 D QCameraHWI_Parm: void android::QCameraHardwareInterface::loadTables(): X
02-25 15:25:01.234  2196  2196 D QCameraHWI_Parm: android::status_t android::QCameraHardwareInterface::setPictureSizeTable(): Max Picture Sizes Supported: 3264 X 2448
02-25 15:25:01.235  2196  2196 D QCameraHWI_Parm: android::status_t android::QCameraHardwareInterface::setPictureSizeTable(): Camera Picture Size Table Max width: 3200 height 2400 table_size: 1
02-25 15:25:01.235  2196  2196 D QCameraHWI_Parm: android::status_t android::QCameraHardwareInterface::setPictureSizeTable(): Camera Picture Size Table Max width: 2592 height 1944 table_size: 2
02-25 15:25:01.235  2196  2196 D QCameraHWI_Parm: android::status_t android::QCameraHardwareInterface::setPictureSizeTable(): Camera Picture Size Table Max width: 2560 height 1920 table_size: 3
02-25 15:25:01.235  2196  2196 D QCameraHWI_Parm: android::status_t android::QCameraHardwareInterface::setPictureSizeTable(): Camera Picture Size Table Max width: 2560 height 1536 table_size: 4
02-25 15:25:01.235  2196  2196 D QCameraHWI_Parm: android::status_t android::QCameraHardwareInterface::setPictureSizeTable(): Camera Picture Size Table Max width: 2048 height 1536 table_size: 5
02-25 15:25:01.235  2196  2196 D QCameraHWI_Parm: android::status_t android::QCameraHardwareInterface::setPictureSizeTable(): Camera Picture Size Table Max width: 2240 height 1344 table_size: 6
02-25 15:25:01.235  2196  2196 D QCameraHWI_Parm: android::status_t android::QCameraHardwareInterface::setPictureSizeTable(): Camera Picture Size Table Max width: 2304 height 1296 table_size: 7
02-25 15:25:01.235  2196  2196 D QCameraHWI_Parm: android::status_t android::QCameraHardwareInterface::setPictureSizeTable(): Camera Picture Size Table Max width: 1920 height 1080 table_size: 8
02-25 15:25:01.235  2196  2196 D QCameraHWI_Parm: android::status_t android::QCameraHardwareInterface::setPictureSizeTable(): Camera Picture Size Table Max width: 1600 height 1200 table_size: 9
02-25 15:25:01.235  2196  2196 D QCameraHWI_Parm: android::status_t android::QCameraHardwareInterface::setPictureSizeTable(): Camera Picture Size Table Max width: 1536 height 864 table_size: 10
02-25 15:25:01.235  2196  2196 D QCameraHWI_Parm: android::status_t android::QCameraHardwareInterface::setPictureSizeTable(): Camera Picture Size Table Max width: 1280 height 960 table_size: 11
02-25 15:25:01.235  2196  2196 D QCameraHWI_Parm: android::status_t android::QCameraHardwareInterface::setPictureSizeTable(): Camera Picture Size Table Max width: 1280 height 768 table_size: 12
02-25 15:25:01.236  2196  2196 D QCameraHWI_Parm: android::status_t android::QCameraHardwareInterface::setPictureSizeTable(): Camera Picture Size Table Max width: 1280 height 720 table_size: 13
02-25 15:25:01.236  2196  2196 D QCameraHWI_Parm: android::status_t android::QCameraHardwareInterface::setPictureSizeTable(): Camera Picture Size Table Max width: 1024 height 768 table_size: 14
02-25 15:25:01.236  2196  2196 D QCameraHWI_Parm: android::status_t android::QCameraHardwareInterface::setPictureSizeTable(): Camera Picture Size Table Max width: 800 height 600 table_size: 15
02-25 15:25:01.236  2196  2196 D QCameraHWI_Parm: android::status_t android::QCameraHardwareInterface::setPictureSizeTable(): Camera Picture Size Table Max width: 800 height 480 table_size: 16
02-25 15:25:01.236  2196  2196 D QCameraHWI_Parm: android::status_t android::QCameraHardwareInterface::setPictureSizeTable(): Camera Picture Size Table Max width: 640 height 480 table_size: 17
02-25 15:25:01.236  2196  2196 D QCameraHWI_Parm: android::status_t android::QCameraHardwareInterface::setPictureSizeTable(): Camera Picture Size Table Max width: 352 height 288 table_size: 18
02-25 15:25:01.236  2196  2196 D QCameraHWI_Parm: android::status_t android::QCameraHardwareInterface::setPictureSizeTable(): Camera Picture Size Table Max width: 320 height 240 table_size: 19
02-25 15:25:01.236  2196  2196 D QCameraHWI_Parm: android::status_t android::QCameraHardwareInterface::setPictureSizeTable(): Camera Picture Size Table Max width: 176 height 144 table_size: 20
02-25 15:25:01.236  2196  2196 D QCameraHWI: android::QCameraHardwareInterface::QCameraHardwareInterface(int, int): Picture table size: 20
02-25 15:25:01.236  2196  2196 D QCameraHWI: android::QCameraHardwareInterface::QCameraHardwareInterface(int, int): Picture table: 
02-25 15:25:01.236  2196  2196 D QCameraHWI:  3200  2400
02-25 15:25:01.236  2196  2196 D QCameraHWI:  2592  1944
02-25 15:25:01.236  2196  2196 D QCameraHWI:  2560  1920
02-25 15:25:01.236  2196  2196 D QCameraHWI:  2560  1536
02-25 15:25:01.236  2196  2196 D QCameraHWI:  2048  1536
02-25 15:25:01.236  2196  2196 D QCameraHWI:  2240  1344
02-25 15:25:01.237  2196  2196 D QCameraHWI:  2304  1296
02-25 15:25:01.237  2196  2196 D QCameraHWI:  1920  1080
02-25 15:25:01.237  2196  2196 D QCameraHWI:  1600  1200
02-25 15:25:01.237  2196  2196 D QCameraHWI:  1536  864
02-25 15:25:01.237  2196  2196 D QCameraHWI:  1280  960
02-25 15:25:01.237  2196  2196 D QCameraHWI:  1280  768
02-25 15:25:01.237  2196  2196 D QCameraHWI:  1280  720
02-25 15:25:01.237  2196  2196 D QCameraHWI:  1024  768
02-25 15:25:01.237  2196  2196 D QCameraHWI:  800  600
02-25 15:25:01.237  2196  2196 D QCameraHWI:  800  480
02-25 15:25:01.237  2196  2196 D QCameraHWI:  640  480
02-25 15:25:01.237  2196  2196 D QCameraHWI:  352  288
02-25 15:25:01.237  2196  2196 D QCameraHWI:  320  240
02-25 15:25:01.237  2196  2196 D QCameraHWI:  176  144
02-25 15:25:01.237  2196  2196 D QCameraHWI_Parm: android::status_t android::QCameraHardwareInterface::setPreviewSizeTable(): Max Preview Sizes Supported: 1632 X 1224
02-25 15:25:01.237  2196  2196 D QCameraHWI_Parm: android::status_t android::QCameraHardwareInterface::setPreviewSizeTable(): Camera Preview Size Table Max width: 1280 height 720 table_size: 14
02-25 15:25:01.237  2196  2196 D QCameraHWI_Parm: KEY_PREFERRED_PREVIEW_SIZE_FOR_VIDEO = 1280x720
02-25 15:25:01.237  2196  2196 D QCameraHWI: android::QCameraHardwareInterface::QCameraHardwareInterface(int, int): Preview table size: 14
02-25 15:25:01.237  2196  2196 D QCameraHWI: android::QCameraHardwareInterface::QCameraHardwareInterface(int, int): Preview table: 
02-25 15:25:01.238  2196  2196 D QCameraHWI:  1280  720
02-25 15:25:01.238  2196  2196 D QCameraHWI:  864  480
02-25 15:25:01.238  2196  2196 D QCameraHWI:  800  480
02-25 15:25:01.238  2196  2196 D QCameraHWI:  768  432
02-25 15:25:01.238  2196  2196 D QCameraHWI:  720  480
02-25 15:25:01.238  2196  2196 D QCameraHWI:  640  480
02-25 15:25:01.238  2196  2196 D QCameraHWI:  576  432
02-25 15:25:01.238  2196  2196 D QCameraHWI:  480  320
02-25 15:25:01.238  2196  2196 D QCameraHWI:  432  240
02-25 15:25:01.238  2196  2196 D QCameraHWI:  384  288
02-25 15:25:01.238  2196  2196 D QCameraHWI:  352  288
02-25 15:25:01.238  2196  2196 D QCameraHWI:  320  240
02-25 15:25:01.238  2196  2196 D QCameraHWI:  240  160
02-25 15:25:01.238  2196  2196 D QCameraHWI:  176  144
02-25 15:25:01.238  2196  2196 D QCameraHWI_Parm: android::status_t android::QCameraHardwareInterface::setVideoSizeTable(): E
02-25 15:25:01.238  2196  2196 D QCameraHWI_Parm: android::status_t android::QCameraHardwareInterface::setVideoSizeTable(): Max Video Size Supported: 1632 X 1224
02-25 15:25:01.238  2196  2196 D QCameraHWI_Parm: android::status_t android::QCameraHardwareInterface::setVideoSizeTable(): Supported Video Size [0] = 1280x720
02-25 15:25:01.238  2196  2196 D QCameraHWI_Parm: android::status_t android::QCameraHardwareInterface::setVideoSizeTable(): Supported Video Size [1] = 864x480
02-25 15:25:01.238  2196  2196 D QCameraHWI_Parm: android::status_t android::QCameraHardwareInterface::setVideoSizeTable(): Supported Video Size [2] = 800x480
02-25 15:25:01.238  2196  2196 D QCameraHWI_Parm: android::status_t android::QCameraHardwareInterface::setVideoSizeTable(): Supported Video Size [3] = 768x432
02-25 15:25:01.238  2196  2196 D QCameraHWI_Parm: android::status_t android::QCameraHardwareInterface::setVideoSizeTable(): Supported Video Size [4] = 720x480
02-25 15:25:01.239  2196  2196 D QCameraHWI_Parm: android::status_t android::QCameraHardwareInterface::setVideoSizeTable(): Supported Video Size [5] = 640x480
02-25 15:25:01.239  2196  2196 D QCameraHWI_Parm: android::status_t android::QCameraHardwareInterface::setVideoSizeTable(): Supported Video Size [6] = 576x432
02-25 15:25:01.239  2196  2196 D QCameraHWI_Parm: android::status_t android::QCameraHardwareInterface::setVideoSizeTable(): Supported Video Size [7] = 480x320
02-25 15:25:01.239  2196  2196 D QCameraHWI_Parm: android::status_t android::QCameraHardwareInterface::setVideoSizeTable(): Supported Video Size [8] = 432x240
02-25 15:25:01.239  2196  2196 D QCameraHWI_Parm: android::status_t android::QCameraHardwareInterface::setVideoSizeTable(): Supported Video Size [9] = 384x288
02-25 15:25:01.239  2196  2196 D QCameraHWI_Parm: android::status_t android::QCameraHardwareInterface::setVideoSizeTable(): Supported Video Size [10] = 352x288
02-25 15:25:01.239  2196  2196 D QCameraHWI_Parm: android::status_t android::QCameraHardwareInterface::setVideoSizeTable(): Supported Video Size [11] = 320x240
02-25 15:25:01.239  2196  2196 D QCameraHWI_Parm: android::status_t android::QCameraHardwareInterface::setVideoSizeTable(): Supported Video Size [12] = 240x160
02-25 15:25:01.239  2196  2196 D QCameraHWI_Parm: android::status_t android::QCameraHardwareInterface::setVideoSizeTable(): Supported Video Size [13] = 176x144
02-25 15:25:01.239  2196  2196 D QCameraHWI_Parm: android::status_t android::QCameraHardwareInterface::setVideoSizeTable(): X
02-25 15:25:01.239  2196  2196 D QCameraHWI: android::QCameraHardwareInterface::QCameraHardwareInterface(int, int): Video table size: 14
02-25 15:25:01.239  2196  2196 D QCameraHWI: android::QCameraHardwareInterface::QCameraHardwareInterface(int, int): Video table: 
02-25 15:25:01.239  2196  2196 D QCameraHWI:  1280  720
02-25 15:25:01.239  2196  2196 D QCameraHWI:  864  480
02-25 15:25:01.239  2196  2196 D QCameraHWI:  800  480
02-25 15:25:01.239  2196  2196 D QCameraHWI:  768  432
02-25 15:25:01.239  2196  2196 D QCameraHWI:  720  480
02-25 15:25:01.239  2196  2196 D QCameraHWI:  640  480
02-25 15:25:01.239  2196  2196 D QCameraHWI:  576  432
02-25 15:25:01.239  2196  2196 D QCameraHWI:  480  320
02-25 15:25:01.239  2196  2196 D QCameraHWI:  432  240
02-25 15:25:01.239  2196  2196 D QCameraHWI:  384  288
02-25 15:25:01.240  2196  2196 D QCameraHWI:  352  288
02-25 15:25:01.240  2196  2196 D QCameraHWI:  320  240
02-25 15:25:01.240  2196  2196 D QCameraHWI:  240  160
02-25 15:25:01.240  2196  2196 D QCameraHWI:  176  144
02-25 15:25:01.240  2196  2196 I QCameraHWI: setMyMode: E
02-25 15:25:01.240  2196  2196 I QCameraHWI: setMyMode: Set mode to 5 (passed mode: 0)
02-25 15:25:01.240  2196  2196 I QCameraHWI: setMyMode: X
02-25 15:25:01.240  2196  2196 I QCameraHWI_Parm: void android::QCameraHardwareInterface::initDefaultParameters(): E
02-25 15:25:01.240  2196  2196 D QCameraHWI_Parm: bool android::QCameraHardwareInterface::getMaxPictureDimension(mm_camera_dimension_t*): Found Max Picture dimension: 3200 x 2400
02-25 15:25:01.240  2196  2196 I QCameraHWI_Parm: bool android::QCameraHardwareInterface::native_set_parms(mm_camera_parm_type_t, uint16_t, void*) : type : 3 Value : 71305088
02-25 15:25:01.251  1699  2256 E mm-camera: mctl_init_stats_proc_info: snap_max_line_cnt =30840
02-25 15:25:01.256  2196  2196 D QCameraHWI_Parm: sensor fps range = (10.023149, 29.523438)
02-25 15:25:01.256  2196  2196 E QCameraHWI_Parm: max sensor fps range after correction = (10.023148, 29.523438)
02-25 15:25:01.256  2196  2196 D QCameraHWI_Parm: supported fps ranges = (10000,10000),(15000,15000),(20000,20000),(10000,30000),(15000,30000),(30000,30000)
02-25 15:25:01.257  2196  2196 I QCameraHWI_Parm: Max Zoom:61
02-25 15:25:01.258  2196  2196 I QCameraHWI_Parm: Zoom supported:1
02-25 15:25:01.269  2196  2196 I QCameraHWI_Parm: max zoom is 60
02-25 15:25:01.271  1699  2256 E mm-camera: config_proc_CAMERA_GET_PARM_FOCAL_LENGTH Focal length of the sensor = 4.920000 
02-25 15:25:01.271  1699  2256 E mm-camera: config_proc_CAMERA_GET_PARM_HORIZONTAL_VIEW_ANGLE Horizontal view angle of the sensor = 55.400002 
02-25 15:25:01.271  1699  2256 E mm-camera: config_proc_CAMERA_GET_PARM_VERTICAL_VIEW_ANGLE Vertical view angle of the sensor = 42.700001 
02-25 15:25:01.272  2196  2196 I QCameraHWI_Parm: int android::QCameraHardwareInterface::getZSLQueueDepth() const: prop = 2
02-25 15:25:01.272  2196  2196 I QCameraHWI_Parm: int android::QCameraHardwareInterface::getZSLQueueDepth() const: prop = 2
02-25 15:25:01.272  2196  2196 I QCameraHWI_Parm: android::status_t android::QCameraHardwareInterface::setParameters(const android::QCameraParameters&): E
02-25 15:25:01.272  2196  2196 I QCameraHWI_Parm: ZSL is enabled  0
02-25 15:25:01.273  1699  2256 E mm-camera: config_proc_CAMERA_SET_CHANNEL_STREAM rc = 1, status = 1
02-25 15:25:01.273  1699  2256 E mm-camera: config_proc_CAMERA_GET_CHANNEL_STREAM Channel stream info = 0 
02-25 15:25:01.273  2196  2196 I QCameraHWI_Parm: Enable Normal Power Mode
02-25 15:25:01.273  2196  2196 I QCameraHWI_Parm: android::status_t android::QCameraHardwareInterface::setPowerMode(const android::QCameraParameters&): Calling sysinfo() 
02-25 15:25:01.274  2196  2196 I QCameraHWI_Parm: android::status_t android::QCameraHardwareInterface::setPowerMode(const android::QCameraParameters&): totalram = 669904896, freeram = 330383360 
02-25 15:25:01.274  2196  2196 I QCameraHWI_Parm: android::status_t android::QCameraHardwareInterface::setPowerMode(const android::QCameraParameters&) Low power mode Disabled value = 0
02-25 15:25:01.274  2196  2196 I QCameraHWI_Parm: bool android::QCameraHardwareInterface::native_set_parms(mm_camera_parm_type_t, uint16_t, void*) : type : 81 Value : 0
02-25 15:25:01.274  1699  2256 E mm-camera: config_proc_CAMERA_SET_LOW_POWER_MODE Low power mode enabled? : No 
02-25 15:25:01.274  2196  2196 I QCameraHWI_Parm: ################requested preview size 640 x 480
02-25 15:25:01.274  2196  2196 I QCameraHWI_Parm: setPreviewSize:  width: 640   heigh: 480
02-25 15:25:01.275  2196  2196 D QCameraHWI_Parm: android::status_t android::QCameraHardwareInterface::setVideoSize(const android::QCameraParameters&): E
02-25 15:25:01.275  2196  2196 I QCameraHWI_Parm: android::status_t android::QCameraHardwareInterface::setVideoSize(const android::QCameraParameters&): requested record size 1280x720
02-25 15:25:01.275  2196  2196 I QCameraHWI_Parm: android::status_t android::QCameraHardwareInterface::setVideoSize(const android::QCameraParameters&): preview dimensions: 640x480
02-25 15:25:01.275  2196  2196 I QCameraHWI_Parm: android::status_t android::QCameraHardwareInterface::setVideoSize(const android::QCameraParameters&): video dimensions: 1280x720
02-25 15:25:01.275  2196  2196 D QCameraHWI_Parm: android::status_t android::QCameraHardwareInterface::setVideoSize(const android::QCameraParameters&): X
02-25 15:25:01.275  2196  2196 D QCameraHWI_Parm: QualcommCameraHardware::setPictureSize E
02-25 15:25:01.275  2196  2196 I QCameraHWI_Parm: requested picture size 640 x 480
02-25 15:25:01.275  2196  2196 I QCameraHWI_Parm: requested jpeg thumbnail size 512 x 384
02-25 15:25:01.275  2196  2196 D QCameraHWI_Parm: setJpegQuality E
02-25 15:25:01.275  2196  2196 D QCameraHWI_Parm: setJpegQuality X
02-25 15:25:01.275  2196  2196 D QCameraHWI_Parm: android::status_t android::QCameraHardwareInterface::setEffect(const android::QCameraParameters&)
02-25 15:25:01.275  2196  2196 I QCameraHWI_Parm: Setting effect none
02-25 15:25:01.275  2196  2196 I QCameraHWI_Parm: Setting effect to lower HAL : 0
02-25 15:25:01.276  2196  2196 I QCameraHWI_Parm: native_set_parms: succeeded : 0
02-25 15:25:01.276  2196  2196 D QCameraHWI_Parm: setGpsLocation X
02-25 15:25:01.276  2196  2196 D QCameraHWI_Parm: setRotation
02-25 15:25:01.276  2196  2196 D QCameraHWI_Parm: android::status_t android::QCameraHardwareInterface::setZoom(const android::QCameraParameters&): E
02-25 15:25:01.276  2196  2196 E QCameraHWI_Parm: android::status_t android::QCameraHardwareInterface::setFaceZoom(const android::QCameraParameters&): Face Zoom Enabled Already
02-25 15:25:01.276  2196  2196 I QCameraHWI_Parm: bool android::QCameraHardwareInterface::native_set_parms(mm_camera_parm_type_t, uint16_t, void*) : type : 26 Value : 0
02-25 15:25:01.277  2196  2196 D QCameraHWI_Parm: android::status_t android::QCameraHardwareInterface::setZoom(const android::QCameraParameters&) X
02-25 15:25:01.277  2196  2196 I QCameraHWI_Parm: bool android::QCameraHardwareInterface::native_set_parms(mm_camera_parm_type_t, uint16_t, void*) : type : 16 Value : 3585
02-25 15:25:01.277  2196  2196 D QCameraHWI_Parm: android::status_t android::QCameraHardwareInterface::setMCEValue(const android::QCameraParameters&)
02-25 15:25:01.277  2196  2196 E QCameraHWI_Parm: MM_CAMERA_PARM_MCE mode is not supported for this sensor
02-25 15:25:01.277  2196  2196 D QCameraHWI_Parm: android::status_t android::QCameraHardwareInterface::setSharpness(const android::QCameraParameters&)
02-25 15:25:01.277  2196  2196 I QCameraHWI_Parm: bool android::QCameraHardwareInterface::native_set_parms(mm_camera_parm_type_t, uint16_t, void*) : type : 9 Value : 10
02-25 15:25:01.277  2196  2196 D QCameraHWI_Parm: android::status_t android::QCameraHardwareInterface::setSaturation(const android::QCameraParameters&)
02-25 15:25:01.278  2196  2196 I QCameraHWI_Parm: native_set_parms: succeeded : 0
02-25 15:25:01.278  2196  2196 D QCameraHWI_Parm: android::status_t android::QCameraHardwareInterface::setSceneMode(const android::QCameraParameters&)
02-25 15:25:01.278  2196  2196 I QCameraHWI_Parm: Scene Mode string : auto
02-25 15:25:01.278  2196  2196 I QCameraHWI_Parm: Setting Scenemode value = 0
02-25 15:25:01.278  2196  2196 I QCameraHWI_Parm: bool android::QCameraHardwareInterface::native_set_parms(mm_camera_parm_type_t, uint16_t, void*) : type : 25 Value : 0
02-25 15:25:01.304  2196  2196 D QCameraHWI_Parm: android::status_t android::QCameraHardwareInterface::setContrast(const android::QCameraParameters&) E
02-25 15:25:01.304  2196  2196 I QCameraHWI_Parm: Contrast : auto
02-25 15:25:01.304  2196  2196 D QCameraHWI_Parm: Calling Contrast set on Lower layer
02-25 15:25:01.304  2196  2196 I QCameraHWI_Parm: bool android::QCameraHardwareInterface::native_set_parms(mm_camera_parm_type_t, uint16_t, void*) : type : 10 Value : 5
02-25 15:25:01.304  2196  2196 I QCameraHWI_Parm: Lower layer returned 1
02-25 15:25:01.304  2196  2196 I QCameraHWI_Parm: setFaceDetect: off
02-25 15:25:01.304  2196  2196 I QCameraHWI_Parm: android::status_t android::QCameraHardwareInterface::setFaceDetect(const android::QCameraParameters&) Face detection value = 0, num_fd = 2
02-25 15:25:01.305  2196  2196 I QCameraHWI_Parm: bool android::QCameraHardwareInterface::native_set_parms(mm_camera_parm_type_t, uint16_t, void*) : type : 30 Value : 0
02-25 15:25:01.305  2196  2196 I QCameraHWI_Parm: bool android::QCameraHardwareInterface::native_set_parms(mm_camera_parm_type_t, uint16_t, void*) : type : 54 Value : 1
02-25 15:25:01.306  2196  2196 I QCameraHWI_Parm: Setting preview format to 1, i =0, num=4, hal_format=17
02-25 15:25:01.306  2196  2196 I QCameraHWI_Parm: Setting video format to yuv420spH
02-25 15:25:01.306  2196  2196 D QCameraHWI_Parm: android::status_t android::QCameraHardwareInterface::setSkinToneEnhancement(const android::QCameraParameters&)
02-25 15:25:01.306  2196  2196 E QCameraHWI_Parm: SkinToneEnhancement is not supported for this sensor
02-25 15:25:01.306  2196  2196 D QCameraHWI_Parm: android::status_t android::QCameraHardwareInterface::setWaveletDenoise(const android::QCameraParameters&)
02-25 15:25:01.306  2196  2196 E QCameraHWI_Parm: Denoise enable=1, plates=0
02-25 15:25:01.306  2196  2196 I QCameraHWI_Parm: bool android::QCameraHardwareInterface::native_set_parms(mm_camera_parm_type_t, uint16_t, void*) : type : 51 Value : 1
02-25 15:25:01.307  2196  2196 D QCameraHWI_Parm: android::status_t android::QCameraHardwareInterface::setAntibanding(const android::QCameraParameters&)
02-25 15:25:01.307  2196  2196 I QCameraHWI_Parm: Antibanding Value : 0
02-25 15:25:01.307  2196  2196 I QCameraHWI_Parm: native_set_parms: succeeded : 0
02-25 15:25:01.307  2196  2196 I QCameraHWI_Parm: setRedeyeReduction: setting Redeye Reduction value of disable
02-25 15:25:01.307  2196  2196 I QCameraHWI_Parm: bool android::QCameraHardwareInterface::native_set_parms(mm_camera_parm_type_t, uint16_t, void*) : type : 50 Value : 0
02-25 15:25:01.308  2196  2196 I QCameraHWI_Parm: in AE-bracket setting, effect is none
02-25 15:25:01.308  2196  2196 I QCameraHWI_Parm: color effect supported
02-25 15:25:01.308  2196  2196 I QCameraHWI_Parm: android::status_t android::QCameraHardwareInterface::setAEBracket(const android::QCameraParameters&): value=0
02-25 15:25:01.308  2196  2196 I QCameraHWI_Parm: bool android::QCameraHardwareInterface::native_set_parms(mm_camera_parm_type_t, uint16_t, void*) : type : 68 Value : 0
02-25 15:25:01.309  2196  2196 I QCameraHWI_Parm: android::status_t android::QCameraHardwareInterface::setPreviewFpsRange(const android::QCameraParameters&): Existing FpsRange Values:(30000, 30000)
02-25 15:25:01.309  2196  2196 I QCameraHWI_Parm: android::status_t android::QCameraHardwareInterface::setPreviewFpsRange(const android::QCameraParameters&): Requested FpsRange Values:(30000, 30000)
02-25 15:25:01.309  2196  2196 I QCameraHWI_Parm: FPS: i=5 : minFps = 30000, maxFps = 30000 
