02-25 15:23:12.094   271   271 I art     : option[19]=-Ximage-compiler-option
02-25 15:23:12.094   271   271 I art     : option[20]=--runtime-arg
02-25 15:23:12.094   271   271 I art     : option[21]=-Ximage-compiler-option
02-25 15:23:12.094   271   271 I art     : option[22]=-Xmx64m
02-25 15:23:12.094   271   271 I art     : option[23]=-Ximage-compiler-option
02-25 15:23:12.094   271   271 I art     : option[24]=--compiler-filter=speed
02-25 15:23:12.094   271   271 I art     : option[25]=-Ximage-compiler-option
02-25 15:23:12.094   271   271 I art     : option[26]=--image-classes=/system/etc/preloaded-classes
02-25 15:23:12.094   271   271 I art     : option[27]=-Xcompiler-option
02-25 15:23:12.094   271   271 I art     : option[28]=--runtime-arg
02-25 15:23:12.094   271   271 I art     : option[29]=-Xcompiler-option
02-25 15:23:12.095   271   271 I art     : option[30]=-Xms64m
02-25 15:23:12.095   271   271 I art     : option[31]=-Xcompiler-option
02-25 15:23:12.095   271   271 I art     : option[32]=--runtime-arg
02-25 15:23:12.095   271   271 I art     : option[33]=-Xcompiler-option
02-25 15:23:12.095   271   271 I art     : option[34]=-Xmx512m
02-25 15:23:12.095   271   271 I art     : option[35]=-Xcompiler-option
02-25 15:23:12.095   271   271 I art     : option[36]=--compiler-filter=balanced
02-25 15:23:12.095   271   271 I art     : option[37]=-Ximage-compiler-option
02-25 15:23:12.095   271   271 I art     : option[38]=--instruction-set-variant=cortex-a5
02-25 15:23:12.095   271   271 I art     : option[39]=-Xcompiler-option
02-25 15:23:12.095   271   271 I art     : option[40]=--instruction-set-variant=cortex-a5
02-25 15:23:12.095   271   271 I art     : option[41]=-Ximage-compiler-option
02-25 15:23:12.096   271   271 I art     : option[42]=--instruction-set-features=default
02-25 15:23:12.096   271   271 I art     : option[43]=-Xcompiler-option
02-25 15:23:12.096   271   271 I art     : option[44]=--instruction-set-features=default
02-25 15:23:12.096   271   271 I art     : option[45]=-Xcompiler-option
02-25 15:23:12.096   271   271 I art     : option[46]=--no-watch-dog
02-25 15:23:12.096   271   271 I art     : option[47]=-Duser.locale=ru-RU
02-25 15:23:12.096   271   271 I art     : option[48]=--cpu-abilist=armeabi-v7a,armeabi
02-25 15:23:12.096   271   271 I art     : option[49]=-Xfingerprint:innos/cm_i6/i6:6.0.1/MMB29U/6db917b104:userdebug/test-keys
02-25 15:23:12.951   271   271 D ICU     : No timezone override file found: /data/misc/zoneinfo/current/icu/icu_tzdata.dat
02-25 15:23:13.770   271   271 I Radio-JNI: register_android_hardware_Radio DONE
02-25 15:23:13.865   271   271 I SamplingProfilerIntegration: Profiling disabled.
02-25 15:23:13.876   271   271 D Zygote  : begin preload
02-25 15:23:13.898   271   271 I Zygote  : Preloading classes...
02-25 15:23:15.237   271   271 E Minikin : addFont failed to create font /system/fonts/NanumGothic.ttf
02-25 15:23:15.238   271   271 E Minikin : addFont failed to create font /system/fonts/DroidSansFallback.ttf
02-25 15:23:15.238   271   271 E Minikin : addFont failed to create font /system/fonts/MTLmr3m.ttf
02-25 15:23:15.731   271   271 V DngCreator_JNI: DngCreator_nativeClassInit:
02-25 15:23:16.543   271   825 I art     : Background concurrent mark sweep GC freed 10561(3MB) AllocSpace objects, 119(2MB) LOS objects, 38% free, 825KB/1337KB, paused 2.446ms total 151.871ms
02-25 15:23:16.760   271   271 I art     : Thread[1,tid=271,Native,Thread*=0xb7608b40,peer=0x12c35100,"main"] recursive attempt to load library "/system/lib/libmedia_jni.so"
02-25 15:23:16.762   271   271 D MtpDeviceJNI: register_android_mtp_MtpDevice
02-25 15:23:16.764   271   271 I art     : Thread[1,tid=271,Native,Thread*=0xb7608b40,peer=0x12c35100,"main"] recursive attempt to load library "/system/lib/libmedia_jni.so"
02-25 15:23:16.765   271   271 I art     : Thread[1,tid=271,Native,Thread*=0xb7608b40,peer=0x12c35100,"main"] recursive attempt to load library "/system/lib/libmedia_jni.so"
02-25 15:23:17.630   271   271 W System  : ClassLoader referenced unknown path: /system/framework/tcmclient.jar
02-25 15:23:17.643   220   220 V NatController: runCmd(/system/bin/iptables -w -F natctrl_FORWARD) res=0
02-25 15:23:17.732   220   220 V NatController: runCmd(/system/bin/iptables -w -A natctrl_FORWARD -j DROP) res=0
02-25 15:23:17.789   220   220 V NatController: runCmd(/system/bin/iptables -w -t nat -F natctrl_nat_POSTROUTING) res=0
02-25 15:23:17.871   220   220 V NatController: runCmd(/system/bin/iptables -w -F natctrl_tether_counters) res=1
02-25 15:23:17.925   220   220 V NatController: runCmd(/system/bin/iptables -w -X natctrl_tether_counters) res=1
02-25 15:23:17.980   220   220 V NatController: runCmd(/system/bin/iptables -w -N natctrl_tether_counters) res=0
02-25 15:23:18.036   220   220 V NatController: runCmd(/system/bin/iptables -w -t mangle -A natctrl_mangle_FORWARD -p tcp --tcp-flags SYN SYN -j TCPMSS --clamp-mss-to-pmtu) res=0
02-25 15:23:18.207   271   271 I System  : Loaded time zone names for "" in 280ms (268ms in ICU)
02-25 15:23:18.373   271   271 I System  : Loaded time zone names for "en_US" in 165ms (155ms in ICU)
02-25 15:23:18.588   271   271 I System  : Loaded time zone names for "ru_RU" in 215ms (204ms in ICU)
02-25 15:23:18.669   271   271 I Zygote  : ...preloaded 3831 classes in 4771ms.
02-25 15:23:18.669   271   271 I art     : VMRuntime.preloadDexCaches starting
02-25 15:23:19.002   271   271 I art     : VMRuntime.preloadDexCaches strings total=248835 before=44760 after=44760
02-25 15:23:19.003   271   271 I art     : VMRuntime.preloadDexCaches types total=20349 before=6889 after=6920
02-25 15:23:19.003   271   271 I art     : VMRuntime.preloadDexCaches fields total=100361 before=36027 after=36459
02-25 15:23:19.003   271   271 I art     : VMRuntime.preloadDexCaches methods total=172745 before=71227 after=71752
02-25 15:23:19.003   271   271 I art     : VMRuntime.preloadDexCaches finished
02-25 15:23:19.020  1115  1115 I idmap   : type=1400 audit(0.0:98): avc: denied { module_request } for kmod="personality-8" scontext=u:r:zygote:s0 tcontext=u:r:kernel:s0 tclass=system permissive=1
02-25 15:23:19.136  1115  1115 D idmap   : error: no read access to /vendor/overlay: No such file or directory
02-25 15:23:19.376   271   271 I Zygote  : Preloading resources...
02-25 15:23:19.384   224   224 E QCameraHWI: startCamera: cam_ops_open failed: id = 1
02-25 15:23:19.384   224   224 I QCameraHWI: isCameraReady mCameraState 0
02-25 15:23:19.384   224   224 I QCameraHWI: ~QCameraHardwareInterface: E
02-25 15:23:19.384   224   224 I QCameraHWI: virtual android::QCameraHardwareInterface::~QCameraHardwareInterface() First stop the polling threads before deleting instances
02-25 15:23:19.384   224   224 I QCameraHWI: ~QCameraHardwareInterface: X
02-25 15:23:19.384   224   224 I QualcommCamera: int android::camera_device_open(const hw_module_t*, const char*, hw_device_t**):  end rc -1
02-25 15:23:19.384   224   224 E CameraFlashlight: Could not open camera 1: -19
02-25 15:23:19.384   224   224 E CameraFlashlight: connectCameraDevice: initializing camera 1 failed
02-25 15:23:19.384   224   224 I CameraFlashlight: Destroying camera 1
02-25 15:23:19.385   224   224 E CameraFlashlight: findFlashUnits: failed to check if camera 1 has a flash unit. No such device (-19)
02-25 15:23:19.385   224   224 D QualcommCamera: Qint android::get_camera_info(int, camera_info*): E
02-25 15:23:19.385   224   224 D QCameraHAL: void android::HAL_getCameraInfo(int, android::CameraInfo*): E
02-25 15:23:19.385   224   224 D QualcommCamera: Qint android::get_camera_info(int, camera_info*): X
02-25 15:23:19.385   224   224 D QualcommCamera: Qint android::get_camera_info(int, camera_info*): E
02-25 15:23:19.385   224   224 D QCameraHAL: void android::HAL_getCameraInfo(int, android::CameraInfo*): E
02-25 15:23:19.385   224   224 D QualcommCamera: Qint android::get_camera_info(int, camera_info*): X
02-25 15:23:19.385   224   224 I ServiceManager: Waiting for service media.camera.proxy...
02-25 15:23:20.390   224   224 I ServiceManager: Waiting for service media.camera.proxy...
02-25 15:23:21.294   271   271 I Zygote  : ...preloaded 342 resources in 1916ms.
02-25 15:23:21.341   271   271 I Zygote  : ...preloaded 41 resources in 47ms.
02-25 15:23:21.358   271   271 D libEGL  : loaded /vendor/lib/egl/libEGL_adreno.so
02-25 15:23:21.363   271   271 D libEGL  : loaded /vendor/lib/egl/libGLESv1_CM_adreno.so
02-25 15:23:21.391   224   224 I ServiceManager: Waiting for service media.camera.proxy...
02-25 15:23:21.480   271   271 D libEGL  : loaded /vendor/lib/egl/libGLESv2_adreno.so
02-25 15:23:21.540   220   220 E Netd    : cannot find interface dummy0
02-25 15:23:21.545   220   220 D MDnsDS  : MDnsSdListener::Hander starting up
02-25 15:23:21.547   271   271 I Zygote  : Preloading shared libraries...
02-25 15:23:21.549   220  1261 D MDnsDS  : MDnsSdListener starting to monitor
02-25 15:23:21.549   220  1261 D MDnsDS  : Going to poll with pollCount 1
02-25 15:23:21.607   271   271 D Zygote  : end preload
02-25 15:23:21.607   271   271 I art     : Starting a blocking GC Explicit
02-25 15:23:21.647   271   271 I art     : Explicit concurrent mark sweep GC freed 1587(76KB) AllocSpace objects, 0(0B) LOS objects, 24% free, 4MB/6MB, paused 1.365ms total 39.110ms
02-25 15:23:21.652   271   271 I art     : Starting a blocking GC Explicit
02-25 15:23:21.690   271   271 I art     : Explicit concurrent mark sweep GC freed 525(21KB) AllocSpace objects, 0(0B) LOS objects, 24% free, 4MB/6MB, paused 800us total 37.826ms
02-25 15:23:21.691   271   825 I art     : Starting a blocking GC HeapTrim
02-25 15:23:21.696   271   271 I art     : Starting a blocking GC Background
02-25 15:23:21.854   271   271 I Zygote  : System server process 1265 has been created
02-25 15:23:21.858   271   271 I Zygote  : Accepting command socket connections
02-25 15:23:21.887  1265  1265 I InstallerConnection: connecting...
02-25 15:23:21.891   231   231 I installd: new connection
02-25 15:23:21.940  1276  1276 I dex2oat : type=1400 audit(0.0:99): avc: denied { module_request } for kmod="personality-8" scontext=u:r:dex2oat:s0 tcontext=u:r:kernel:s0 tclass=system permissive=1
02-25 15:23:22.176  1276  1276 I dex2oat : /system/bin/dex2oat --compiler-filter=balanced --no-watch-dog
02-25 15:23:22.392   224   224 I ServiceManager: Waiting for service media.camera.proxy...
02-25 15:23:23.393   224   224 I ServiceManager: Waiting for service media.camera.proxy...
02-25 15:23:24.395   224   224 I AudioPolicyService: AudioPolicyService CSTOR in new mode
02-25 15:23:24.399   224   224 I APM::ConfigParsingUtils: loadAudioPolicyConfig() loaded /system/etc/audio_policy.conf
02-25 15:23:24.420   224   224 I mediaserver: type=1400 audit(0.0:100): avc: denied { read write } for name="msm_cad" dev="tmpfs" ino=2946 scontext=u:r:mediaserver:s0 tcontext=u:object_r:device:s0 tclass=chr_file permissive=1
02-25 15:23:24.431   224   224 E         : libaudcal: acph_init() - Allocated memory for acph_main_buffer!!
02-25 15:23:24.431   224   224 E Diag_Lib: actp_diag_init: call diag init function with B467133D
02-25 15:23:24.432   224   224 I AudioHardwareMSM76XXA: Set master volume to 7.
02-25 15:23:24.420   224   224 I mediaserver: type=1400 audit(0.0:101): avc: denied { open } for name="msm_cad" dev="tmpfs" ino=2946 scontext=u:r:mediaserver:s0 tcontext=u:object_r:device:s0 tclass=chr_file permissive=1
02-25 15:23:24.420   224   224 I mediaserver: type=1400 audit(0.0:102): avc: denied { ioctl } for path="/dev/msm_cad" dev="tmpfs" ino=2946 ioctlcmd=7304 scontext=u:r:mediaserver:s0 tcontext=u:object_r:device:s0 tclass=chr_file permissive=1
02-25 15:23:24.432   224   224 D AudioHardwareMSM76XXA: rpc_snd_set_volume(1, 2, 0, 7)
02-25 15:23:24.434   224   224 D AudioHardwareMSM76XXA: rpc_snd_set_volume(7, 6, 0, 7)
02-25 15:23:24.436   224   224 D AudioHardwareMSM76XXA: rpc_snd_set_volume(33, 6, 0, 7)
02-25 15:23:24.437   224   224 D AudioHardwareMSM76XXA: rpc_snd_set_volume(10, 9, 0, 7)
02-25 15:23:24.439   224   224 D AudioHardwareMSM76XXA: rpc_snd_set_volume(5, 3, 0, 7)
02-25 15:23:24.440   224   224 D AudioHardwareMSM76XXA: rpc_snd_set_volume(32, 3, 0, 7)
02-25 15:23:24.442   224   224 D AudioHardwareMSM76XXA: rpc_snd_set_volume(1, 15, 0, 7)
02-25 15:23:24.443   224   224 D AudioHardwareMSM76XXA: rpc_snd_set_volume(7, 17, 0, 7)
02-25 15:23:24.446   224   224 D AudioHardwareMSM76XXA: rpc_snd_set_volume(13, 12, 0, 1)
02-25 15:23:24.447   224   224 D AudioHardwareMSM76XXA: rpc_snd_set_volume(13, 2, 0, 1)
02-25 15:23:24.448   224   224 I AudioFlinger: loadHwModule() Loaded primary audio interface from QCOM Audio HW HAL (audio) handle 1
02-25 15:23:24.448   224   224 I AudioFlinger: openOutput(), module 1 Device 2, SamplingRate 48000, Format 0x000001, Channels 3, flags 2
02-25 15:23:24.448   224   224 D AudioHardwareMSM76XXA: openOutputStream: devices = 2 format = 1 channels = 3 sampleRate = 48000 flags 2
02-25 15:23:24.448   224   224 I AudioFlinger: AudioStreamOut::open(), mHalFormatIsLinearPcm = 1
02-25 15:23:24.449   224   224 I AudioFlinger: HAL output buffer size 1312 frames, normal sink buffer size 1312 frames
02-25 15:23:24.493   224   224 I BufferProvider: found effect "Multichannel Downmix To Stereo" from The Android Open Source Project
02-25 15:23:24.494   224   224 I AudioFlinger: Using module 1 has the primary audio interface
02-25 15:23:24.495   224   224 D AudioHardwareInterface: setMode(NORMAL)
02-25 15:23:24.499   224  1284 I AudioFlinger: AudioFlinger's thread 0xb85c9820 ready to run
02-25 15:23:24.499   224  1284 I AudioHardwareMSM76XXA: Routing audio to Speakerphone
02-25 15:23:24.499   224  1284 W AudioHardwareMSM76XXA: rpc_snd_set_device(6, 1, 1)
02-25 15:23:24.499   224  1284 W AudioHardwareMSM76XXA: rpc_snd_set_device(7, 6, 1, 1)
02-25 15:23:24.502   224  1281 D AudioHardwareMSM76XXA: setVoiceVolume(1.400000)
02-25 15:23:24.502   224  1281 I AudioHardwareMSM76XXA: Setting in-call volume to 7 (available range is 2 to 7)
02-25 15:23:24.502   224  1281 D AudioHardwareMSM76XXA: rpc_snd_set_volume(7, 6, 0, 7)
02-25 15:23:24.503   224  1284 E AudioFlinger: no wake lock to update!
02-25 15:23:24.506   224   224 I AudioFlinger: openOutput(), module 1 Device 2, SamplingRate 48000, Format 0x000001, Channels 3, flags 4
02-25 15:23:24.507   224   224 D AudioHardwareMSM76XXA: openOutputStream: devices = 2 format = 1 channels = 3 sampleRate = 48000 flags 4
02-25 15:23:24.507   224   224 E AudioHardwareMSM76XXA:  AudioHardware::openOutputStream Only one output stream allowed 
02-25 15:23:24.507   224   224 I AudioHwDevice: openOutputStream(), HAL returned sampleRate 48000, Format 0x1, channelMask 0x3, status -38
02-25 15:23:24.507   224   224 W APM::AudioPolicyManager: Cannot open output stream for device 00000002 on hw module primary
02-25 15:23:24.507   224   224 D AudioHardwareMSM76XXA: AudioHardware::openInputStream devices 40000 format 1 channels 12 samplerate 48000
02-25 15:23:24.516   224  1286 I AudioFlinger: AudioFlinger's thread 0xb42eb008 ready to run
02-25 15:23:24.517   224   224 I AudioHardwareMSM76XXA: do input routing device 40000
02-25 15:23:24.517   224   224 I AudioHardwareMSM76XXA: Routing audio to Speakerphone
02-25 15:23:24.517   224   224 W AudioHardwareMSM76XXA: rpc_snd_set_device(6, 1, 1)
02-25 15:23:24.517   224   224 W AudioHardwareMSM76XXA: rpc_snd_set_device(7, 6, 1, 1)
02-25 15:23:24.525   224   224 I bt_a2dp_hw: adev_open:  adev_open in A2dp_hw module
02-25 15:23:24.526   224   224 I AudioFlinger: loadHwModule() Loaded a2dp audio interface from A2DP Audio HW HAL (audio) handle 6
02-25 15:23:24.530   224   224 E SoundTriggerHwService: couldn't load sound trigger module sound_trigger.primary (No such file or directory)
02-25 15:23:24.531   224   224 I RadioService: RadioService
02-25 15:23:24.531   224   224 I RadioService: onFirstRef
02-25 15:23:24.531   224   224 E RadioService: couldn't load radio module radio.primary (No such file or directory)
02-25 15:23:25.830  1276  1276 W dex2oat : Verification of void com.android.server.SystemServer.startOtherServices() took 176.013ms
02-25 15:23:30.438  1276  1279 W dex2oat : Verification of android.content.pm.PackageParser$Package com.android.server.pm.PackageManagerService.scanPackageDirtyLI(android.content.pm.PackageParser$Package, int, int, long, android.os.UserHandle) took 166.295ms
02-25 15:23:32.725  1276  1276 W dex2oat : No verified method for method calling String.<init>: java.lang.String java.io.ByteArrayOutputStream.toString()
02-25 15:23:34.434  1276  1279 W dex2oat : No verified method for method calling String.<init>: java.lang.String com.android.internal.widget.LockPatternUtils.patternStringToBaseZero(java.lang.String)
02-25 15:23:34.471  1276  1279 W dex2oat : No verified method for method calling String.<init>: java.lang.String com.android.internal.widget.LockPatternUtils.patternStringToBaseZero(java.lang.String)
02-25 15:23:34.528  1276  1279 W dex2oat : No verified method for method calling String.<init>: java.lang.String com.android.internal.widget.LockPatternUtils.patternStringToBaseZero(java.lang.String)
02-25 15:23:35.089   207   207 I rmt_storage: rmt_storage open event: handle=1
02-25 15:23:35.090   207   207 I rmt_storage: rmt_storage client sid = 1296385619
02-25 15:23:35.090   207   207 I rmt_storage: Opened /boot/modem_fs1
02-25 15:23:35.090   207   207 I rmt_storage: rmt_storage events processing done
02-25 15:23:35.091   207   207 I rmt_storage: rmt_storage send user data event
02-25 15:23:35.091   207   207 I rmt_storage: rmt_storage events processing done
02-25 15:23:35.094   207  1300 I rmt_storage: rmt_storage client thread started 
02-25 15:23:35.094   207  1300 E rmt_storage: Begin remote fs read/write
02-25 15:23:35.094   207  1300 E rmt_storage: End remote fs read/write
02-25 15:23:35.098   207   207 I rmt_storage: rmt_storage open event: handle=2
02-25 15:23:35.098   207   207 I rmt_storage: rmt_storage client sid = 1296385619
02-25 15:23:35.098   207   207 I rmt_storage: Opened /boot/modem_fs2
02-25 15:23:35.098   207   207 I rmt_storage: rmt_storage events processing done
02-25 15:23:35.098   207   207 I rmt_storage: rmt_storage send user data event
02-25 15:23:35.098   207   207 I rmt_storage: rmt_storage events processing done
02-25 15:23:35.098   207   207 I rmt_storage: rmt_storage write event
02-25 15:23:35.098   207   207 I rmt_storage: event->handle = 2
02-25 15:23:35.099   207   207 I rmt_storage: client->shrd_mem=0x0
02-25 15:23:35.099   207   207 V rmt_storage: New shrd mem: 1296385619
02-25 15:23:35.099   207   207 V rmt_storage: start=0x2cec0000
02-25 15:23:35.099   207   207 V rmt_storage: size=0x00300000
02-25 15:23:35.099   207   207 V rmt_storage: base=0xb6931000
02-25 15:23:35.099   207   207 I rmt_storage: after init client->shrd_mem=0xb6fe6698
02-25 15:23:35.099   207   207 I rmt_storage: rmt_storage events processing done
02-25 15:23:35.100   207  1301 I rmt_storage: rmt_storage client thread started 
02-25 15:23:35.100   207  1301 E rmt_storage: Begin remote fs read/write
02-25 15:23:35.591   207  1301 I rmt_storage: rmt_storage fop(1): bytes transferred = 3145216
02-25 15:23:35.592   207  1301 I rmt_storage: rmt_storage fop(1): bytes transferred = 512
02-25 15:23:35.592   207  1301 E rmt_storage: End remote fs read/write
02-25 15:23:37.553  1276  1276 W dex2oat : Compilation of void com.android.server.am.ActivityManagerService$MainHandler.handleMessage(android.os.Message) took 148.059ms
02-25 15:23:37.833  1276  1279 W dex2oat : Compilation of int com.android.server.am.ActivityManagerService.computeOomAdjLocked(com.android.server.am.ProcessRecord, int, com.android.server.am.ProcessRecord, boolean, long) took 120.413ms
02-25 15:23:38.812  1276  1279 W dex2oat : Compilation of void com.android.server.am.ActivityManagerService.dumpApplicationMemoryUsage(java.io.FileDescriptor, java.io.PrintWriter, java.lang.String, java.lang.String[], boolean, java.io.PrintWriter) took 176.076ms
02-25 15:23:39.012  1276  1276 W dex2oat : Compilation of int com.android.server.am.ActivityStackSupervisor.startActivityUncheckedLocked(com.android.server.am.ActivityRecord, com.android.server.am.ActivityRecord, android.service.voice.IVoiceInteractionSession, com.android.internal.app.IVoiceInteractor, int, boolean, android.os.Bundle, com.android.server.am.TaskRecord) took 142.548ms
02-25 15:23:42.405  1276  1279 W dex2oat : No verified method for method calling String.<init>: java.util.List android.net.LinkProperties.getAllInterfaceNames()
02-25 15:23:42.457  1276  1279 W dex2oat : No verified method for method calling String.<init>: java.util.List android.net.LinkProperties.getAllInterfaceNames()
02-25 15:23:42.701  1276  1279 W dex2oat : No verified method for method calling String.<init>: java.util.List android.net.LinkProperties.getAllInterfaceNames()
02-25 15:23:43.222  1276  1276 W dex2oat : Compilation of void com.android.server.content.SyncManager.dumpRecentHistory(java.io.PrintWriter) took 143.875ms
02-25 15:23:50.896  1276  1279 W dex2oat : Compilation of void com.android.server.pm.Settings.dumpPackageLPr(java.io.PrintWriter, java.lang.String, java.lang.String, android.util.ArraySet, com.android.server.pm.PackageSetting, java.text.SimpleDateFormat, java.util.Date, java.util.List, boolean) took 123.508ms
02-25 15:23:52.767  1276  1276 W dex2oat : Compilation of void com.android.server.policy.PhoneWindowManager.layoutWindowLw(android.view.WindowManagerPolicy$WindowState, android.view.WindowManagerPolicy$WindowState) took 105.083ms
02-25 15:23:55.932  1276  1276 W dex2oat : Compilation of void com.android.server.wm.WindowManagerService$H.handleMessage(android.os.Message) took 125.840ms
02-25 15:23:58.058  1276  1276 I dex2oat : dex2oat took 35.850s (threads: 2) arena alloc=2MB java alloc=3MB native alloc=21MB free=2MB
02-25 15:23:58.245  1332  1332 I dex2oat : /system/bin/dex2oat --compiler-filter=balanced --no-watch-dog
02-25 15:23:58.419  1332  1332 I dex2oat : dex2oat took 176.056ms (threads: 2) arena alloc=72KB java alloc=63KB native alloc=767KB free=56KB
02-25 15:23:58.596  1336  1336 I dex2oat : /system/bin/dex2oat --compiler-filter=balanced --no-watch-dog
02-25 15:24:01.839   328   328 I thermald: type=1400 audit(0.0:103): avc: denied { read } for scontext=u:r:init:s0 tcontext=u:r:init:s0 tclass=netlink_kobject_uevent_socket permissive=1
02-25 15:24:03.093  1336  1336 W dex2oat : Verification of boolean com.android.server.wifi.WifiStateMachine$ConnectModeState.processMessage(android.os.Message) took 116.021ms
02-25 15:24:03.454  1336  1341 W dex2oat : Verification of void com.android.server.wifi.WifiStateMachine.calculateWifiScore(android.net.wifi.WifiLinkLayerStats) took 108.525ms
02-25 15:24:05.950  1336  1336 W dex2oat : Compilation of void android.support.v4.app.FragmentManagerImpl.moveToState(android.support.v4.app.Fragment, int, int, int, boolean) took 130.406ms
02-25 15:24:06.359  1336  1341 W dex2oat : Compilation of android.view.View android.support.v4.app.ListFragment.onCreateView(android.view.LayoutInflater, android.view.ViewGroup, android.os.Bundle) took 169.585ms
02-25 15:24:17.518  1336  1341 W dex2oat : Compilation of boolean com.android.server.wifi.WifiStateMachine$ConnectModeState.processMessage(android.os.Message) took 346.600ms
02-25 15:24:17.620  1336  1336 W dex2oat : Compilation of boolean com.android.server.wifi.WifiStateMachine$ConnectedState.processMessage(android.os.Message) took 104.846ms
02-25 15:24:17.644  1336  1341 W dex2oat : Compilation of boolean com.android.server.wifi.WifiStateMachine$DefaultState.processMessage(android.os.Message) took 109.268ms
02-25 15:24:17.907  1336  1341 W dex2oat : Compilation of boolean com.android.server.wifi.WifiStateMachine$L2ConnectedState.processMessage(android.os.Message) took 151.126ms
02-25 15:24:19.436  1336  1336 W dex2oat : Compilation of java.lang.String com.android.server.wifi.WifiStateMachine.getLogRecString(android.os.Message) took 337.113ms
02-25 15:24:20.327  1336  1341 W dex2oat : Compilation of void com.android.server.wifi.hotspot2.NetworkDetail.<init>(java.lang.String, java.lang.String, java.util.List, int) took 154.171ms
02-25 15:24:20.918  1336  1341 W dex2oat : No verified method for method calling String.<init>: java.lang.String java.io.ByteArrayOutputStream.toString()
02-25 15:24:21.323  1336  1336 W dex2oat : Compilation of boolean com.android.server.wifi.p2p.WifiP2pServiceImpl$P2pStateMachine$GroupCreatedState.processMessage(android.os.Message) took 113.256ms
02-25 15:24:21.444  1336  1336 W dex2oat : Compilation of boolean com.android.server.wifi.p2p.WifiP2pServiceImpl$P2pStateMachine$InactiveState.processMessage(android.os.Message) took 113.535ms
02-25 15:24:21.529  1336  1341 W dex2oat : Compilation of boolean com.android.server.wifi.p2p.WifiP2pServiceImpl$P2pStateMachine$P2pEnabledState.processMessage(android.os.Message) took 125.926ms
02-25 15:24:22.409  1336  1336 W dex2oat : No verified method for method calling String.<init>: java.lang.String java.io.ByteArrayOutputStream.toString()
02-25 15:24:23.025  1336  1336 I dex2oat : dex2oat took 24.409s (threads: 2) arena alloc=1472KB java alloc=1680KB native alloc=9MB free=1113KB
02-25 15:24:23.050  1265  1265 I InstallerConnection: disconnecting...
02-25 15:24:23.054   231   231 E installd: eof
02-25 15:24:23.054   231   231 E installd: failed to read size
02-25 15:24:23.054   231   231 I installd: closing connection
02-25 15:24:23.106  1265  1265 I SystemServer: Entered the Android system server!
02-25 15:24:23.371  1265  1265 I SystemServiceManager: Starting com.android.server.pm.Installer
02-25 15:24:23.372  1265  1265 I Installer: Waiting for installd to be ready.
02-25 15:24:23.372  1265  1265 I InstallerConnection: connecting...
02-25 15:24:23.372   231   231 I installd: new connection
02-25 15:24:23.374  1265  1265 I SystemServiceManager: Starting com.android.server.am.ActivityManagerService$Lifecycle
02-25 15:24:23.407  1265  1265 I XXXXXX  : choosing minFree values for 32 Bit
02-25 15:24:23.407  1265  1265 I XXXXXX  : choosing minFree values for 32 Bit
02-25 15:24:23.407  1265  1265 I XXXXXX  : choosing minFree values for 32 Bit
02-25 15:24:23.407  1265  1265 I XXXXXX  : choosing minFree values for 32 Bit
02-25 15:24:23.407  1265  1265 I XXXXXX  : choosing minFree values for 32 Bit
02-25 15:24:23.408  1265  1265 I XXXXXX  : choosing minFree values for 32 Bit
02-25 15:24:23.430  1265  1265 I ActivityManager: Memory class: 48
02-25 15:24:23.440  1265  1377 I ServiceThread: Enabled StrictMode logging for ActivityManager looper.
02-25 15:24:23.446  1265  1378 I ServiceThread: Enabled StrictMode logging for android.ui looper.
02-25 15:24:23.495  1265  1265 D BatteryStatsImpl: Reading daily items from /data/system/batterystats-daily.xml
02-25 15:24:23.956  1265  1265 I IntentFirewall: Read new rules (A:0 B:0 S:0)
02-25 15:24:23.986  1265  1382 I ServiceThread: Enabled StrictMode logging for android.display looper.
02-25 15:24:24.011  1265  1265 D AppOps  : AppOpsService published
02-25 15:24:24.012  1265  1265 I SystemServiceManager: Starting com.android.server.power.PowerManagerService
02-25 15:24:24.017  1265  1384 I ServiceThread: Enabled StrictMode logging for PowerManagerService looper.
02-25 15:24:24.023  1265  1265 I libsuspend: Selected early suspend
02-25 15:24:24.023  1265  1265 I libsuspend: Starting early suspend unblocker thread
02-25 15:24:24.039  1265  1265 I SystemServiceManager: Starting com.android.server.lights.LightsService
02-25 15:24:24.056  1265  1265 I SystemServiceManager: Starting com.android.server.display.DisplayManagerService
02-25 15:24:24.078  1265  1265 I SystemServiceManager: Starting phase 100
02-25 15:24:24.110  1265  1382 I DisplayManagerService: Display device added: DisplayDeviceInfo{" ": uniqueId="local:0", 540 x 960, modeId 1, defaultModeId 1, supportedModes [{id=1, width=540, height=960, fps=60.0}], colorTransformId 1, defaultColorTransformId 1, supportedColorTransforms [{id=1, colorTransform=0}], density 240, 159.488 x 160.421 dpi, appVsyncOff 0, presDeadline 17666667, touch INTERNAL, rotation 0, type BUILT_IN, state UNKNOWN, FLAG_DEFAULT_DISPLAY, FLAG_ROTATES_WITH_CONTENT, FLAG_SECURE, FLAG_SUPPORTS_PROTECTED_BUFFERS}
02-25 15:24:24.117   203   203 D SurfaceFlinger: Set power mode=2, type=0 flinger=0xb85b3e80
02-25 15:24:24.117   203   203 D SurfaceFlinger: Screen type=0 is already mode=2
02-25 15:24:24.120  1265  1382 I DisplayManagerService: Display device changed state: " ", ON
02-25 15:24:24.121  1265  1265 I SystemServer: Package Manager
02-25 15:24:24.192  1265  1265 W SystemConfig: No directory /system/etc/sysconfig, skipping
02-25 15:24:24.433  1265  1275 I art     : Background sticky concurrent mark sweep GC freed 9174(874KB) AllocSpace objects, 21(668KB) LOS objects, 15% free, 5MB/6MB, paused 2.295ms total 217.456ms
02-25 15:24:24.457  1265  1265 D SELinuxMMAC: Using policy file /system/etc/security/mac_permissions.xml
02-25 15:24:24.488  1265  1265 W PackageManager: No start tag found in package manager settings
02-25 15:24:24.494  1265  1265 E PackageManager: No start tag found in package manager settings
02-25 15:24:24.506  1265  1265 E AndroidRuntime: Error reporting WTF
02-25 15:24:24.506  1265  1265 E AndroidRuntime: java.lang.NullPointerException: Attempt to invoke interface method 'boolean android.app.IActivityManager.handleApplicationWtf(android.os.IBinder, java.lang.String, boolean, android.app.ApplicationErrorReport$CrashInfo)' on a null object reference
02-25 15:24:24.506  1265  1265 E AndroidRuntime: 	at com.android.internal.os.RuntimeInit.wtf(RuntimeInit.java:353)
02-25 15:24:24.506  1265  1265 E AndroidRuntime: 	at android.util.Log$1.onTerribleFailure(Log.java:104)
02-25 15:24:24.506  1265  1265 E AndroidRuntime: 	at android.util.Log.wtf(Log.java:297)
02-25 15:24:24.506  1265  1265 E AndroidRuntime: 	at android.util.Slog.wtf(Slog.java:82)
02-25 15:24:24.506  1265  1265 E AndroidRuntime: 	at com.android.server.pm.Settings.readLPw(Settings.java:2793)
02-25 15:24:24.506  1265  1265 E AndroidRuntime: 	at com.android.server.pm.PackageManagerService.<init>(PackageManagerService.java:2008)
02-25 15:24:24.506  1265  1265 E AndroidRuntime: 	at com.android.server.pm.PackageManagerService.main(PackageManagerService.java:1856)
02-25 15:24:24.506  1265  1265 E AndroidRuntime: 	at com.android.server.SystemServer.startBootstrapServices(SystemServer.java:390)
02-25 15:24:24.506  1265  1265 E AndroidRuntime: 	at com.android.server.SystemServer.run(SystemServer.java:292)
02-25 15:24:24.506  1265  1265 E AndroidRuntime: 	at com.android.server.SystemServer.main(SystemServer.java:179)
02-25 15:24:24.506  1265  1265 E AndroidRuntime: 	at java.lang.reflect.Method.invoke(Native Method)
02-25 15:24:24.506  1265  1265 E AndroidRuntime: 	at com.android.internal.os.ZygoteInit$MethodAndArgsCaller.run(ZygoteInit.java:726)
02-25 15:24:24.506  1265  1265 E AndroidRuntime: 	at com.android.internal.os.ZygoteInit.main(ZygoteInit.java:616)
02-25 15:24:24.518  1265  1265 E AndroidRuntime: Original WTF:
02-25 15:24:24.518  1265  1265 E AndroidRuntime: android.util.Log$TerribleFailure: No start tag found in package manager settings
02-25 15:24:24.518  1265  1265 E AndroidRuntime: 	at android.util.Log.wtf(Log.java:291)
02-25 15:24:24.518  1265  1265 E AndroidRuntime: 	at android.util.Slog.wtf(Slog.java:82)
02-25 15:24:24.518  1265  1265 E AndroidRuntime: 	at com.android.server.pm.Settings.readLPw(Settings.java:2793)
02-25 15:24:24.518  1265  1265 E AndroidRuntime: 	at com.android.server.pm.PackageManagerService.<init>(PackageManagerService.java:2008)
02-25 15:24:24.518  1265  1265 E AndroidRuntime: 	at com.android.server.pm.PackageManagerService.main(PackageManagerService.java:1856)
02-25 15:24:24.518  1265  1265 E AndroidRuntime: 	at com.android.server.SystemServer.startBootstrapServices(SystemServer.java:390)
02-25 15:24:24.518  1265  1265 E AndroidRuntime: 	at com.android.server.SystemServer.run(SystemServer.java:292)
02-25 15:24:24.518  1265  1265 E AndroidRuntime: 	at com.android.server.SystemServer.main(SystemServer.java:179)
02-25 15:24:24.518  1265  1265 E AndroidRuntime: 	at java.lang.reflect.Method.invoke(Native Method)
02-25 15:24:24.518  1265  1265 E AndroidRuntime: 	at com.android.internal.os.ZygoteInit$MethodAndArgsCaller.run(ZygoteInit.java:726)
02-25 15:24:24.518  1265  1265 E AndroidRuntime: 	at com.android.internal.os.ZygoteInit.main(ZygoteInit.java:616)
02-25 15:24:24.715  1388  1388 I dex2oat : /system/bin/dex2oat --compiler-filter=balanced --no-watch-dog
02-25 15:24:25.085  1388  1388 I dex2oat : dex2oat took 372.033ms (threads: 2) arena alloc=45KB java alloc=94KB native alloc=797KB free=42KB
02-25 15:24:25.290  1392  1392 I dex2oat : /system/bin/dex2oat --compiler-filter=balanced --no-watch-dog
02-25 15:24:25.453  1392  1392 I dex2oat : dex2oat took 164.098ms (threads: 2) arena alloc=59KB java alloc=48KB native alloc=613KB free=78KB
02-25 15:24:25.660  1396  1396 I dex2oat : /system/bin/dex2oat --compiler-filter=balanced --no-watch-dog
02-25 15:24:26.312  1396  1399 W dex2oat : Compilation of void javax.obex.HeaderSet.setHeader(int, java.lang.Object) took 109.370ms
02-25 15:24:26.447  1396  1396 I dex2oat : dex2oat took 787.883ms (threads: 2) arena alloc=623KB java alloc=67KB native alloc=1412KB free=43KB
02-25 15:24:26.605  1409  1409 I dex2oat : /system/bin/dex2oat --compiler-filter=balanced --no-watch-dog
02-25 15:24:27.882  1409  1409 I dex2oat : dex2oat took 1.277s (threads: 2) arena alloc=195KB java alloc=191KB native alloc=1572KB free=127KB
02-25 15:24:27.891  1265  1265 E art     : DexFile_getDexOptNeeded file '/system/framework/org.apache.http.legacy.jar' does not exist
02-25 15:24:27.892  1265  1265 W PackageManager: Library not found: /system/framework/org.apache.http.legacy.jar
02-25 15:24:29.751  1416  1416 I dex2oat : /system/bin/dex2oat --compiler-filter=balanced --no-watch-dog
02-25 15:24:29.943  1416  1416 I dex2oat : dex2oat took 193.268ms (threads: 2) arena alloc=33KB java alloc=39KB native alloc=492KB free=67KB
02-25 15:24:30.146  1420  1420 I dex2oat : /system/bin/dex2oat --compiler-filter=balanced --no-watch-dog
02-25 15:24:30.268  1420  1420 I dex2oat : dex2oat took 123.746ms (threads: 2) arena alloc=32KB java alloc=31KB native alloc=473KB free=86KB
02-25 15:24:30.565  1424  1424 I dex2oat : /system/bin/dex2oat --compiler-filter=balanced --no-watch-dog
02-25 15:24:31.008  1424  1424 W dex2oat : Compilation of android.content.Intent com.android.commands.am.Am.makeIntent(int) took 109.670ms
02-25 15:24:31.228  1424  1424 I dex2oat : dex2oat took 664.030ms (threads: 2) arena alloc=731KB java alloc=55KB native alloc=1250KB free=37KB
02-25 15:24:31.433  1434  1434 I dex2oat : /system/bin/dex2oat --compiler-filter=balanced --no-watch-dog
02-25 15:24:31.635  1434  1434 I dex2oat : dex2oat took 203.001ms (threads: 2) arena alloc=400KB java alloc=31KB native alloc=882KB free=69KB
02-25 15:24:31.833  1438  1438 I dex2oat : /system/bin/dex2oat --compiler-filter=balanced --no-watch-dog
02-25 15:24:32.067  1438  1438 I dex2oat : dex2oat took 235.350ms (threads: 2) arena alloc=25KB java alloc=30KB native alloc=607KB free=80KB
02-25 15:24:32.386  1448  1448 I dex2oat : /system/bin/dex2oat --compiler-filter=balanced --no-watch-dog
02-25 15:24:32.720  1448  1448 I dex2oat : dex2oat took 337.181ms (threads: 2) arena alloc=272KB java alloc=28KB native alloc=628KB free=60KB
02-25 15:24:33.014   207   207 I rmt_storage: rmt_storage write event
02-25 15:24:33.014   207   207 I rmt_storage: event->handle = 1
02-25 15:24:33.014   207   207 I rmt_storage: client->shrd_mem=0xb6fe6698
02-25 15:24:33.014   207   207 I rmt_storage: rmt_storage events processing done
02-25 15:24:33.014   207  1300 I rmt_storage: unblock rmt_storage client thread
02-25 15:24:33.014   207  1300 E rmt_storage: Begin remote fs read/write
02-25 15:24:33.063  1453  1453 I dex2oat : /system/bin/dex2oat --compiler-filter=balanced --no-watch-dog
02-25 15:24:33.273   207  1300 I rmt_storage: rmt_storage fop(1): bytes transferred = 3145216
02-25 15:24:33.273   207  1300 I rmt_storage: rmt_storage fop(1): bytes transferred = 512
02-25 15:24:33.273   207  1300 E rmt_storage: End remote fs read/write
02-25 15:24:33.293  1453  1453 I dex2oat : dex2oat took 230.980ms (threads: 2) arena alloc=125KB java alloc=24KB native alloc=477KB free=78KB
02-25 15:24:33.635  1461  1461 I dex2oat : /system/bin/dex2oat --compiler-filter=balanced --no-watch-dog
02-25 15:24:33.835  1461  1461 I dex2oat : dex2oat took 201.153ms (threads: 2) arena alloc=453KB java alloc=36KB native alloc=899KB free=52KB
02-25 15:24:33.988  1465  1465 I dex2oat : /system/bin/dex2oat --compiler-filter=balanced --no-watch-dog
02-25 15:24:34.096  1465  1465 I dex2oat : dex2oat took 109.190ms (threads: 2) arena alloc=10KB java alloc=21KB native alloc=478KB free=77KB
02-25 15:24:34.289  1469  1469 I dex2oat : /system/bin/dex2oat --compiler-filter=balanced --no-watch-dog
02-25 15:24:34.474  1469  1469 I dex2oat : dex2oat took 185.705ms (threads: 2) arena alloc=262KB java alloc=54KB native alloc=775KB free=48KB
02-25 15:24:34.624  1473  1473 I dex2oat : /system/bin/dex2oat --compiler-filter=balanced --no-watch-dog
02-25 15:24:34.743  1473  1473 I dex2oat : dex2oat took 120.456ms (threads: 2) arena alloc=110KB java alloc=38KB native alloc=476KB free=79KB
02-25 15:24:34.948  1477  1477 I dex2oat : /system/bin/dex2oat --compiler-filter=balanced --no-watch-dog
02-25 15:24:35.115  1477  1477 I dex2oat : dex2oat took 168.278ms (threads: 2) arena alloc=222KB java alloc=24KB native alloc=487KB free=68KB
02-25 15:24:35.270  1481  1481 I dex2oat : /system/bin/dex2oat --compiler-filter=balanced --no-watch-dog
02-25 15:24:35.411  1481  1481 I dex2oat : dex2oat took 142.179ms (threads: 2) arena alloc=38KB java alloc=55KB native alloc=623KB free=64KB
02-25 15:24:35.604  1485  1485 I dex2oat : /system/bin/dex2oat --compiler-filter=balanced --no-watch-dog
02-25 15:24:36.289  1485  1485 W dex2oat : Compilation of void com.android.commands.monkey.MonkeySourceScript.handleEvent(java.lang.String, java.lang.String[]) took 122.906ms
02-25 15:24:36.327  1485  1485 I dex2oat : dex2oat took 729.251ms (threads: 2) arena alloc=903KB java alloc=138KB native alloc=1969KB free=86KB
02-25 15:24:36.503  1496  1496 I dex2oat : /system/bin/dex2oat --compiler-filter=balanced --no-watch-dog
02-25 15:24:36.923  1496  1496 I dex2oat : dex2oat took 420.616ms (threads: 2) arena alloc=558KB java alloc=78KB native alloc=1216KB free=35KB
02-25 15:24:37.090  1500  1500 I dex2oat : /system/bin/dex2oat --compiler-filter=balanced --no-watch-dog
02-25 15:24:37.279  1500  1500 I dex2oat : dex2oat took 189.853ms (threads: 2) arena alloc=522KB java alloc=21KB native alloc=886KB free=65KB
02-25 15:24:37.495  1507  1507 I dex2oat : /system/bin/dex2oat --compiler-filter=balanced --no-watch-dog
02-25 15:24:40.353  1507  1507 I dex2oat : dex2oat took 2.858s (threads: 2) arena alloc=537KB java alloc=291KB native alloc=2MB free=161KB
02-25 15:24:40.562  1511  1511 I dex2oat : /system/bin/dex2oat --compiler-filter=balanced --no-watch-dog
02-25 15:24:40.821  1511  1511 I dex2oat : dex2oat took 260.285ms (threads: 2) arena alloc=267KB java alloc=25KB native alloc=614KB free=73KB
02-25 15:24:41.026  1521  1521 I dex2oat : /system/bin/dex2oat --compiler-filter=balanced --no-watch-dog
02-25 15:24:41.230  1521  1521 I dex2oat : dex2oat took 205.131ms (threads: 2) arena alloc=165KB java alloc=46KB native alloc=756KB free=63KB
02-25 15:24:41.435  1525  1525 I dex2oat : /system/bin/dex2oat --compiler-filter=balanced --no-watch-dog
02-25 15:24:41.612  1525  1525 I dex2oat : dex2oat took 177.786ms (threads: 2) arena alloc=138KB java alloc=42KB native alloc=483KB free=72KB
02-25 15:24:41.816  1529  1529 I dex2oat : /system/bin/dex2oat --compiler-filter=balanced --no-watch-dog
02-25 15:24:41.985  1529  1529 I dex2oat : dex2oat took 169.846ms (threads: 2) arena alloc=230KB java alloc=50KB native alloc=481KB free=74KB
02-25 15:24:42.191  1533  1533 I dex2oat : /system/bin/dex2oat --compiler-filter=balanced --no-watch-dog
02-25 15:24:43.639  1533  1533 I dex2oat : dex2oat took 1.448s (threads: 2) arena alloc=431KB java alloc=173KB native alloc=1535KB free=72KB
02-25 15:24:43.849  1537  1537 I dex2oat : /system/bin/dex2oat --compiler-filter=balanced --no-watch-dog
02-25 15:24:43.999  1537  1537 I dex2oat : dex2oat took 151.275ms (threads: 2) arena alloc=138KB java alloc=21KB native alloc=479KB free=76KB
02-25 15:24:44.101  1265  1265 E System  : ******************************************
02-25 15:24:44.102  1265  1265 E System  : ************ Failure starting system services
02-25 15:24:44.102  1265  1265 E System  : java.lang.NullPointerException: Attempt to read from field 'java.lang.String com.android.server.pm.Settings$VersionInfo.fingerprint' on a null object reference
02-25 15:24:44.102  1265  1265 E System  : 	at com.android.server.pm.PackageManagerService.<init>(PackageManagerService.java:2148)
02-25 15:24:44.102  1265  1265 E System  : 	at com.android.server.pm.PackageManagerService.main(PackageManagerService.java:1856)
02-25 15:24:44.102  1265  1265 E System  : 	at com.android.server.SystemServer.startBootstrapServices(SystemServer.java:390)
02-25 15:24:44.102  1265  1265 E System  : 	at com.android.server.SystemServer.run(SystemServer.java:292)
02-25 15:24:44.102  1265  1265 E System  : 	at com.android.server.SystemServer.main(SystemServer.java:179)
02-25 15:24:44.102  1265  1265 E System  : 	at java.lang.reflect.Method.invoke(Native Method)
02-25 15:24:44.102  1265  1265 E System  : 	at com.android.internal.os.ZygoteInit$MethodAndArgsCaller.run(ZygoteInit.java:726)
02-25 15:24:44.102  1265  1265 E System  : 	at com.android.internal.os.ZygoteInit.main(ZygoteInit.java:616)
02-25 15:24:44.103  1265  1265 D AndroidRuntime: Shutting down VM
02-25 15:24:44.103  1265  1265 E AndroidRuntime: *** FATAL EXCEPTION IN SYSTEM PROCESS: main
02-25 15:24:44.103  1265  1265 E AndroidRuntime: java.lang.NullPointerException: Attempt to read from field 'java.lang.String com.android.server.pm.Settings$VersionInfo.fingerprint' on a null object reference
02-25 15:24:44.103  1265  1265 E AndroidRuntime: 	at com.android.server.pm.PackageManagerService.<init>(PackageManagerService.java:2148)
02-25 15:24:44.103  1265  1265 E AndroidRuntime: 	at com.android.server.pm.PackageManagerService.main(PackageManagerService.java:1856)
02-25 15:24:44.103  1265  1265 E AndroidRuntime: 	at com.android.server.SystemServer.startBootstrapServices(SystemServer.java:390)
02-25 15:24:44.103  1265  1265 E AndroidRuntime: 	at com.android.server.SystemServer.run(SystemServer.java:292)
02-25 15:24:44.103  1265  1265 E AndroidRuntime: 	at com.android.server.SystemServer.main(SystemServer.java:179)
02-25 15:24:44.103  1265  1265 E AndroidRuntime: 	at java.lang.reflect.Method.invoke(Native Method)
02-25 15:24:44.103  1265  1265 E AndroidRuntime: 	at com.android.internal.os.ZygoteInit$MethodAndArgsCaller.run(ZygoteInit.java:726)
02-25 15:24:44.103  1265  1265 E AndroidRuntime: 	at com.android.internal.os.ZygoteInit.main(ZygoteInit.java:616)
02-25 15:24:44.123  1265  1265 E AndroidRuntime: Error reporting crash
02-25 15:24:44.123  1265  1265 E AndroidRuntime: java.lang.NullPointerException: Attempt to invoke interface method 'void android.app.IActivityManager.handleApplicationCrash(android.os.IBinder, android.app.ApplicationErrorReport$CrashInfo)' on a null object reference
02-25 15:24:44.123  1265  1265 E AndroidRuntime: 	at com.android.internal.os.RuntimeInit$UncaughtHandler.uncaughtException(RuntimeInit.java:95)
02-25 15:24:44.123  1265  1265 E AndroidRuntime: 	at java.lang.ThreadGroup.uncaughtException(ThreadGroup.java:693)
02-25 15:24:44.123  1265  1265 E AndroidRuntime: 	at java.lang.ThreadGroup.uncaughtException(ThreadGroup.java:690)
02-25 15:24:44.123  1265  1265 I Process : Sending signal. PID: 1265 SIG: 9
02-25 15:24:44.160   200   200 I ServiceManager: service 'appops' died
02-25 15:24:44.160   200   200 I ServiceManager: service 'batterystats' died
02-25 15:24:44.160   200   200 I ServiceManager: service 'power' died
02-25 15:24:44.160   200   200 I ServiceManager: service 'display' died
02-25 15:24:44.165   231   231 E installd: eof
02-25 15:24:44.165   231   231 E installd: failed to read size
02-25 15:24:44.165   231   231 I installd: closing connection
02-25 15:24:44.180   271   271 E Zygote  : Exit zygote because system server (1265) has terminated
02-25 15:24:44.254   200   200 I ServiceManager: service 'media.resource_manager' died
02-25 15:24:44.254   200   200 I ServiceManager: service 'media.audio_flinger' died
02-25 15:24:44.254   200   200 I ServiceManager: service 'media.player' died
02-25 15:24:44.254   200   200 I ServiceManager: service 'media.camera' died
02-25 15:24:44.254   200   200 I ServiceManager: service 'media.audio_policy' died
02-25 15:24:44.255   200   200 I ServiceManager: service 'media.sound_trigger_hw' died
02-25 15:24:44.255   200   200 I ServiceManager: service 'media.radio' died
02-25 15:24:44.279  1541  1541 I netd    : type=1400 audit(0.0:104): avc: denied { module_request } for kmod="personality-8" scontext=u:r:netd:s0 tcontext=u:r:kernel:s0 tclass=system permissive=1
02-25 15:24:44.699  1541  1541 I Netd    : Netd 1.0 starting
02-25 15:24:44.700  1541  1541 I QtiConnectivityAdapter: Failed to open libconnctrl, some features may not be present.
02-25 15:24:44.701  1541  1541 D TetherController: Setting IP forward enable = 0
02-25 15:24:46.269  1600  1600 I init    : type=1400 audit(0.0:105): avc: denied { execute_no_trans } for path="/system/bin/rmt_oeminfo" dev="mmcblk0p12" ino=15671 scontext=u:r:init:s0 tcontext=u:object_r:system_file:s0 tclass=file permissive=1
02-25 15:24:46.309  1600  1600 I rmt_oeminfo: type=1400 audit(0.0:106): avc: denied { execmod } for path="/system/bin/rmt_oeminfo" dev="mmcblk0p12" ino=15671 scontext=u:r:init:s0 tcontext=u:object_r:system_file:s0 tclass=file permissive=1
02-25 15:24:46.435  1543  1543 I mediaserver: ServiceManager: 0xb7ce2be0
02-25 15:24:46.436  1543  1543 I AudioFlinger: Using default 3000 mSec as standby time.
02-25 15:24:46.439  1543  1543 E BatteryNotifier: batterystats service unavailable!
02-25 15:24:46.439  1543  1543 E BatteryNotifier: batterystats service unavailable!
02-25 15:24:46.441  1543  1543 I CameraService: CameraService started (pid=1543)
02-25 15:24:46.442  1543  1543 I CameraService: CameraService process starting
02-25 15:24:46.442  1543  1543 E BatteryNotifier: batterystats service unavailable!
02-25 15:24:46.442  1543  1543 E BatteryNotifier: batterystats service unavailable!
02-25 15:24:46.464  1543  1543 D QualcommCamera: Qint android::get_number_of_cameras(): E
02-25 15:24:46.464  1543  1543 I QCameraHAL: Handle base =0x0xb4985068
02-25 15:24:46.464  1543  1543 I QCameraHAL: getCameraInfo: numOfCameras = 2
02-25 15:24:46.464  1543  1543 I QCameraHAL: Handle [0]=0x0xb4985068
02-25 15:24:46.464  1543  1543 I QCameraHAL: Camera sensor 0 info:
02-25 15:24:46.465  1543  1543 I QCameraHAL: camera_id: 0
02-25 15:24:46.465  1543  1543 I QCameraHAL: modes_supported: 1
02-25 15:24:46.465  1543  1543 I QCameraHAL: position: 0
02-25 15:24:46.465  1543  1543 I QCameraHAL: sensor_mount_angle: 90
02-25 15:24:46.465  1543  1543 I QCameraHAL: Handle [1]=0x0xb49850ac
02-25 15:24:46.465  1543  1543 I QCameraHAL: Camera sensor 1 info:
02-25 15:24:46.465  1543  1543 I QCameraHAL: camera_id: 1
02-25 15:24:46.465  1543  1543 I QCameraHAL: modes_supported: 1
02-25 15:24:46.465  1543  1543 I QCameraHAL: position: 1
02-25 15:24:46.465  1543  1543 I QCameraHAL: sensor_mount_angle: 270
02-25 15:24:46.465  1543  1543 I CameraService: Loaded "JSR msm7x27a Camera HAL" camera module
02-25 15:24:46.465  1543  1543 D QualcommCamera: Qint android::get_number_of_cameras(): E
02-25 15:24:46.465  1543  1543 I QCameraHAL: Handle base =0x0xb4985068
02-25 15:24:46.465  1543  1543 I QCameraHAL: getCameraInfo: numOfCameras = 2
02-25 15:24:46.465  1543  1543 I QCameraHAL: Handle [0]=0x0xb4985068
02-25 15:24:46.465  1543  1543 I QCameraHAL: Camera sensor 0 info:
02-25 15:24:46.465  1543  1543 I QCameraHAL: camera_id: 0
02-25 15:24:46.466  1543  1543 I QCameraHAL: modes_supported: 1
02-25 15:24:46.466  1543  1543 I QCameraHAL: position: 0
02-25 15:24:46.466  1543  1543 I QCameraHAL: sensor_mount_angle: 90
02-25 15:24:46.466  1543  1543 I QCameraHAL: Handle [1]=0x0xb49850ac
02-25 15:24:46.466  1543  1543 I QCameraHAL: Camera sensor 1 info:
02-25 15:24:46.466  1543  1543 I QCameraHAL: camera_id: 1
02-25 15:24:46.466  1543  1543 I QCameraHAL: modes_supported: 1
02-25 15:24:46.466  1543  1543 I QCameraHAL: position: 1
02-25 15:24:46.466  1543  1543 I QCameraHAL: sensor_mount_angle: 270
02-25 15:24:46.466  1543  1543 D QualcommCamera: Qint android::get_number_of_cameras(): E
02-25 15:24:46.466  1543  1543 I QCameraHAL: Handle base =0x0xb4985068
02-25 15:24:46.466  1543  1543 I QCameraHAL: getCameraInfo: numOfCameras = 2
02-25 15:24:46.466  1543  1543 I QCameraHAL: Handle [0]=0x0xb4985068
02-25 15:24:46.466  1543  1543 I QCameraHAL: Camera sensor 0 info:
02-25 15:24:46.467  1543  1543 I QCameraHAL: camera_id: 0
02-25 15:24:46.467  1543  1543 I QCameraHAL: modes_supported: 1
02-25 15:24:46.467  1543  1543 I QCameraHAL: position: 0
02-25 15:24:46.467  1543  1543 I QCameraHAL: sensor_mount_angle: 90
02-25 15:24:46.467  1543  1543 I QCameraHAL: Handle [1]=0x0xb49850ac
02-25 15:24:46.467  1543  1543 I QCameraHAL: Camera sensor 1 info:
02-25 15:24:46.467  1543  1543 I QCameraHAL: camera_id: 1
02-25 15:24:46.467  1543  1543 I QCameraHAL: modes_supported: 1
02-25 15:24:46.467  1543  1543 I QCameraHAL: position: 1
02-25 15:24:46.467  1543  1543 I QCameraHAL: sensor_mount_angle: 270
02-25 15:24:46.467  1543  1543 I CameraFlashlight: Opening camera 0
