02-25 15:24:46.467  1543  1543 D QualcommCamera: Qint android::get_camera_info(int, camera_info*): E
02-25 15:24:46.467  1543  1543 D QCameraHAL: void android::HAL_getCameraInfo(int, android::CameraInfo*): E
02-25 15:24:46.467  1543  1543 D QualcommCamera: Qint android::get_camera_info(int, camera_info*): X
02-25 15:24:46.467  1543  1543 I QCameraHWI: QCameraHardwareInterface: E
02-25 15:24:46.468  1543  1543 I QCameraHWI: Init mPreviewState = 0
02-25 15:24:46.623   665  1617 E mm-camera: kernel returned ov8825_truly_cm8313
02-25 15:24:46.623   665  1617 E mm-camera: kernel returned ov8825_truly
02-25 15:24:47.116   665  1617 E mm-camera: sensor_load_chromatix: libchromatix_ov8825_truly_preview.so: 36
02-25 15:24:47.127  1543  1543 E mm-libcamera2: mm_camera_open:  ctrl_fd = 6
02-25 15:24:47.127  1543  1543 E mm-libcamera2: Errno:2
02-25 15:24:47.127  1543  1543 E mm-libcamera2: mm_camera_open:  opened, break out while loop
02-25 15:24:47.119  1543  1543 I mediaserver: type=1400 audit(0.0:107): avc: denied { write } for name="cam_socket0" dev="mmcblk0p13" ino=14 scontext=u:r:mediaserver:s0 tcontext=u:object_r:system_data_file:s0 tclass=sock_file permissive=1
02-25 15:24:47.127  1543  1543 E mm-libcamera2: mm_camera_open:  2
02-25 15:24:47.127  1543  1543 E mm-libcamera2: mm_camera_open:  ds_fd = 7
02-25 15:24:47.127  1543  1543 E mm-libcamera2: Errno:2
02-25 15:24:47.128  1543  1543 E mm-libcamera2: mm_camera_open:  opened, break out while loop
02-25 15:24:47.128  1543  1543 E mm-libcamera2: mm_camera_open:  after while loop for domain socket open
02-25 15:24:47.128  1543  1543 E mm-libcamera2: mm_camera_poll_thread_launch: ch_type = 0, poll_type = 1, read fd = 8, write fd = 10
02-25 15:24:47.134  1543  1543 E mm-libcamera2: mm_camera_poll_thread_launch: ch_type = 1, poll_type = 1, read fd = 11, write fd = 12
02-25 15:24:47.153  1543  1543 E mm-libcamera2: mm_camera_poll_thread_launch: ch_type = 2, poll_type = 1, read fd = 13, write fd = 14
02-25 15:24:47.159  1543  1543 E mm-libcamera2: mm_camera_poll_thread_launch: ch_type = 3, poll_type = 1, read fd = 15, write fd = 16
02-25 15:24:47.160  1543  1543 E mm-libcamera2: mm_camera_poll_thread_launch: ch_type = 4, poll_type = 1, read fd = 17, write fd = 18
02-25 15:24:47.167  1543  1543 E mm-libcamera2: mm_camera_poll_thread_launch: ch_type = 5, poll_type = 0, read fd = 19, write fd = 20
02-25 15:24:47.167  1543  1543 D QCameraHWI_Parm: void android::QCameraHardwareInterface::loadTables(): E
02-25 15:24:47.168  1543  1543 D QCameraHWI_Parm: void android::QCameraHardwareInterface::loadTables(): X
02-25 15:24:47.168  1543  1543 D QCameraHWI_Parm: android::status_t android::QCameraHardwareInterface::setPictureSizeTable(): Max Picture Sizes Supported: 3264 X 2448
02-25 15:24:47.168  1543  1543 D QCameraHWI_Parm: android::status_t android::QCameraHardwareInterface::setPictureSizeTable(): Camera Picture Size Table Max width: 3200 height 2400 table_size: 1
02-25 15:24:47.168  1543  1543 D QCameraHWI_Parm: android::status_t android::QCameraHardwareInterface::setPictureSizeTable(): Camera Picture Size Table Max width: 2592 height 1944 table_size: 2
02-25 15:24:47.169  1543  1543 D QCameraHWI_Parm: android::status_t android::QCameraHardwareInterface::setPictureSizeTable(): Camera Picture Size Table Max width: 2560 height 1920 table_size: 3
02-25 15:24:47.169  1543  1543 D QCameraHWI_Parm: android::status_t android::QCameraHardwareInterface::setPictureSizeTable(): Camera Picture Size Table Max width: 2560 height 1536 table_size: 4
02-25 15:24:47.169  1543  1543 D QCameraHWI_Parm: android::status_t android::QCameraHardwareInterface::setPictureSizeTable(): Camera Picture Size Table Max width: 2048 height 1536 table_size: 5
02-25 15:24:47.169  1543  1543 D QCameraHWI_Parm: android::status_t android::QCameraHardwareInterface::setPictureSizeTable(): Camera Picture Size Table Max width: 2240 height 1344 table_size: 6
02-25 15:24:47.169  1543  1543 D QCameraHWI_Parm: android::status_t android::QCameraHardwareInterface::setPictureSizeTable(): Camera Picture Size Table Max width: 2304 height 1296 table_size: 7
02-25 15:24:47.169  1543  1543 D QCameraHWI_Parm: android::status_t android::QCameraHardwareInterface::setPictureSizeTable(): Camera Picture Size Table Max width: 1920 height 1080 table_size: 8
02-25 15:24:47.169  1543  1543 D QCameraHWI_Parm: android::status_t android::QCameraHardwareInterface::setPictureSizeTable(): Camera Picture Size Table Max width: 1600 height 1200 table_size: 9
02-25 15:24:47.169  1543  1543 D QCameraHWI_Parm: android::status_t android::QCameraHardwareInterface::setPictureSizeTable(): Camera Picture Size Table Max width: 1536 height 864 table_size: 10
02-25 15:24:47.169  1543  1543 D QCameraHWI_Parm: android::status_t android::QCameraHardwareInterface::setPictureSizeTable(): Camera Picture Size Table Max width: 1280 height 960 table_size: 11
02-25 15:24:47.169  1543  1543 D QCameraHWI_Parm: android::status_t android::QCameraHardwareInterface::setPictureSizeTable(): Camera Picture Size Table Max width: 1280 height 768 table_size: 12
02-25 15:24:47.169  1543  1543 D QCameraHWI_Parm: android::status_t android::QCameraHardwareInterface::setPictureSizeTable(): Camera Picture Size Table Max width: 1280 height 720 table_size: 13
02-25 15:24:47.169  1543  1543 D QCameraHWI_Parm: android::status_t android::QCameraHardwareInterface::setPictureSizeTable(): Camera Picture Size Table Max width: 1024 height 768 table_size: 14
02-25 15:24:47.169  1543  1543 D QCameraHWI_Parm: android::status_t android::QCameraHardwareInterface::setPictureSizeTable(): Camera Picture Size Table Max width: 800 height 600 table_size: 15
02-25 15:24:47.170  1543  1543 D QCameraHWI_Parm: android::status_t android::QCameraHardwareInterface::setPictureSizeTable(): Camera Picture Size Table Max width: 800 height 480 table_size: 16
02-25 15:24:47.170  1543  1543 D QCameraHWI_Parm: android::status_t android::QCameraHardwareInterface::setPictureSizeTable(): Camera Picture Size Table Max width: 640 height 480 table_size: 17
02-25 15:24:47.170  1543  1543 D QCameraHWI_Parm: android::status_t android::QCameraHardwareInterface::setPictureSizeTable(): Camera Picture Size Table Max width: 352 height 288 table_size: 18
02-25 15:24:47.170  1543  1543 D QCameraHWI_Parm: android::status_t android::QCameraHardwareInterface::setPictureSizeTable(): Camera Picture Size Table Max width: 320 height 240 table_size: 19
02-25 15:24:47.170  1543  1543 D QCameraHWI_Parm: android::status_t android::QCameraHardwareInterface::setPictureSizeTable(): Camera Picture Size Table Max width: 176 height 144 table_size: 20
02-25 15:24:47.170  1543  1543 D QCameraHWI: android::QCameraHardwareInterface::QCameraHardwareInterface(int, int): Picture table size: 20
02-25 15:24:47.170  1543  1543 D QCameraHWI: android::QCameraHardwareInterface::QCameraHardwareInterface(int, int): Picture table: 
02-25 15:24:47.170  1543  1543 D QCameraHWI:  3200  2400
02-25 15:24:47.170  1543  1543 D QCameraHWI:  2592  1944
02-25 15:24:47.170  1543  1543 D QCameraHWI:  2560  1920
02-25 15:24:47.170  1543  1543 D QCameraHWI:  2560  1536
02-25 15:24:47.170  1543  1543 D QCameraHWI:  2048  1536
02-25 15:24:47.170  1543  1543 D QCameraHWI:  2240  1344
02-25 15:24:47.170  1543  1543 D QCameraHWI:  2304  1296
02-25 15:24:47.170  1543  1543 D QCameraHWI:  1920  1080
02-25 15:24:47.170  1543  1543 D QCameraHWI:  1600  1200
02-25 15:24:47.170  1543  1543 D QCameraHWI:  1536  864
02-25 15:24:47.171  1543  1543 D QCameraHWI:  1280  960
02-25 15:24:47.171  1543  1543 D QCameraHWI:  1280  768
02-25 15:24:47.171  1543  1543 D QCameraHWI:  1280  720
02-25 15:24:47.171  1543  1543 D QCameraHWI:  1024  768
02-25 15:24:47.171  1543  1543 D QCameraHWI:  800  600
02-25 15:24:47.171  1543  1543 D QCameraHWI:  800  480
02-25 15:24:47.171  1543  1543 D QCameraHWI:  640  480
02-25 15:24:47.171  1543  1543 D QCameraHWI:  352  288
02-25 15:24:47.171  1543  1543 D QCameraHWI:  320  240
02-25 15:24:47.171  1543  1543 D QCameraHWI:  176  144
02-25 15:24:47.171  1543  1543 D QCameraHWI_Parm: android::status_t android::QCameraHardwareInterface::setPreviewSizeTable(): Max Preview Sizes Supported: 1632 X 1224
02-25 15:24:47.171  1543  1543 D QCameraHWI_Parm: android::status_t android::QCameraHardwareInterface::setPreviewSizeTable(): Camera Preview Size Table Max width: 1280 height 720 table_size: 14
02-25 15:24:47.171  1543  1543 D QCameraHWI_Parm: KEY_PREFERRED_PREVIEW_SIZE_FOR_VIDEO = 1280x720
02-25 15:24:47.171  1543  1543 D QCameraHWI: android::QCameraHardwareInterface::QCameraHardwareInterface(int, int): Preview table size: 14
02-25 15:24:47.171  1543  1543 D QCameraHWI: android::QCameraHardwareInterface::QCameraHardwareInterface(int, int): Preview table: 
02-25 15:24:47.171  1543  1543 D QCameraHWI:  1280  720
02-25 15:24:47.171  1543  1543 D QCameraHWI:  864  480
02-25 15:24:47.171  1543  1543 D QCameraHWI:  800  480
02-25 15:24:47.171  1543  1543 D QCameraHWI:  768  432
02-25 15:24:47.172  1543  1543 D QCameraHWI:  720  480
02-25 15:24:47.172  1543  1543 D QCameraHWI:  640  480
02-25 15:24:47.172  1543  1543 D QCameraHWI:  576  432
02-25 15:24:47.172  1543  1543 D QCameraHWI:  480  320
02-25 15:24:47.172  1543  1543 D QCameraHWI:  432  240
02-25 15:24:47.172  1543  1543 D QCameraHWI:  384  288
02-25 15:24:47.172  1543  1543 D QCameraHWI:  352  288
02-25 15:24:47.172  1543  1543 D QCameraHWI:  320  240
02-25 15:24:47.172  1543  1543 D QCameraHWI:  240  160
02-25 15:24:47.172  1543  1543 D QCameraHWI:  176  144
02-25 15:24:47.172  1543  1543 D QCameraHWI_Parm: android::status_t android::QCameraHardwareInterface::setVideoSizeTable(): E
02-25 15:24:47.172  1543  1543 D QCameraHWI_Parm: android::status_t android::QCameraHardwareInterface::setVideoSizeTable(): Max Video Size Supported: 1632 X 1224
02-25 15:24:47.172  1543  1543 D QCameraHWI_Parm: android::status_t android::QCameraHardwareInterface::setVideoSizeTable(): Supported Video Size [0] = 1280x720
02-25 15:24:47.172  1543  1543 D QCameraHWI_Parm: android::status_t android::QCameraHardwareInterface::setVideoSizeTable(): Supported Video Size [1] = 864x480
02-25 15:24:47.172  1543  1543 D QCameraHWI_Parm: android::status_t android::QCameraHardwareInterface::setVideoSizeTable(): Supported Video Size [2] = 800x480
02-25 15:24:47.172  1543  1543 D QCameraHWI_Parm: android::status_t android::QCameraHardwareInterface::setVideoSizeTable(): Supported Video Size [3] = 768x432
02-25 15:24:47.172  1543  1543 D QCameraHWI_Parm: android::status_t android::QCameraHardwareInterface::setVideoSizeTable(): Supported Video Size [4] = 720x480
02-25 15:24:47.172  1543  1543 D QCameraHWI_Parm: android::status_t android::QCameraHardwareInterface::setVideoSizeTable(): Supported Video Size [5] = 640x480
02-25 15:24:47.172  1543  1543 D QCameraHWI_Parm: android::status_t android::QCameraHardwareInterface::setVideoSizeTable(): Supported Video Size [6] = 576x432
02-25 15:24:47.172  1543  1543 D QCameraHWI_Parm: android::status_t android::QCameraHardwareInterface::setVideoSizeTable(): Supported Video Size [7] = 480x320
02-25 15:24:47.172  1543  1543 D QCameraHWI_Parm: android::status_t android::QCameraHardwareInterface::setVideoSizeTable(): Supported Video Size [8] = 432x240
02-25 15:24:47.173  1543  1543 D QCameraHWI_Parm: android::status_t android::QCameraHardwareInterface::setVideoSizeTable(): Supported Video Size [9] = 384x288
02-25 15:24:47.173  1543  1543 D QCameraHWI_Parm: android::status_t android::QCameraHardwareInterface::setVideoSizeTable(): Supported Video Size [10] = 352x288
02-25 15:24:47.173  1543  1543 D QCameraHWI_Parm: android::status_t android::QCameraHardwareInterface::setVideoSizeTable(): Supported Video Size [11] = 320x240
02-25 15:24:47.173  1543  1543 D QCameraHWI_Parm: android::status_t android::QCameraHardwareInterface::setVideoSizeTable(): Supported Video Size [12] = 240x160
02-25 15:24:47.173  1543  1543 D QCameraHWI_Parm: android::status_t android::QCameraHardwareInterface::setVideoSizeTable(): Supported Video Size [13] = 176x144
02-25 15:24:47.173  1543  1543 D QCameraHWI_Parm: android::status_t android::QCameraHardwareInterface::setVideoSizeTable(): X
02-25 15:24:47.173  1543  1543 D QCameraHWI: android::QCameraHardwareInterface::QCameraHardwareInterface(int, int): Video table size: 14
02-25 15:24:47.173  1543  1543 D QCameraHWI: android::QCameraHardwareInterface::QCameraHardwareInterface(int, int): Video table: 
02-25 15:24:47.173  1543  1543 D QCameraHWI:  1280  720
02-25 15:24:47.173  1543  1543 D QCameraHWI:  864  480
02-25 15:24:47.173  1543  1543 D QCameraHWI:  800  480
02-25 15:24:47.173  1543  1543 D QCameraHWI:  768  432
02-25 15:24:47.173  1543  1543 D QCameraHWI:  720  480
02-25 15:24:47.173  1543  1543 D QCameraHWI:  640  480
02-25 15:24:47.173  1543  1543 D QCameraHWI:  576  432
02-25 15:24:47.173  1543  1543 D QCameraHWI:  480  320
02-25 15:24:47.173  1543  1543 D QCameraHWI:  432  240
02-25 15:24:47.173  1543  1543 D QCameraHWI:  384  288
02-25 15:24:47.173  1543  1543 D QCameraHWI:  352  288
02-25 15:24:47.173  1543  1543 D QCameraHWI:  320  240
02-25 15:24:47.173  1543  1543 D QCameraHWI:  240  160
02-25 15:24:47.173  1543  1543 D QCameraHWI:  176  144
02-25 15:24:47.174  1543  1543 I QCameraHWI: setMyMode: E
02-25 15:24:47.174  1543  1543 I QCameraHWI: setMyMode: Set mode to 5 (passed mode: 0)
02-25 15:24:47.174  1543  1543 I QCameraHWI: setMyMode: X
02-25 15:24:47.174  1543  1543 I QCameraHWI_Parm: void android::QCameraHardwareInterface::initDefaultParameters(): E
02-25 15:24:47.174  1543  1543 D QCameraHWI_Parm: bool android::QCameraHardwareInterface::getMaxPictureDimension(mm_camera_dimension_t*): Found Max Picture dimension: 3200 x 2400
02-25 15:24:47.174  1543  1543 I QCameraHWI_Parm: bool android::QCameraHardwareInterface::native_set_parms(mm_camera_parm_type_t, uint16_t, void*) : type : 3 Value : 71305088
02-25 15:24:47.181   665  1617 E mm-camera: mctl_init_stats_proc_info: snap_max_line_cnt =30840
02-25 15:24:47.184  1543  1543 D QCameraHWI_Parm: sensor fps range = (10.023149, 29.523438)
02-25 15:24:47.185  1543  1543 E QCameraHWI_Parm: max sensor fps range after correction = (10.023148, 29.523438)
02-25 15:24:47.185  1543  1543 D QCameraHWI_Parm: supported fps ranges = (10000,10000),(15000,15000),(20000,20000),(10000,30000),(15000,30000),(30000,30000)
02-25 15:24:47.186  1543  1543 I QCameraHWI_Parm: Max Zoom:61
02-25 15:24:47.187  1543  1543 I QCameraHWI_Parm: Zoom supported:1
02-25 15:24:47.190  1543  1543 I QCameraHWI_Parm: max zoom is 60
02-25 15:24:47.192   665  1617 E mm-camera: config_proc_CAMERA_GET_PARM_FOCAL_LENGTH Focal length of the sensor = 4.920000 
02-25 15:24:47.193   665  1617 E mm-camera: config_proc_CAMERA_GET_PARM_HORIZONTAL_VIEW_ANGLE Horizontal view angle of the sensor = 55.400002 
02-25 15:24:47.193   665  1617 E mm-camera: config_proc_CAMERA_GET_PARM_VERTICAL_VIEW_ANGLE Vertical view angle of the sensor = 42.700001 
02-25 15:24:47.194  1543  1543 I QCameraHWI_Parm: int android::QCameraHardwareInterface::getZSLQueueDepth() const: prop = 2
02-25 15:24:47.194  1543  1543 I QCameraHWI_Parm: int android::QCameraHardwareInterface::getZSLQueueDepth() const: prop = 2
02-25 15:24:47.194  1543  1543 I QCameraHWI_Parm: android::status_t android::QCameraHardwareInterface::setParameters(const android::QCameraParameters&): E
02-25 15:24:47.194  1543  1543 I QCameraHWI_Parm: ZSL is enabled  0
02-25 15:24:47.195   665  1617 E mm-camera: config_proc_CAMERA_SET_CHANNEL_STREAM rc = 1, status = 1
02-25 15:24:47.195   665  1617 E mm-camera: config_proc_CAMERA_GET_CHANNEL_STREAM Channel stream info = 0 
02-25 15:24:47.195  1543  1543 I QCameraHWI_Parm: Enable Normal Power Mode
02-25 15:24:47.195  1543  1543 I QCameraHWI_Parm: android::status_t android::QCameraHardwareInterface::setPowerMode(const android::QCameraParameters&): Calling sysinfo() 
02-25 15:24:47.196  1543  1543 I QCameraHWI_Parm: android::status_t android::QCameraHardwareInterface::setPowerMode(const android::QCameraParameters&): totalram = 669904896, freeram = 331730944 
02-25 15:24:47.196  1543  1543 I QCameraHWI_Parm: android::status_t android::QCameraHardwareInterface::setPowerMode(const android::QCameraParameters&) Low power mode Disabled value = 0
02-25 15:24:47.196  1543  1543 I QCameraHWI_Parm: bool android::QCameraHardwareInterface::native_set_parms(mm_camera_parm_type_t, uint16_t, void*) : type : 81 Value : 0
02-25 15:24:47.196   665  1617 E mm-camera: config_proc_CAMERA_SET_LOW_POWER_MODE Low power mode enabled? : No 
02-25 15:24:47.196  1543  1543 I QCameraHWI_Parm: ################requested preview size 640 x 480
02-25 15:24:47.196  1543  1543 I QCameraHWI_Parm: setPreviewSize:  width: 640   heigh: 480
02-25 15:24:47.196  1543  1543 D QCameraHWI_Parm: android::status_t android::QCameraHardwareInterface::setVideoSize(const android::QCameraParameters&): E
02-25 15:24:47.196  1543  1543 I QCameraHWI_Parm: android::status_t android::QCameraHardwareInterface::setVideoSize(const android::QCameraParameters&): requested record size 1280x720
02-25 15:24:47.196  1543  1543 I QCameraHWI_Parm: android::status_t android::QCameraHardwareInterface::setVideoSize(const android::QCameraParameters&): preview dimensions: 640x480
02-25 15:24:47.197  1543  1543 I QCameraHWI_Parm: android::status_t android::QCameraHardwareInterface::setVideoSize(const android::QCameraParameters&): video dimensions: 1280x720
02-25 15:24:47.197  1543  1543 D QCameraHWI_Parm: android::status_t android::QCameraHardwareInterface::setVideoSize(const android::QCameraParameters&): X
02-25 15:24:47.197  1543  1543 D QCameraHWI_Parm: QualcommCameraHardware::setPictureSize E
02-25 15:24:47.197  1543  1543 I QCameraHWI_Parm: requested picture size 640 x 480
02-25 15:24:47.197  1543  1543 I QCameraHWI_Parm: requested jpeg thumbnail size 512 x 384
02-25 15:24:47.197  1543  1543 D QCameraHWI_Parm: setJpegQuality E
02-25 15:24:47.197  1543  1543 D QCameraHWI_Parm: setJpegQuality X
02-25 15:24:47.197  1543  1543 D QCameraHWI_Parm: android::status_t android::QCameraHardwareInterface::setEffect(const android::QCameraParameters&)
02-25 15:24:47.197  1543  1543 I QCameraHWI_Parm: Setting effect none
02-25 15:24:47.197  1543  1543 I QCameraHWI_Parm: Setting effect to lower HAL : 0
02-25 15:24:47.198  1543  1543 I QCameraHWI_Parm: native_set_parms: succeeded : 0
02-25 15:24:47.199  1543  1543 D QCameraHWI_Parm: setGpsLocation X
02-25 15:24:47.199  1543  1543 D QCameraHWI_Parm: setRotation
02-25 15:24:47.199  1543  1543 D QCameraHWI_Parm: android::status_t android::QCameraHardwareInterface::setZoom(const android::QCameraParameters&): E
02-25 15:24:47.199  1543  1543 E QCameraHWI_Parm: android::status_t android::QCameraHardwareInterface::setFaceZoom(const android::QCameraParameters&): Face Zoom Enabled Already
02-25 15:24:47.199  1543  1543 I QCameraHWI_Parm: bool android::QCameraHardwareInterface::native_set_parms(mm_camera_parm_type_t, uint16_t, void*) : type : 26 Value : 0
02-25 15:24:47.199  1543  1543 D QCameraHWI_Parm: android::status_t android::QCameraHardwareInterface::setZoom(const android::QCameraParameters&) X
02-25 15:24:47.200  1543  1543 I QCameraHWI_Parm: bool android::QCameraHardwareInterface::native_set_parms(mm_camera_parm_type_t, uint16_t, void*) : type : 16 Value : 3585
02-25 15:24:47.200  1543  1543 D QCameraHWI_Parm: android::status_t android::QCameraHardwareInterface::setMCEValue(const android::QCameraParameters&)
02-25 15:24:47.200  1543  1543 E QCameraHWI_Parm: MM_CAMERA_PARM_MCE mode is not supported for this sensor
02-25 15:24:47.200  1543  1543 D QCameraHWI_Parm: android::status_t android::QCameraHardwareInterface::setSharpness(const android::QCameraParameters&)
02-25 15:24:47.200  1543  1543 I QCameraHWI_Parm: bool android::QCameraHardwareInterface::native_set_parms(mm_camera_parm_type_t, uint16_t, void*) : type : 9 Value : 10
02-25 15:24:47.201  1543  1543 D QCameraHWI_Parm: android::status_t android::QCameraHardwareInterface::setSaturation(const android::QCameraParameters&)
02-25 15:24:47.202  1543  1543 I QCameraHWI_Parm: native_set_parms: succeeded : 0
02-25 15:24:47.202  1543  1543 D QCameraHWI_Parm: android::status_t android::QCameraHardwareInterface::setSceneMode(const android::QCameraParameters&)
02-25 15:24:47.202  1543  1543 I QCameraHWI_Parm: Scene Mode string : auto
02-25 15:24:47.202  1543  1543 I QCameraHWI_Parm: Setting Scenemode value = 0
02-25 15:24:47.203  1543  1543 I QCameraHWI_Parm: bool android::QCameraHardwareInterface::native_set_parms(mm_camera_parm_type_t, uint16_t, void*) : type : 25 Value : 0
02-25 15:24:47.204  1543  1543 D QCameraHWI_Parm: android::status_t android::QCameraHardwareInterface::setContrast(const android::QCameraParameters&) E
02-25 15:24:47.204  1543  1543 I QCameraHWI_Parm: Contrast : auto
02-25 15:24:47.204  1543  1543 D QCameraHWI_Parm: Calling Contrast set on Lower layer
02-25 15:24:47.204  1543  1543 I QCameraHWI_Parm: bool android::QCameraHardwareInterface::native_set_parms(mm_camera_parm_type_t, uint16_t, void*) : type : 10 Value : 5
02-25 15:24:47.205  1543  1543 I QCameraHWI_Parm: Lower layer returned 1
02-25 15:24:47.205  1543  1543 I QCameraHWI_Parm: setFaceDetect: off
02-25 15:24:47.205  1543  1543 I QCameraHWI_Parm: android::status_t android::QCameraHardwareInterface::setFaceDetect(const android::QCameraParameters&) Face detection value = 0, num_fd = 2
02-25 15:24:47.205  1543  1543 I QCameraHWI_Parm: bool android::QCameraHardwareInterface::native_set_parms(mm_camera_parm_type_t, uint16_t, void*) : type : 30 Value : 0
02-25 15:24:47.206  1543  1543 I QCameraHWI_Parm: bool android::QCameraHardwareInterface::native_set_parms(mm_camera_parm_type_t, uint16_t, void*) : type : 54 Value : 1
02-25 15:24:47.206  1543  1543 I QCameraHWI_Parm: Setting preview format to 1, i =0, num=4, hal_format=17
02-25 15:24:47.206  1543  1543 I QCameraHWI_Parm: Setting video format to yuv420spH
02-25 15:24:47.206  1543  1543 D QCameraHWI_Parm: android::status_t android::QCameraHardwareInterface::setSkinToneEnhancement(const android::QCameraParameters&)
02-25 15:24:47.206  1543  1543 E QCameraHWI_Parm: SkinToneEnhancement is not supported for this sensor
02-25 15:24:47.206  1543  1543 D QCameraHWI_Parm: android::status_t android::QCameraHardwareInterface::setWaveletDenoise(const android::QCameraParameters&)
02-25 15:24:47.206  1543  1543 E QCameraHWI_Parm: Denoise enable=1, plates=0
02-25 15:24:47.206  1543  1543 I QCameraHWI_Parm: bool android::QCameraHardwareInterface::native_set_parms(mm_camera_parm_type_t, uint16_t, void*) : type : 51 Value : 1
02-25 15:24:47.207  1543  1543 D QCameraHWI_Parm: android::status_t android::QCameraHardwareInterface::setAntibanding(const android::QCameraParameters&)
02-25 15:24:47.207  1543  1543 I QCameraHWI_Parm: Antibanding Value : 0
02-25 15:24:47.209  1543  1543 I QCameraHWI_Parm: native_set_parms: succeeded : 0
02-25 15:24:47.209  1543  1543 I QCameraHWI_Parm: setRedeyeReduction: setting Redeye Reduction value of disable
02-25 15:24:47.209  1543  1543 I QCameraHWI_Parm: bool android::QCameraHardwareInterface::native_set_parms(mm_camera_parm_type_t, uint16_t, void*) : type : 50 Value : 0
02-25 15:24:47.210  1543  1543 I QCameraHWI_Parm: in AE-bracket setting, effect is none
02-25 15:24:47.210  1543  1543 I QCameraHWI_Parm: color effect supported
02-25 15:24:47.210  1543  1543 I QCameraHWI_Parm: android::status_t android::QCameraHardwareInterface::setAEBracket(const android::QCameraParameters&): value=0
02-25 15:24:47.210  1543  1543 I QCameraHWI_Parm: bool android::QCameraHardwareInterface::native_set_parms(mm_camera_parm_type_t, uint16_t, void*) : type : 68 Value : 0
02-25 15:24:47.211  1543  1543 I QCameraHWI_Parm: android::status_t android::QCameraHardwareInterface::setPreviewFpsRange(const android::QCameraParameters&): Existing FpsRange Values:(30000, 30000)
02-25 15:24:47.211  1543  1543 I QCameraHWI_Parm: android::status_t android::QCameraHardwareInterface::setPreviewFpsRange(const android::QCameraParameters&): Requested FpsRange Values:(30000, 30000)
02-25 15:24:47.211  1543  1543 I QCameraHWI_Parm: FPS: i=5 : minFps = 30000, maxFps = 30000 
02-25 15:24:47.211  1543  1543 I QCameraHWI_Parm: android::status_t android::QCameraHardwareInterface::setPreviewFpsRange(const android::QCameraParameters&) FPS_MODE = frame-rate-fixed
02-25 15:24:47.211  1543  1543 I QCameraHWI_Parm: bool android::QCameraHardwareInterface::native_set_parms(mm_camera_parm_type_t, uint16_t, void*) : type : 5 Value : 1
02-25 15:24:47.211  1543  1543 I QCameraHWI_Parm: bool android::QCameraHardwareInterface::native_set_parms(mm_camera_parm_type_t, uint16_t, void*) : type : 4 Value : 1966110
02-25 15:24:47.212  1543  1543 I QCameraHWI_Parm: android::status_t android::QCameraHardwareInterface::setDISMode() DIS is Disabled value = 0
02-25 15:24:47.212  1543  1543 I QCameraHWI_Parm: bool android::QCameraHardwareInterface::native_set_parms(mm_camera_parm_type_t, uint16_t, void*) : type : 76 Value : 0
02-25 15:24:47.212   665  1617 E mm-camera: config_proc_CAMERA_SET_DIS_ENABLE: DIS Enabled? : No 
02-25 15:24:47.212  1543  1543 I QCameraHWI_Parm: android::status_t android::QCameraHardwareInterface::setFullLiveshot() Full size liveshot Disabled value = 0
02-25 15:24:47.212  1543  1543 I QCameraHWI_Parm: bool android::QCameraHardwareInterface::native_set_parms(mm_camera_parm_type_t, uint16_t, void*) : type : 75 Value : 0
02-25 15:24:47.213   665  1617 E mm-camera: config_proc_CAMERA_SET_FULL_LIVESHOT rc = 1, status = 1, Full Liveshot enabled? : No 
02-25 15:24:47.213  1543  1543 I QCameraHWI_Parm: int android::QCameraHardwareInterface::getNumOfSnapshots(const android::QCameraParameters&): prop enable/disable = 0
02-25 15:24:47.213  1543  1543 I QCameraHWI_Parm: number of snapshots = 1
02-25 15:24:47.213  1543  1543 I QCameraHWI_Parm: bool android::QCameraHardwareInterface::native_set_parms(mm_camera_parm_type_t, uint16_t, void*) : type : 64 Value : 1
02-25 15:24:47.213  1543  1543 D QCameraHWI_Parm: android::status_t android::QCameraHardwareInterface::setAecAwbLock(const android::QCameraParameters&) : E
02-25 15:24:47.213  1543  1543 I QCameraHWI_Parm: bool android::QCameraHardwareInterface::native_set_parms(mm_camera_parm_type_t, uint16_t, void*) : type : 77 Value : 0
02-25 15:24:47.214  1543  1543 I QCameraHWI_Parm: bool android::QCameraHardwareInterface::native_set_parms(mm_camera_parm_type_t, uint16_t, void*) : type : 78 Value : 0
02-25 15:24:47.214  1543  1543 D QCameraHWI_Parm: android::status_t android::QCameraHardwareInterface::setAecAwbLock(const android::QCameraParameters&) : X
02-25 15:24:47.214  1543  1543 D QCameraHWI_Parm: android::status_t android::QCameraHardwareInterface::setPreviewFrameRate(const android::QCameraParameters&): E
02-25 15:24:47.214  1543  1543 D QCameraHWI_Parm: android::status_t android::QCameraHardwareInterface::setPreviewFrameRate(const android::QCameraParameters&): X
02-25 15:24:47.214  1543  1543 D QCameraHWI_Parm: android::status_t android::QCameraHardwareInterface::setAutoExposure(const android::QCameraParameters&)
02-25 15:24:47.214  1543  1543 I QCameraHWI_Parm: bool android::QCameraHardwareInterface::native_set_parms(mm_camera_parm_type_t, uint16_t, void*) : type : 8 Value : 0
02-25 15:24:47.215  1543  1543 D QCameraHWI_Parm: android::status_t android::QCameraHardwareInterface::setExposureCompensation(const android::QCameraParameters&)
02-25 15:24:47.215  1543  1543 I QCameraHWI_Parm: bool android::QCameraHardwareInterface::native_set_parms(mm_camera_parm_type_t, uint16_t, void*) : type : 7 Value : 6
02-25 15:24:47.215  1543  1543 D QCameraHWI_Parm: android::status_t android::QCameraHardwareInterface::setWhiteBalance(const android::QCameraParameters&)
02-25 15:24:47.215  1543  1543 I QCameraHWI_Parm: native_set_parms: succeeded : 0
02-25 15:24:47.215  1543  1543 I QCameraHWI_Parm: android::status_t android::QCameraHardwareInterface::setFlash(const android::QCameraParameters&): E
02-25 15:24:47.216  1543  1543 I QCameraHWI_Parm: bool android::QCameraHardwareInterface::native_set_parms(mm_camera_parm_type_t, uint16_t, void*) : type : 14 Value : 0
02-25 15:24:47.216  1543  1543 D QCameraHWI_Parm: android::status_t android::QCameraHardwareInterface::setFocusMode(const android::QCameraParameters&)
02-25 15:24:47.216  1543  1543 I QCameraHWI_Parm: Focus mode auto
02-25 15:24:47.216  1543  1543 I QCameraHWI_Parm: updateFocusDistances: setting KEY_FOCUS_DISTANCES as 1.435333,2.559109,11.789700
02-25 15:24:47.217  1543  1543 I QCameraHWI_Parm: bool android::QCameraHardwareInterface::native_set_parms(mm_camera_parm_type_t, uint16_t, void*) : type : 96 Value : 2
02-25 15:24:47.217  1543  1543 I QCameraHWI_Parm: Continuous Auto Focus 0
02-25 15:24:47.217  1543  1543 I QCameraHWI_Parm: bool android::QCameraHardwareInterface::native_set_parms(mm_camera_parm_type_t, uint16_t, void*) : type : 17 Value : 0
02-25 15:24:47.218  1543  1543 D QCameraHWI_Parm: android::status_t android::QCameraHardwareInterface::setBrightness(const android::QCameraParameters&)
02-25 15:24:47.218  1543  1543 I QCameraHWI_Parm: bool android::QCameraHardwareInterface::native_set_parms(mm_camera_parm_type_t, uint16_t, void*) : type : 12 Value : 3
02-25 15:24:47.218  1543  1543 D QCameraHWI_Parm: android::status_t android::QCameraHardwareInterface::setISOValue(const android::QCameraParameters&)
02-25 15:24:47.218  1543  1543 I QCameraHWI_Parm: ISO string : auto
02-25 15:24:47.218  1543  1543 I QCameraHWI_Parm: ISO Value : 0
02-25 15:24:47.218  1543  1543 I QCameraHWI_Parm: bool android::QCameraHardwareInterface::native_set_parms(mm_camera_parm_type_t, uint16_t, void*) : type : 22 Value : 0
02-25 15:24:47.219  1543  1543 D QCameraHWI_Parm: android::status_t android::QCameraHardwareInterface::setFocusAreas(const android::QCameraParameters&): E
02-25 15:24:47.219  1543  1543 D QCameraHWI_Parm: FocusArea[0] = (0, 0, 0, 0, 0)
02-25 15:24:47.219  1543  1543 D QCameraHWI_Parm: android::status_t android::QCameraHardwareInterface::setMeteringAreas(const android::QCameraParameters&): E
02-25 15:24:47.219  1543  1543 D QCameraHWI_Parm: MeteringArea[0] = (0, 0, 0, 0, 0)
02-25 15:24:47.219  1543  1543 D QCameraHWI_Parm: android::status_t android::QCameraHardwareInterface::setSelectableZoneAf(const android::QCameraParameters&)
02-25 15:24:47.219  1543  1543 I QCameraHWI_Parm: bool android::QCameraHardwareInterface::native_set_parms(mm_camera_parm_type_t, uint16_t, void*) : type : 18 Value : 1
02-25 15:24:47.220  1543  1543 I QCameraHWI_Parm: bool android::QCameraHardwareInterface::native_set_parms(mm_camera_parm_type_t, uint16_t, void*) : type : 49 Value : 1
02-25 15:24:47.220   665  1617 E mm-camera: config_proc_CAMERA_SET_PARM_HFR: HFR 1
02-25 15:24:47.220  1543  1543 I QCameraHWI_Parm: android::status_t android::QCameraHardwareInterface::setZSLBurstLookBack(const android::QCameraParameters&): look_back =0
02-25 15:24:47.220  1543  1543 I QCameraHWI_Parm: android::status_t android::QCameraHardwareInterface::setZSLBurstInterval(const android::QCameraParameters&): Interval =1
02-25 15:24:47.220  1543  1543 D QCameraHWI_Parm: Param mNoDisplayMode =0
02-25 15:24:47.220  1543  1543 E QCameraHWI_Parm: android::status_t android::QCameraHardwareInterface::setMobiCat(const android::QCameraParameters&):3646] prop 0 0
02-25 15:24:47.222  1543  1543 I QCameraHWI_Parm: android::status_t android::QCameraHardwareInterface::setParameters(const android::QCameraParameters&): X
02-25 15:24:47.222  1543  1543 I QCameraHWI_Parm: void android::QCameraHardwareInterface::initDefaultParameters(): X
02-25 15:24:47.222  1543  1543 I QCameraHWI: Mymode Preview = 5
02-25 15:24:47.222  1543  1543 D QCameraHWI_Preview: android::QCameraStream_preview::QCameraStream_preview(int, camera_mode_t): E
02-25 15:24:47.222  1543  1543 D QCameraHWI_Preview: android::QCameraStream_preview::QCameraStream_preview(int, camera_mode_t): X
02-25 15:24:47.223  1543  1543 E mm-libcamera2: mm_camera_ch_util_reg_buf_cb: Trying to register
02-25 15:24:47.223  1543  1543 E mm-libcamera2: mm_camera_ch_util_reg_buf_cb: Done register
02-25 15:24:47.223  1543  1543 I QCameraHWI: Mymode Record = 5
02-25 15:24:47.223  1543  1543 I QCameraHWI: Mymode Snap = 5
02-25 15:24:47.223  1543  1543 V         : android::QCameraStream_Snapshot::QCameraStream_Snapshot(int, camera_mode_t): E
02-25 15:24:47.225  1543  1543 I mm-still-omx: OMX_GetHandle: E
02-25 15:24:47.225  1543  1543 I mm-still-omx: getLibName: cnt =0 componentName=OMX.qcom.image.jpeg.encoder, libName=libimage-jpeg-enc-omx-comp.so
02-25 15:24:47.225  1543  1543 I mm-still-omx: getLibName: libName=libimage-jpeg-enc-omx-comp.so
02-25 15:24:47.237  1543  1543 I mm-still-omx: OMX_GetHandle: dlopen for libimage-jpeg-enc-omx-comp.so is successful.
02-25 15:24:47.238  1543  1543 I mm-still-omx: here address is 0xb43476c1 
02-25 15:24:47.238  1543  1543 I mm-still-omx: OMX_GetHandle: dlopen for libimage-jpeg-enc-omx-comp.so is successful.
02-25 15:24:47.238  1543  1543 V         : android::QCameraStream_Snapshot::QCameraStream_Snapshot(int, camera_mode_t): X
02-25 15:24:47.238  1543  1543 D         : virtual android::status_t android::QCameraStream_Snapshot::init(): E
02-25 15:24:47.238  1543  1543 V         : virtual android::status_t android::QCameraStream_Snapshot::init(): X
02-25 15:24:47.239  1543  1543 I QCameraHWI: Mymode Preview = 5
02-25 15:24:47.239  1543  1543 D QCameraHWI_Rdi: android::QCameraStream_Rdi::QCameraStream_Rdi(int, camera_mode_t): E
02-25 15:24:47.239  1543  1543 D QCameraHWI_Rdi: android::QCameraStream_Rdi::QCameraStream_Rdi(int, camera_mode_t): X
02-25 15:24:47.240  1543  1543 E mm-libcamera2: mm_camera_ch_util_reg_buf_cb: Trying to register
02-25 15:24:47.240  1543  1543 E mm-libcamera2: mm_camera_ch_util_reg_buf_cb: Done register
02-25 15:24:47.243  1543  1543 I QCameraHWI: QCameraHardwareInterface: X
02-25 15:24:47.243  1543  1543 I QCameraHWI: isCameraReady mCameraState 1
02-25 15:24:47.243  1543  1543 I QualcommCamera: int android::camera_device_open(const hw_module_t*, const char*, hw_device_t**):  end rc 0
02-25 15:24:47.243  1543  1543 D QualcommCamera: Qvoid android::set_CallBacks(camera_device*, camera_notify_callback, camera_data_callback, camera_data_timestamp_callback, camera_request_memory, void*): E
02-25 15:24:47.243  1543  1543 D QCameraHWI: setCallbacks: E
02-25 15:24:47.243  1543  1543 I QCameraHWI: setCallbacks: X
02-25 15:24:47.243  1543  1543 D QualcommCamera: Qchar* android::get_parameters(camera_device*): E
02-25 15:24:47.244  1543  1543 D QualcommCamera: Qvoid android::put_parameters(camera_device*, char*): E
02-25 15:24:47.255  1543  1543 I QCameraHWI:  setPreviewWindow: E mPreviewState = 0, mStreamDisplay = 0xb7cec820
02-25 15:24:47.255  1543  1543 I QCameraHWI: android::status_t android::QCameraHardwareInterface::setPreviewWindow(preview_stream_ops_t*): mPreviewWindow = 0x0xb7ce3338, mStreamDisplay = 0x0xb7cec820
02-25 15:24:47.255  1543  1543 D QCameraHWI_Preview:  setPreviewWindow: E 
02-25 15:24:47.255  1543  1543 I QCameraHWI:  setPreviewWindow : X, mPreviewState = 0
02-25 15:24:47.256  1543  1543 D QualcommCamera: Qint android::set_parameters(camera_device*, const char*): E
02-25 15:24:47.259  1543  1543 I QCameraHWI_Parm: android::status_t android::QCameraHardwareInterface::setParameters(const android::QCameraParameters&): E
02-25 15:24:47.259  1543  1543 I QCameraHWI_Parm: ZSL is enabled  0
02-25 15:24:47.259   665  1617 E mm-camera: config_proc_CAMERA_SET_CHANNEL_STREAM rc = 1, status = 1
02-25 15:24:47.260   665  1617 E mm-camera: config_proc_CAMERA_GET_CHANNEL_STREAM Channel stream info = 0 
02-25 15:24:47.260  1543  1543 I QCameraHWI_Parm: Enable Normal Power Mode
02-25 15:24:47.260  1543  1543 I QCameraHWI_Parm: android::status_t android::QCameraHardwareInterface::setPowerMode(const android::QCameraParameters&): Calling sysinfo() 
02-25 15:24:47.260  1543  1543 I QCameraHWI_Parm: android::status_t android::QCameraHardwareInterface::setPowerMode(const android::QCameraParameters&): totalram = 669904896, freeram = 331120640 
02-25 15:24:47.260  1543  1543 I QCameraHWI_Parm: android::status_t android::QCameraHardwareInterface::setPowerMode(const android::QCameraParameters&) Low power mode Disabled value = 0
02-25 15:24:47.260  1543  1543 I QCameraHWI_Parm: bool android::QCameraHardwareInterface::native_set_parms(mm_camera_parm_type_t, uint16_t, void*) : type : 81 Value : 0
02-25 15:24:47.261   665  1617 E mm-camera: config_proc_CAMERA_SET_LOW_POWER_MODE Low power mode enabled? : No 
02-25 15:24:47.261  1543  1543 I QCameraHWI_Parm: ################requested preview size 640 x 480
02-25 15:24:47.261  1543  1543 I QCameraHWI_Parm: setPreviewSize:  width: 640   heigh: 480
02-25 15:24:47.261  1543  1543 D QCameraHWI_Parm: android::status_t android::QCameraHardwareInterface::setVideoSize(const android::QCameraParameters&): E
02-25 15:24:47.261  1543  1543 I QCameraHWI_Parm: android::status_t android::QCameraHardwareInterface::setVideoSize(const android::QCameraParameters&): requested record size 1280x720
02-25 15:24:47.261  1543  1543 I QCameraHWI_Parm: android::status_t android::QCameraHardwareInterface::setVideoSize(const android::QCameraParameters&): preview dimensions: 640x480
02-25 15:24:47.261  1543  1543 I QCameraHWI_Parm: android::status_t android::QCameraHardwareInterface::setVideoSize(const android::QCameraParameters&): video dimensions: 1280x720
02-25 15:24:47.261  1543  1543 D QCameraHWI_Parm: android::status_t android::QCameraHardwareInterface::setVideoSize(const android::QCameraParameters&): X
02-25 15:24:47.261  1543  1543 D QCameraHWI_Parm: QualcommCameraHardware::setPictureSize E
02-25 15:24:47.261  1543  1543 I QCameraHWI_Parm: requested picture size 640 x 480
02-25 15:24:47.261  1543  1543 I QCameraHWI_Parm: requested jpeg thumbnail size 512 x 384
02-25 15:24:47.262  1543  1543 D QCameraHWI_Parm: setJpegQuality E
02-25 15:24:47.262  1543  1543 D QCameraHWI_Parm: setJpegQuality X
02-25 15:24:47.262  1543  1543 D QCameraHWI_Parm: android::status_t android::QCameraHardwareInterface::setEffect(const android::QCameraParameters&)
02-25 15:24:47.262  1543  1543 I QCameraHWI_Parm: Setting effect none
02-25 15:24:47.262  1543  1543 I QCameraHWI_Parm: Setting effect to lower HAL : 0
02-25 15:24:47.262  1543  1543 I QCameraHWI_Parm: native_set_parms: succeeded : 0
02-25 15:24:47.262  1543  1543 D QCameraHWI_Parm: setGpsLocation X
02-25 15:24:47.262  1543  1543 D QCameraHWI_Parm: setRotation
02-25 15:24:47.262  1543  1543 D QCameraHWI_Parm: android::status_t android::QCameraHardwareInterface::setZoom(const android::QCameraParameters&): E
02-25 15:24:47.262  1543  1543 E QCameraHWI_Parm: android::status_t android::QCameraHardwareInterface::setFaceZoom(const android::QCameraParameters&): Face Zoom Enabled Already
02-25 15:24:47.263  1543  1543 I QCameraHWI_Parm: bool android::QCameraHardwareInterface::native_set_parms(mm_camera_parm_type_t, uint16_t, void*) : type : 26 Value : 0
02-25 15:24:47.263  1543  1543 D QCameraHWI_Parm: android::status_t android::QCameraHardwareInterface::setZoom(const android::QCameraParameters&) X
02-25 15:24:47.263  1543  1543 I QCameraHWI_Parm: bool android::QCameraHardwareInterface::native_set_parms(mm_camera_parm_type_t, uint16_t, void*) : type : 16 Value : 4353
02-25 15:24:47.263  1543  1543 D QCameraHWI_Parm: android::status_t android::QCameraHardwareInterface::setMCEValue(const android::QCameraParameters&)
02-25 15:24:47.263  1543  1543 E QCameraHWI_Parm: MM_CAMERA_PARM_MCE mode is not supported for this sensor
02-25 15:24:47.264  1543  1543 D QCameraHWI_Parm: android::status_t android::QCameraHardwareInterface::setSharpness(const android::QCameraParameters&)
02-25 15:24:47.264  1543  1543 I QCameraHWI_Parm: bool android::QCameraHardwareInterface::native_set_parms(mm_camera_parm_type_t, uint16_t, void*) : type : 9 Value : 10
02-25 15:24:47.264  1543  1543 D QCameraHWI_Parm: android::status_t android::QCameraHardwareInterface::setSaturation(const android::QCameraParameters&)
02-25 15:24:47.264  1543  1543 I QCameraHWI_Parm: native_set_parms: succeeded : 0
02-25 15:24:47.265  1543  1543 D QCameraHWI_Parm: android::status_t android::QCameraHardwareInterface::setSceneMode(const android::QCameraParameters&)
02-25 15:24:47.265  1543  1543 I QCameraHWI_Parm: Scene Mode string : auto
02-25 15:24:47.265  1543  1543 I QCameraHWI_Parm: Setting Scenemode value = 0
02-25 15:24:47.265  1543  1543 I QCameraHWI_Parm: bool android::QCameraHardwareInterface::native_set_parms(mm_camera_parm_type_t, uint16_t, void*) : type : 25 Value : 0
02-25 15:24:47.265  1543  1543 D QCameraHWI_Parm: android::status_t android::QCameraHardwareInterface::setContrast(const android::QCameraParameters&) E
02-25 15:24:47.265  1543  1543 I QCameraHWI_Parm: Contrast : auto
02-25 15:24:47.265  1543  1543 D QCameraHWI_Parm: Calling Contrast set on Lower layer
02-25 15:24:47.268  1543  1543 I QCameraHWI_Parm: bool android::QCameraHardwareInterface::native_set_parms(mm_camera_parm_type_t, uint16_t, void*) : type : 10 Value : 5
02-25 15:24:47.269  1543  1543 I QCameraHWI_Parm: Lower layer returned 1
02-25 15:24:47.269  1543  1543 I QCameraHWI_Parm: setFaceDetect: off
02-25 15:24:47.269  1543  1543 I QCameraHWI_Parm: android::status_t android::QCameraHardwareInterface::setFaceDetect(const android::QCameraParameters&) Face detection value = 0, num_fd = 2
02-25 15:24:47.269  1543  1543 I QCameraHWI_Parm: bool android::QCameraHardwareInterface::native_set_parms(mm_camera_parm_type_t, uint16_t, void*) : type : 30 Value : 0
02-25 15:24:47.269  1543  1543 I QCameraHWI_Parm: bool android::QCameraHardwareInterface::native_set_parms(mm_camera_parm_type_t, uint16_t, void*) : type : 54 Value : 1
02-25 15:24:47.270  1543  1543 I QCameraHWI_Parm: Setting preview format to 1, i =0, num=4, hal_format=17
02-25 15:24:47.270  1543  1543 I QCameraHWI_Parm: Setting video format to yuv420sp
02-25 15:24:47.270  1543  1543 D QCameraHWI_Parm: android::status_t android::QCameraHardwareInterface::setSkinToneEnhancement(const android::QCameraParameters&)
02-25 15:24:47.271  1543  1543 E QCameraHWI_Parm: SkinToneEnhancement is not supported for this sensor
02-25 15:24:47.271  1543  1543 D QCameraHWI_Parm: android::status_t android::QCameraHardwareInterface::setWaveletDenoise(const android::QCameraParameters&)
02-25 15:24:47.271  1543  1543 D QCameraHWI_Parm: android::status_t android::QCameraHardwareInterface::setAntibanding(const android::QCameraParameters&)
02-25 15:24:47.271  1543  1543 I QCameraHWI_Parm: Antibanding Value : 0
02-25 15:24:47.271  1543  1543 I QCameraHWI_Parm: native_set_parms: succeeded : 0
02-25 15:24:47.272  1543  1543 I QCameraHWI_Parm: setRedeyeReduction: setting Redeye Reduction value of disable
02-25 15:24:47.272  1543  1543 I QCameraHWI_Parm: bool android::QCameraHardwareInterface::native_set_parms(mm_camera_parm_type_t, uint16_t, void*) : type : 50 Value : 0
02-25 15:24:47.272  1543  1543 I QCameraHWI_Parm: in AE-bracket setting, effect is none
02-25 15:24:47.272  1543  1543 I QCameraHWI_Parm: color effect supported
02-25 15:24:47.272  1543  1543 I QCameraHWI_Parm: android::status_t android::QCameraHardwareInterface::setAEBracket(const android::QCameraParameters&): value=0
02-25 15:24:47.272  1543  1543 I QCameraHWI_Parm: bool android::QCameraHardwareInterface::native_set_parms(mm_camera_parm_type_t, uint16_t, void*) : type : 68 Value : 0
02-25 15:24:47.274  1543  1543 I QCameraHWI_Parm: android::status_t android::QCameraHardwareInterface::setPreviewFpsRange(const android::QCameraParameters&): Existing FpsRange Values:(30000, 30000)
02-25 15:24:47.275  1543  1543 I QCameraHWI_Parm: android::status_t android::QCameraHardwareInterface::setPreviewFpsRange(const android::QCameraParameters&): Requested FpsRange Values:(30000, 30000)
02-25 15:24:47.275  1543  1543 I QCameraHWI_Parm: android::status_t android::QCameraHardwareInterface::setPreviewFpsRange(const android::QCameraParameters&): No change in FpsRange
02-25 15:24:47.275  1543  1543 I QCameraHWI_Parm: android::status_t android::QCameraHardwareInterface::setDISMode() DIS is Disabled value = 0
02-25 15:24:47.275  1543  1543 I QCameraHWI_Parm: bool android::QCameraHardwareInterface::native_set_parms(mm_camera_parm_type_t, uint16_t, void*) : type : 76 Value : 0
02-25 15:24:47.275   665  1617 E mm-camera: config_proc_CAMERA_SET_DIS_ENABLE: DIS Enabled? : No 
02-25 15:24:47.275  1543  1543 I QCameraHWI_Parm: android::status_t android::QCameraHardwareInterface::setFullLiveshot() Full size liveshot Disabled value = 0
02-25 15:24:47.276  1543  1543 I QCameraHWI_Parm: bool android::QCameraHardwareInterface::native_set_parms(mm_camera_parm_type_t, uint16_t, void*) : type : 75 Value : 0
02-25 15:24:47.276   665  1617 E mm-camera: config_proc_CAMERA_SET_FULL_LIVESHOT rc = 1, status = 1, Full Liveshot enabled? : No 
02-25 15:24:47.276  1543  1543 I QCameraHWI_Parm: int android::QCameraHardwareInterface::getNumOfSnapshots(const android::QCameraParameters&): prop enable/disable = 0
02-25 15:24:47.277  1543  1543 I QCameraHWI_Parm: number of snapshots = 1
02-25 15:24:47.277  1543  1543 I QCameraHWI_Parm: bool android::QCameraHardwareInterface::native_set_parms(mm_camera_parm_type_t, uint16_t, void*) : type : 64 Value : 1
02-25 15:24:47.277  1543  1543 D QCameraHWI_Parm: android::status_t android::QCameraHardwareInterface::setAecAwbLock(const android::QCameraParameters&) : E
02-25 15:24:47.277  1543  1543 I QCameraHWI_Parm: bool android::QCameraHardwareInterface::native_set_parms(mm_camera_parm_type_t, uint16_t, void*) : type : 77 Value : 0
02-25 15:24:47.277  1543  1543 I QCameraHWI_Parm: bool android::QCameraHardwareInterface::native_set_parms(mm_camera_parm_type_t, uint16_t, void*) : type : 78 Value : 0
02-25 15:24:47.278  1543  1543 D QCameraHWI_Parm: android::status_t android::QCameraHardwareInterface::setAecAwbLock(const android::QCameraParameters&) : X
02-25 15:24:47.278  1543  1543 D QCameraHWI_Parm: android::status_t android::QCameraHardwareInterface::setPreviewFrameRate(const android::QCameraParameters&): E
02-25 15:24:47.278  1543  1543 D QCameraHWI_Parm: android::status_t android::QCameraHardwareInterface::setPreviewFrameRate(const android::QCameraParameters&): X
02-25 15:24:47.278  1543  1543 D QCameraHWI_Parm: android::status_t android::QCameraHardwareInterface::setAutoExposure(const android::QCameraParameters&)
02-25 15:24:47.278  1543  1543 I QCameraHWI_Parm: bool android::QCameraHardwareInterface::native_set_parms(mm_camera_parm_type_t, uint16_t, void*) : type : 8 Value : 0
02-25 15:24:47.282   665  1617 E mm-camera: config_proc_CAMERA_SET_PARM_HFR: HFR 1
02-25 15:24:47.292   665  1617 E mm-camera: config_shutdown_pp Camera not in streaming mode. Returning. 
02-25 15:24:47.434  1543  1543 I QCameraHWI: ~QCameraHardwareInterface: X
02-25 15:24:47.436  1543  1543 I CameraFlashlight: Opening camera 1
02-25 15:24:47.436  1543  1543 D QualcommCamera: Qint android::get_camera_info(int, camera_info*): E
02-25 15:24:47.436  1543  1543 D QCameraHAL: void android::HAL_getCameraInfo(int, android::CameraInfo*): E
02-25 15:24:47.436  1543  1543 D QualcommCamera: Qint android::get_camera_info(int, camera_info*): X
02-25 15:24:47.436  1543  1543 I QCameraHWI: QCameraHardwareInterface: E
02-25 15:24:47.436  1543  1543 I QCameraHWI: Init mPreviewState = 0
02-25 15:24:47.585   665  1660 E mm-camera: kernel returned ov2675
02-25 15:24:47.585   665  1660 E mm-camera: compare failed ov2675
02-25 15:24:47.593  1543  1543 E mm-libcamera2: mm_camera_open:  ctrl_fd = 6
02-25 15:24:47.593  1543  1543 E mm-libcamera2: Errno:11
02-25 15:24:47.593  1543  1543 E mm-libcamera2: mm_camera_open:  opened, break out while loop
02-25 15:24:47.593  1543  1543 E mm-libcamera2: mm_camera_open:  after while loop
02-25 15:24:47.593  1543  1543 E mm-libcamera2: mm_camera_open:  2
02-25 15:24:47.593  1543  1543 E mm-libcamera2: mm_camera_open:  ds_fd = 7
02-25 15:24:47.593  1543  1543 E mm-libcamera2: Errno:11
02-25 15:24:47.593  1543  1543 E mm-libcamera2: mm_camera_open:  opened, break out while loop
02-25 15:24:47.594  1543  1543 E mm-libcamera2: mm_camera_open:  after while loop for domain socket open
02-25 15:24:47.597   665  1660 F libc    : Fatal signal 11 (SIGSEGV), code 1, fault addr 0x8 in tid 1660 (mm-qcamera-daem)
02-25 15:24:47.598   221   221 I DEBUG   : property debug.db.uid not set; NOT waiting for gdb.
02-25 15:24:47.598   221   221 I DEBUG   : HINT: adb shell setprop debug.db.uid 100000
02-25 15:24:47.598   221   221 I DEBUG   : HINT: adb forward tcp:5039 tcp:5039
02-25 15:24:47.702   221   221 F DEBUG   : *** *** *** *** *** *** *** *** *** *** *** *** *** *** *** ***
02-25 15:24:47.702   221   221 F DEBUG   : Build fingerprint: 'innos/cm_i6/i6:6.0.1/MMB29U/6db917b104:userdebug/test-keys'
02-25 15:24:47.703   221   221 F DEBUG   : Revision: '0'
02-25 15:24:47.703   221   221 F DEBUG   : ABI: 'arm'
02-25 15:24:47.704   221   221 F DEBUG   : pid: 665, tid: 1660, name: mm-qcamera-daem  >>> /system/bin/mm-qcamera-daemon <<<
02-25 15:24:47.704   221   221 F DEBUG   : signal 11 (SIGSEGV), code 1 (SEGV_MAPERR), fault addr 0x8
02-25 15:24:47.720   221   221 F DEBUG   :     r0 b8579460  r1 b6be7f20  r2 00000000  r3 00000000
02-25 15:24:47.720   221   221 F DEBUG   :     r4 b6be7f14  r5 b6f10861  r6 00000000  r7 b859c808
02-25 15:24:47.720   221   221 F DEBUG   :     r8 b858a008  r9 00000000  sl 00000003  fp 00000002
02-25 15:24:47.720   221   221 F DEBUG   :     ip b859c808  sp b6be7ef0  lr b6f1086b  pc b6f108ac  cpsr 800f0030
02-25 15:24:47.760   221   221 F DEBUG   : 
02-25 15:24:47.760   221   221 F DEBUG   : backtrace:
02-25 15:24:47.760   221   221 F DEBUG   :     #00 pc 0005b8ac  /system/lib/liboemcamera.so
02-25 15:24:47.763   221   221 F DEBUG   :     #01 pc 0004500f  /system/lib/liboemcamera.so
02-25 15:24:47.763   221   221 F DEBUG   :     #02 pc 00045caf  /system/lib/liboemcamera.so (config_proc_native_ctrl_cmd+378)
